Component: ARM Compiler 5.06 update 4 (build 422) Tool: armlink [4d35d2]

==============================================================================

Section Cross References

    startup_stm32f105xc.o(STACK) refers (Special) to heapauxi.o(.text) for __use_two_region_memory
    startup_stm32f105xc.o(HEAP) refers (Special) to heapauxi.o(.text) for __use_two_region_memory
    startup_stm32f105xc.o(RESET) refers (Special) to heapauxi.o(.text) for __use_two_region_memory
    startup_stm32f105xc.o(RESET) refers to startup_stm32f105xc.o(STACK) for __initial_sp
    startup_stm32f105xc.o(RESET) refers to startup_stm32f105xc.o(.text) for Reset_Handler
    startup_stm32f105xc.o(RESET) refers to stm32f1xx_it.o(i.NMI_Handler) for NMI_Handler
    startup_stm32f105xc.o(RESET) refers to stm32f1xx_it.o(i.HardFault_Handler) for HardFault_Handler
    startup_stm32f105xc.o(RESET) refers to stm32f1xx_it.o(i.MemManage_Handler) for MemManage_Handler
    startup_stm32f105xc.o(RESET) refers to stm32f1xx_it.o(i.BusFault_Handler) for BusFault_Handler
    startup_stm32f105xc.o(RESET) refers to stm32f1xx_it.o(i.UsageFault_Handler) for UsageFault_Handler
    startup_stm32f105xc.o(RESET) refers to stm32f1xx_it.o(i.SVC_Handler) for SVC_Handler
    startup_stm32f105xc.o(RESET) refers to stm32f1xx_it.o(i.DebugMon_Handler) for DebugMon_Handler
    startup_stm32f105xc.o(RESET) refers to stm32f1xx_it.o(i.PendSV_Handler) for PendSV_Handler
    startup_stm32f105xc.o(RESET) refers to stm32f1xx_it.o(i.SysTick_Handler) for SysTick_Handler
    startup_stm32f105xc.o(RESET) refers to refree.o(i.DMA1_Channel6_IRQHandler) for DMA1_Channel6_IRQHandler
    startup_stm32f105xc.o(RESET) refers to stm32f1xx_it.o(i.DMA1_Channel7_IRQHandler) for DMA1_Channel7_IRQHandler
    startup_stm32f105xc.o(RESET) refers to stm32f1xx_it.o(i.CAN1_RX0_IRQHandler) for CAN1_RX0_IRQHandler
    startup_stm32f105xc.o(RESET) refers to stm32f1xx_it.o(i.CAN1_RX1_IRQHandler) for CAN1_RX1_IRQHandler
    startup_stm32f105xc.o(RESET) refers to stm32f1xx_it.o(i.TIM1_UP_IRQHandler) for TIM1_UP_IRQHandler
    startup_stm32f105xc.o(RESET) refers to stm32f1xx_it.o(i.TIM2_IRQHandler) for TIM2_IRQHandler
    startup_stm32f105xc.o(RESET) refers to stm32f1xx_it.o(i.TIM3_IRQHandler) for TIM3_IRQHandler
    startup_stm32f105xc.o(RESET) refers to stm32f1xx_it.o(i.CAN2_RX0_IRQHandler) for CAN2_RX0_IRQHandler
    startup_stm32f105xc.o(RESET) refers to stm32f1xx_it.o(i.CAN2_RX1_IRQHandler) for CAN2_RX1_IRQHandler
    startup_stm32f105xc.o(.text) refers (Special) to heapauxi.o(.text) for __use_two_region_memory
    startup_stm32f105xc.o(.text) refers to system_stm32f1xx.o(i.SystemInit) for SystemInit
    startup_stm32f105xc.o(.text) refers to __main.o(!!!main) for __main
    startup_stm32f105xc.o(.text) refers to startup_stm32f105xc.o(HEAP) for Heap_Mem
    startup_stm32f105xc.o(.text) refers to startup_stm32f105xc.o(STACK) for Stack_Mem
    main.o(i.SystemClock_Config) refers to rt_memclr_w.o(.text) for __aeabi_memclr4
    main.o(i.SystemClock_Config) refers to stm32f1xx_hal_rcc.o(i.HAL_RCC_OscConfig) for HAL_RCC_OscConfig
    main.o(i.SystemClock_Config) refers to main.o(i.Error_Handler) for Error_Handler
    main.o(i.SystemClock_Config) refers to stm32f1xx_hal_rcc.o(i.HAL_RCC_ClockConfig) for HAL_RCC_ClockConfig
    main.o(i.canTX) refers to stm32f1xx_hal_can.o(i.HAL_CAN_AddTxMessage) for HAL_CAN_AddTxMessage
    main.o(i.canTX) refers to can.o(.bss) for hcan1
    main.o(i.main) refers to stm32f1xx_hal.o(i.HAL_Init) for HAL_Init
    main.o(i.main) refers to main.o(i.SystemClock_Config) for SystemClock_Config
    main.o(i.main) refers to gpio.o(i.MX_GPIO_Init) for MX_GPIO_Init
    main.o(i.main) refers to dma.o(i.MX_DMA_Init) for MX_DMA_Init
    main.o(i.main) refers to can.o(i.MX_CAN1_Init) for MX_CAN1_Init
    main.o(i.main) refers to can.o(i.MX_CAN2_Init) for MX_CAN2_Init
    main.o(i.main) refers to tim.o(i.MX_TIM3_Init) for MX_TIM3_Init
    main.o(i.main) refers to tim.o(i.MX_TIM1_Init) for MX_TIM1_Init
    main.o(i.main) refers to usart.o(i.MX_USART2_UART_Init) for MX_USART2_UART_Init
    main.o(i.main) refers to tim.o(i.MX_TIM2_Init) for MX_TIM2_Init
    main.o(i.main) refers to can_bsp.o(i.platform_filtter_config_setting) for platform_filtter_config_setting
    main.o(i.main) refers to stm32f1xx_hal_can.o(i.HAL_CAN_Start) for HAL_CAN_Start
    main.o(i.main) refers to stm32f1xx_hal_can.o(i.HAL_CAN_ActivateNotification) for HAL_CAN_ActivateNotification
    main.o(i.main) refers to sw_control_task.o(i.SW_control_task_init) for SW_control_task_init
    main.o(i.main) refers to stm32f1xx_hal_tim.o(i.HAL_TIM_Base_Start_IT) for HAL_TIM_Base_Start_IT
    main.o(i.main) refers to stm32f1xx_hal_tim.o(i.HAL_TIM_PWM_Start) for HAL_TIM_PWM_Start
    main.o(i.main) refers to can.o(.bss) for hcan1
    main.o(i.main) refers to tim.o(.bss) for htim1
    gpio.o(i.MX_GPIO_Init) refers to stm32f1xx_hal_gpio.o(i.HAL_GPIO_WritePin) for HAL_GPIO_WritePin
[...]
    __set_errno                              0x08000467   Thumb Code    12  _rserrno.o(.text)
    __aeabi_errno_addr                       0x08000475   Thumb Code     8  rt_errno_addr_intlibspace.o(.text)
    __errno$intlibspace                      0x08000475   Thumb Code     0  rt_errno_addr_intlibspace.o(.text)
    __rt_errno_addr$intlibspace              0x08000475   Thumb Code     0  rt_errno_addr_intlibspace.o(.text)
    __user_libspace                          0x0800047d   Thumb Code     8  libspace.o(.text)
    __user_perproc_libspace                  0x0800047d   Thumb Code     0  libspace.o(.text)
    __user_perthread_libspace                0x0800047d   Thumb Code     0  libspace.o(.text)
    __user_setup_stackheap                   0x08000485   Thumb Code    74  sys_stackheap_outer.o(.text)
    exit                                     0x080004cf   Thumb Code    18  exit.o(.text)
    _sys_exit                                0x080004e1   Thumb Code     8  sys_exit.o(.text)
    __I$use$semihosting                      0x080004ed   Thumb Code     0  use_no_semi.o(.text)
    __use_no_semihosting_swi                 0x080004ed   Thumb Code     2  use_no_semi.o(.text)
    __semihosting_library_function           0x080004ef   Thumb Code     0  indicate_semi.o(.text)
    Alive_Tect                               0x080004f1   Thumb Code   124  steering_wheel.o(i.Alive_Tect)
    BusFault_Handler                         0x08000575   Thumb Code     4  stm32f1xx_it.o(i.BusFault_Handler)
    CAN1_RX0_IRQHandler                      0x08000579   Thumb Code    10  stm32f1xx_it.o(i.CAN1_RX0_IRQHandler)
    CAN1_RX1_IRQHandler                      0x08000589   Thumb Code    10  stm32f1xx_it.o(i.CAN1_RX1_IRQHandler)
    CAN2_RX0_IRQHandler                      0x08000599   Thumb Code    10  stm32f1xx_it.o(i.CAN2_RX0_IRQHandler)
    CAN2_RX1_IRQHandler                      0x080005a9   Thumb Code    10  stm32f1xx_it.o(i.CAN2_RX1_IRQHandler)
    DMA1_Channel6_IRQHandler                 0x080005b9   Thumb Code    68  refree.o(i.DMA1_Channel6_IRQHandler)
    DMA1_Channel7_IRQHandler                 0x08000615   Thumb Code    10  stm32f1xx_it.o(i.DMA1_Channel7_IRQHandler)
    DebugMon_Handler                         0x08000651   Thumb Code     2  stm32f1xx_it.o(i.DebugMon_Handler)
    Error_Handler                            0x08000653   Thumb Code     6  main.o(i.Error_Handler)
    Filter                                   0x08000659   Thumb Code    74  steering_wheel.o(i.Filter)
    Filter_Fourier_Init                      0x080006a9   Thumb Code  1248  steering_wheel.o(i.Filter_Fourier_Init)
    Get_CRC16_Check_Sum                      0x08000b89   Thumb Code    46  algorithmofcrc.o(i.Get_CRC16_Check_Sum)
    Get_CRC8_Check_Sum                       0x08000bbd   Thumb Code    30  algorithmofcrc.o(i.Get_CRC8_Check_Sum)
    HAL_CAN_ActivateNotification             0x08000be1   Thumb Code    42  stm32f1xx_hal_can.o(i.HAL_CAN_ActivateNotification)
    HAL_CAN_AddTxMessage                     0x08000c0b   Thumb Code   330  stm32f1xx_hal_can.o(i.HAL_CAN_AddTxMessage)
    HAL_CAN_ConfigFilter                     0x08000d55   Thumb Code   286  stm32f1xx_hal_can.o(i.HAL_CAN_ConfigFilter)
    HAL_CAN_ErrorCallback                    0x08000e79   Thumb Code     2  stm32f1xx_hal_can.o(i.HAL_CAN_ErrorCallback)
    HAL_CAN_GetRxMessage                     0x08000e7b   Thumb Code   404  stm32f1xx_hal_can.o(i.HAL_CAN_GetRxMessage)
    HAL_CAN_GetTxMailboxesFreeLevel          0x0800100f   Thumb Code    54  stm32f1xx_hal_can.o(i.HAL_CAN_GetTxMailboxesFreeLevel)
    HAL_CAN_IRQHandler                       0x08001045   Thumb Code   590  stm32f1xx_hal_can.o(i.HAL_CAN_IRQHandler)
    HAL_CAN_Init                             0x08001293   Thumb Code   372  stm32f1xx_hal_can.o(i.HAL_CAN_Init)
    HAL_CAN_MspInit                          0x08001409   Thumb Code   380  can.o(i.HAL_CAN_MspInit)
    HAL_CAN_RxFifo0FullCallback              0x0800159d   Thumb Code     2  stm32f1xx_hal_can.o(i.HAL_CAN_RxFifo0FullCallback)
    HAL_CAN_RxFifo0MsgPendingCallback        0x080015a1   Thumb Code   206  can_bsp.o(i.HAL_CAN_RxFifo0MsgPendingCallback)
    HAL_CAN_RxFifo1FullCallback              0x08001691   Thumb Code     2  stm32f1xx_hal_can.o(i.HAL_CAN_RxFifo1FullCallback)
    HAL_CAN_RxFifo1MsgPendingCallback        0x08001695   Thumb Code   104  can_bsp.o(i.HAL_CAN_RxFifo1MsgPendingCallback)
    HAL_CAN_SleepCallback                    0x08001711   Thumb Code     2  stm32f1xx_hal_can.o(i.HAL_CAN_SleepCallback)
    HAL_CAN_Start                            0x08001713   Thumb Code    94  stm32f1xx_hal_can.o(i.HAL_CAN_Start)
    HAL_CAN_TxMailbox0AbortCallback          0x08001771   Thumb Code     2  stm32f1xx_hal_can.o(i.HAL_CAN_TxMailbox0AbortCallback)
    HAL_CAN_TxMailbox0CompleteCallback       0x08001773   Thumb Code     2  stm32f1xx_hal_can.o(i.HAL_CAN_TxMailbox0CompleteCallback)
    HAL_CAN_TxMailbox1AbortCallback          0x08001775   Thumb Code     2  stm32f1xx_hal_can.o(i.HAL_CAN_TxMailbox1AbortCallback)
    HAL_CAN_TxMailbox1CompleteCallback       0x08001777   Thumb Code     2  stm32f1xx_hal_can.o(i.HAL_CAN_TxMailbox1CompleteCallback)
    HAL_CAN_TxMailbox2AbortCallback          0x08001779   Thumb Code     2  stm32f1xx_hal_can.o(i.HAL_CAN_TxMailbox2AbortCallback)
    HAL_CAN_TxMailbox2CompleteCallback       0x0800177b   Thumb Code     2  stm32f1xx_hal_can.o(i.HAL_CAN_TxMailbox2CompleteCallback)
    HAL_CAN_WakeUpFromRxMsgCallback          0x0800177d   Thumb Code     2  stm32f1xx_hal_can.o(i.HAL_CAN_WakeUpFromRxMsgCallback)
    HAL_DMA_Abort                            0x0800177f   Thumb Code    86  stm32f1xx_hal_dma.o(i.HAL_DMA_Abort)
    HAL_DMA_GetState                         0x080017d5   Thumb Code     8  stm32f1xx_hal_dma.o(i.HAL_DMA_GetState)
    HAL_DMA_IRQHandler                       0x080017dd   Thumb Code   910  stm32f1xx_hal_dma.o(i.HAL_DMA_IRQHandler)
    HAL_DMA_Init                             0x08001b75   Thumb Code   132  stm32f1xx_hal_dma.o(i.HAL_DMA_Init)
    HAL_DMA_Start_IT                         0x08001c01   Thumb Code   156  stm32f1xx_hal_dma.o(i.HAL_DMA_Start_IT)
    HAL_GPIO_Init                            0x08001c9d   Thumb Code   766  stm32f1xx_hal_gpio.o(i.HAL_GPIO_Init)
    HAL_GPIO_WritePin                        0x08001fbd   Thumb Code    12  stm32f1xx_hal_gpio.o(i.HAL_GPIO_WritePin)
    HAL_GetTick                              0x08001fc9   Thumb Code     6  stm32f1xx_hal.o(i.HAL_GetTick)
    HAL_IncTick                              0x08001fd5   Thumb Code    16  stm32f1xx_hal.o(i.HAL_IncTick)
    HAL_Init                                 0x08001fed   Thumb Code    34  stm32f1xx_hal.o(i.HAL_Init)
    HAL_InitTick                             0x08002015   Thumb Code    64  stm32f1xx_hal.o(i.HAL_InitTick)
    HAL_MspInit                              0x08002061   Thumb Code    76  stm32f1xx_hal_msp.o(i.HAL_MspInit)
    HAL_NVIC_EnableIRQ                       0x080020b5   Thumb Code    32  stm32f1xx_hal_cortex.o(i.HAL_NVIC_EnableIRQ)
    HAL_NVIC_SetPriority                     0x080020d5   Thumb Code   124  stm32f1xx_hal_cortex.o(i.HAL_NVIC_SetPriority)
    HAL_NVIC_SetPriorityGrouping             0x08002151   Thumb Code    32  stm32f1xx_hal_cortex.o(i.HAL_NVIC_SetPriorityGrouping)
    HAL_RCC_ClockConfig                      0x08002179   Thumb Code   376  stm32f1xx_hal_rcc.o(i.HAL_RCC_ClockConfig)
    HAL_RCC_GetHCLKFreq                      0x08002305   Thumb Code     6  stm32f1xx_hal_rcc.o(i.HAL_RCC_GetHCLKFreq)
    HAL_RCC_GetPCLK1Freq                     0x08002311   Thumb Code    22  stm32f1xx_hal_rcc.o(i.HAL_RCC_GetPCLK1Freq)
    HAL_RCC_GetPCLK2Freq                     0x08002331   Thumb Code    22  stm32f1xx_hal_rcc.o(i.HAL_RCC_GetPCLK2Freq)
    HAL_RCC_GetSysClockFreq                  0x08002351   Thumb Code   210  stm32f1xx_hal_rcc.o(i.HAL_RCC_GetSysClockFreq)
    HAL_RCC_OscConfig                        0x08002439   Thumb Code  1378  stm32f1xx_hal_rcc.o(i.HAL_RCC_OscConfig)
    HAL_SYSTICK_Config                       0x080029a5   Thumb Code    52  stm32f1xx_hal_cortex.o(i.HAL_SYSTICK_Config)
    HAL_TIMEx_BreakCallback                  0x080029d9   Thumb Code     2  stm32f1xx_hal_tim_ex.o(i.HAL_TIMEx_BreakCallback)
    HAL_TIMEx_CommutCallback                 0x080029db   Thumb Code     2  stm32f1xx_hal_tim_ex.o(i.HAL_TIMEx_CommutCallback)
    HAL_TIMEx_ConfigBreakDeadTime            0x080029dd   Thumb Code   116  stm32f1xx_hal_tim_ex.o(i.HAL_TIMEx_ConfigBreakDeadTime)
    HAL_TIMEx_MasterConfigSynchronization    0x08002a51   Thumb Code   126  stm32f1xx_hal_tim_ex.o(i.HAL_TIMEx_MasterConfigSynchronization)
    HAL_TIM_Base_Init                        0x08002ae1   Thumb Code   102  stm32f1xx_hal_tim.o(i.HAL_TIM_Base_Init)
    HAL_TIM_Base_MspInit                     0x08002b49   Thumb Code   166  tim.o(i.HAL_TIM_Base_MspInit)
    HAL_TIM_Base_Start_IT                    0x08002bfd   Thumb Code   114  stm32f1xx_hal_tim.o(i.HAL_TIM_Base_Start_IT)
    HAL_TIM_ConfigClockSource                0x08002c81   Thumb Code   268  stm32f1xx_hal_tim.o(i.HAL_TIM_ConfigClockSource)
    HAL_TIM_IC_CaptureCallback               0x08002d8d   Thumb Code     2  stm32f1xx_hal_tim.o(i.HAL_TIM_IC_CaptureCallback)
    HAL_TIM_IRQHandler                       0x08002d8f   Thumb Code   406  stm32f1xx_hal_tim.o(i.HAL_TIM_IRQHandler)
    HAL_TIM_MspPostInit                      0x08002f25   Thumb Code    74  tim.o(i.HAL_TIM_MspPostInit)
    HAL_TIM_OC_DelayElapsedCallback          0x08002f7d   Thumb Code     2  stm32f1xx_hal_tim.o(i.HAL_TIM_OC_DelayElapsedCallback)
    HAL_TIM_PWM_ConfigChannel                0x08002f7f   Thumb Code   260  stm32f1xx_hal_tim.o(i.HAL_TIM_PWM_ConfigChannel)
    HAL_TIM_PWM_Init                         0x08003083   Thumb Code   102  stm32f1xx_hal_tim.o(i.HAL_TIM_PWM_Init)
    HAL_TIM_PWM_MspInit                      0x080030e9   Thumb Code     2  stm32f1xx_hal_tim.o(i.HAL_TIM_PWM_MspInit)
    HAL_TIM_PWM_PulseFinishedCallback        0x080030eb   Thumb Code     2  stm32f1xx_hal_tim.o(i.HAL_TIM_PWM_PulseFinishedCallback)
    HAL_TIM_PWM_Start                        0x080030ed   Thumb Code   206  stm32f1xx_hal_tim.o(i.HAL_TIM_PWM_Start)
    HAL_TIM_PWM_Stop                         0x080031cd   Thumb Code   152  stm32f1xx_hal_tim.o(i.HAL_TIM_PWM_Stop)
    HAL_TIM_PeriodElapsedCallback            0x08003269   Thumb Code   112  task_scheduler.o(i.HAL_TIM_PeriodElapsedCallback)
    HAL_TIM_TriggerCallback                  0x080032ed   Thumb Code     2  stm32f1xx_hal_tim.o(i.HAL_TIM_TriggerCallback)
    HAL_UARTEx_RxEventCallback               0x080032ef   Thumb Code     2  stm32f1xx_hal_uart.o(i.HAL_UARTEx_RxEventCallback)
    HAL_UART_DMAStop                         0x080032f1   Thumb Code   138  stm32f1xx_hal_uart.o(i.HAL_UART_DMAStop)
    HAL_UART_ErrorCallback                   0x0800337b   Thumb Code     2  stm32f1xx_hal_uart.o(i.HAL_UART_ErrorCallback)
    HAL_UART_Init                            0x0800337d   Thumb Code   118  stm32f1xx_hal_uart.o(i.HAL_UART_Init)
    HAL_UART_MspInit                         0x080033f5   Thumb Code   230  usart.o(i.HAL_UART_MspInit)
    HAL_UART_Receive_DMA                     0x080034f5   Thumb Code    44  stm32f1xx_hal_uart.o(i.HAL_UART_Receive_DMA)
    HAL_UART_RxCpltCallback                  0x08003521   Thumb Code     2  stm32f1xx_hal_uart.o(i.HAL_UART_RxCpltCallback)
    HAL_UART_RxHalfCpltCallback              0x08003523   Thumb Code     2  stm32f1xx_hal_uart.o(i.HAL_UART_RxHalfCpltCallback)
    HardFault_Handler                        0x08003525   Thumb Code    80  stm32f1xx_it.o(i.HardFault_Handler)
    JudgeBuffReceive                         0x08003579   Thumb Code   444  refree.o(i.JudgeBuffReceive)
    M3508_Init                               0x08003749   Thumb Code    30  m3508.o(i.M3508_Init)
    M3508_command_transmit                   0x08003775   Thumb Code   230  m3508_bsp.o(i.M3508_command_transmit)
    M3508_feedback_handler                   0x0800385d   Thumb Code    36  m3508.o(i.M3508_feedback_handler)
    M3508_feedback_process                   0x08003885   Thumb Code   298  m3508_bsp.o(i.M3508_feedback_process)
    M3508_from_lsb_to_position_deg           0x080039b1   Thumb Code    28  m3508_bsp.o(i.M3508_from_lsb_to_position_deg)
    M3508_from_lsb_to_position_rad           0x080039d5   Thumb Code    58  m3508_bsp.o(i.M3508_from_lsb_to_position_rad)
    M3508_from_lsb_to_torque_current         0x08003a1d   Thumb Code    30  m3508_bsp.o(i.M3508_from_lsb_to_torque_current)
    M3508_from_torque_current_to_torque      0x08003a41   Thumb Code    34  m3508_bsp.o(i.M3508_from_torque_current_to_torque)
    M3508_gear_command_transmit              0x08003a69   Thumb Code    22  m3508_gear_bsp.o(i.M3508_gear_command_transmit)
    M3508_gear_feedback_handler              0x08003a7f   Thumb Code    36  m3508_gear.o(i.M3508_gear_feedback_handler)
    M3508_gear_feedback_process              0x08003aa5   Thumb Code   228  m3508_gear_bsp.o(i.M3508_gear_feedback_process)
    M3508_gear_parameter_init                0x08003b91   Thumb Code    36  m3508_gear.o(i.M3508_gear_parameter_init)
    M3508_gear_set_torque_current_lsb        0x08003bb5   Thumb Code    50  m3508_gear.o(i.M3508_gear_set_torque_current_lsb)
    M3508_set_single_motor_current           0x08003be9   Thumb Code    64  m3508.o(i.M3508_set_single_motor_current)
    MX_CAN1_Init                             0x08003c2d   Thumb Code    60  can.o(i.MX_CAN1_Init)
    MX_CAN2_Init                             0x08003c71   Thumb Code    60  can.o(i.MX_CAN2_Init)
    MX_DMA_Init                              0x08003cb5   Thumb Code    64  dma.o(i.MX_DMA_Init)
    MX_GPIO_Init                             0x08003cf9   Thumb Code   130  gpio.o(i.MX_GPIO_Init)
    MX_TIM1_Init                             0x08003d85   Thumb Code   208  tim.o(i.MX_TIM1_Init)
    MX_TIM2_Init                             0x08003e5d   Thumb Code   102  tim.o(i.MX_TIM2_Init)
    MX_TIM3_Init                             0x08003ec9   Thumb Code   100  tim.o(i.MX_TIM3_Init)
    MX_USART2_UART_Init                      0x08003f35   Thumb Code    72  usart.o(i.MX_USART2_UART_Init)
    Math_Sinc                                0x08003f89   Thumb Code   108  steering_wheel.o(i.Math_Sinc)
    MemManage_Handler                        0x08003ff5   Thumb Code     4  stm32f1xx_it.o(i.MemManage_Handler)
    My_atan                                  0x08003ff9   Thumb Code   140  steering_communication.o(i.My_atan)
    NMI_Handler                              0x08004095   Thumb Code     4  stm32f1xx_it.o(i.NMI_Handler)
    PID_Controller                           0x08004099   Thumb Code    88  pid_regulator.o(i.PID_Controller)
    PID_HandleInit                           0x080040f1   Thumb Code    20  pid_regulator.o(i.PID_HandleInit)
    PI_Controller                            0x08004105   Thumb Code   158  pid_regulator.o(i.PI_Controller)
    PendSV_Handler                           0x080041a9   Thumb Code     2  stm32f1xx_it.o(i.PendSV_Handler)
    SVC_Handler                              0x080041d5   Thumb Code     2  stm32f1xx_it.o(i.SVC_Handler)
    SW_control_task                          0x080041d9   Thumb Code    30  sw_control_task.o(i.SW_control_task)
    SW_control_task_init                     0x08004201   Thumb Code    56  sw_control_task.o(i.SW_control_task_init)
    Sqrt                                     0x08004241   Thumb Code   122  chassis_power_control.o(i.Sqrt)
    Steering_CheckHandleLegitimacy           0x080042c1   Thumb Code    30  steering_wheel.o(i.Steering_CheckHandleLegitimacy)
    Steering_Communication_SubscribeList_Init 0x080042e5   Thumb Code    14  steering_communication.o(i.Steering_Communication_SubscribeList_Init)
    Steering_FindSteeringHandle_via_CANID    0x080042f9   Thumb Code    36  steering_wheel.o(i.Steering_FindSteeringHandle_via_CANID)
    Steering_HandleListAdd                   0x08004321   Thumb Code    44  steering_wheel.o(i.Steering_HandleListAdd)
    Steering_Wheel_CommandTransmit           0x08004351   Thumb Code    64  steering_wheel.o(i.Steering_Wheel_CommandTransmit)
    Steering_Wheel_CommandUpdate             0x08004391   Thumb Code    20  steering_wheel.o(i.Steering_Wheel_CommandUpdate)
    Steering_Wheel_HandleInit                0x080043a5   Thumb Code   214  steering_wheel.o(i.Steering_Wheel_HandleInit)
    Steering_Wheel_MotorAndEncoderFeedbackUpdate 0x080044a1   Thumb Code   136  steering_wheel.o(i.Steering_Wheel_MotorAndEncoderFeedbackUpdate)
    Steering_Wheel_MotorAndEncoderStatusUpdate 0x0800452d   Thumb Code    98  steering_wheel.o(i.Steering_Wheel_MotorAndEncoderStatusUpdate)
    Steering_Wheel_MotorCommandUpdate        0x08004591   Thumb Code   428  steering_wheel.o(i.Steering_Wheel_MotorCommandUpdate)
    Steering_Wheel_PID_HandleInit            0x08004759   Thumb Code   194  steering_wheel.o(i.Steering_Wheel_PID_HandleInit)
    Steering_Wheel_PartCommandUpdate         0x0800481b   Thumb Code    16  steering_wheel.o(i.Steering_Wheel_PartCommandUpdate)
    Steering_Wheel_PartStatusUpdate          0x0800482b   Thumb Code    34  steering_wheel.o(i.Steering_Wheel_PartStatusUpdate)
    Steering_Wheel_SetProtocolArcMode        0x0800484d   Thumb Code    30  steering_wheel.o(i.Steering_Wheel_SetProtocolArcMode)
    Steering_Wheel_SetProtocolDegMode        0x0800486b   Thumb Code    30  steering_wheel.o(i.Steering_Wheel_SetProtocolDegMode)
    Steering_Wheel_SetProtocolPosition       0x08004889   Thumb Code    10  steering_wheel.o(i.Steering_Wheel_SetProtocolPosition)
    Steering_Wheel_SetProtocolSpeed          0x08004893   Thumb Code    10  steering_wheel.o(i.Steering_Wheel_SetProtocolSpeed)
    Steering_Wheel_StatusUpdate              0x0800489d   Thumb Code    38  steering_wheel.o(i.Steering_Wheel_StatusUpdate)
    SysTick_Handler                          0x080048c3   Thumb Code     8  stm32f1xx_it.o(i.SysTick_Handler)
    SystemClock_Config                       0x080048cd   Thumb Code   116  main.o(i.SystemClock_Config)
    SystemInit                               0x08004945   Thumb Code     2  system_stm32f1xx.o(i.SystemInit)
    TIM1_UP_IRQHandler                       0x08004949   Thumb Code    10  stm32f1xx_it.o(i.TIM1_UP_IRQHandler)
    TIM2_IRQHandler                          0x08004959   Thumb Code    10  stm32f1xx_it.o(i.TIM2_IRQHandler)
    TIM3_IRQHandler                          0x08004969   Thumb Code    10  stm32f1xx_it.o(i.TIM3_IRQHandler)
    TIM_Base_SetConfig                       0x08004979   Thumb Code   116  stm32f1xx_hal_tim.o(i.TIM_Base_SetConfig)
    TIM_CCxChannelCmd                        0x080049fd   Thumb Code    34  stm32f1xx_hal_tim.o(i.TIM_CCxChannelCmd)
    TIM_ETR_SetConfig                        0x08004a1f   Thumb Code    22  stm32f1xx_hal_tim.o(i.TIM_ETR_SetConfig)
    TIM_OC2_SetConfig                        0x08004aa9   Thumb Code   100  stm32f1xx_hal_tim.o(i.TIM_OC2_SetConfig)
    UART_Start_Receive_DMA                   0x08004ec5   Thumb Code   186  stm32f1xx_hal_uart.o(i.UART_Start_Receive_DMA)
    UsageFault_Handler                       0x08004f8d   Thumb Code     4  stm32f1xx_it.o(i.UsageFault_Handler)
    Verify_CRC16_Check_Sum                   0x08004f91   Thumb Code    60  algorithmofcrc.o(i.Verify_CRC16_Check_Sum)
    Verify_CRC8_Check_Sum                    0x08004fd1   Thumb Code    46  algorithmofcrc.o(i.Verify_CRC8_Check_Sum)
    __ARM_fpclassify                         0x08004fff   Thumb Code    40  fpclassify.o(i.__ARM_fpclassify)
    __ieee754_rem_pio2                       0x08005061   Thumb Code   828  rred.o(i.__ieee754_rem_pio2)
    __kernel_cos                             0x080053e9   Thumb Code   230  cos_i.o(i.__kernel_cos)
    __kernel_poly                            0x080054e5   Thumb Code   170  poly.o(i.__kernel_poly)
    __kernel_sin                             0x08005591   Thumb Code   224  sin_i.o(i.__kernel_sin)
    __mathlib_dbl_infnan                     0x0800567d   Thumb Code     6  dunder.o(i.__mathlib_dbl_infnan)
    __mathlib_dbl_infnan2                    0x08005683   Thumb Code     4  dunder.o(i.__mathlib_dbl_infnan2)
    __mathlib_dbl_invalid                    0x08005687   Thumb Code    12  dunder.o(i.__mathlib_dbl_invalid)
    __mathlib_dbl_underflow                  0x08005695   Thumb Code    10  dunder.o(i.__mathlib_dbl_underflow)
    atan                                     0x080056a5   Thumb Code   474  atan.o(i.atan)
    atan2                                    0x080058c5   Thumb Code   346  atan2.o(i.atan2)
    briter_encoder_Init                      0x08005a45   Thumb Code    30  briter_encoder.o(i.briter_encoder_Init)
    briter_encoder_command_transmit          0x08005a75   Thumb Code    28  briter_encoder_bsp.o(i.briter_encoder_command_transmit)
    briter_encoder_feedback_handler          0x08005a91   Thumb Code    22  briter_encoder.o(i.briter_encoder_feedback_handler)
    briter_encoder_feedback_process          0x08005aa7   Thumb Code    50  briter_encoder_bsp.o(i.briter_encoder_feedback_process)
    briter_encoder_parameter_init            0x08005ad9   Thumb Code    22  briter_encoder.o(i.briter_encoder_parameter_init)
    briter_encoder_request_tatal_angle       0x08005af1   Thumb Code    44  briter_encoder.o(i.briter_encoder_request_tatal_angle)
    buzzer_handleInit                        0x08005b21   Thumb Code    38  buzzer.o(i.buzzer_handleInit)
    buzzer_init_example                      0x08005b55   Thumb Code    62  buzzer.o(i.buzzer_init_example)
    buzzer_on                                0x08005ba1   Thumb Code    14  stm32f1xx_it.o(i.buzzer_on)
    buzzer_setTask                           0x08005bb5   Thumb Code    18  buzzer.o(i.buzzer_setTask)
    calculate_torque_current_according_to_scaled_power 0x08005bc9   Thumb Code   492  chassis_power_control.o(i.calculate_torque_current_according_to_scaled_power)
    calculate_total_power                    0x08005de5   Thumb Code    80  chassis_power_control.o(i.calculate_total_power)
    calculate_true_power                     0x08005e39   Thumb Code    44  chassis_power_control.o(i.calculate_true_power)
    can_filter_set                           0x08005e65   Thumb Code   194  can_bsp.o(i.can_filter_set)
    expert_power_calculate                   0x08005f29   Thumb Code   456  chassis_power_control.o(i.expert_power_calculate)
    limit_power_data_unpack                  0x08006119   Thumb Code    26  chassis_power_control.o(i.limit_power_data_unpack)
    main                                     0x08006135   Thumb Code   122  main.o(i.main)
    platform_filtter_config_setting          0x080061c5   Thumb Code   158  can_bsp.o(i.platform_filtter_config_setting)
    sign                                     0x08006389   Thumb Code    22  chassis_power_control.o(i.sign)
    sin                                      0x080063a1   Thumb Code   150  sin.o(i.sin)
    sqrtf                                    0x08006441   Thumb Code    44  sqrtf.o(i.sqrtf)
    steering_communication_ADD_SUBSCRIBE_VALUE_handler 0x0800646d   Thumb Code   202  steering_communication.o(i.steering_communication_ADD_SUBSCRIBE_VALUE_handler)
    steering_communication_CHECK_SUBSCRIBE_LIST_handler 0x0800653d   Thumb Code    56  steering_communication.o(i.steering_communication_CHECK_SUBSCRIBE_LIST_handler)
    steering_communication_DELETE_SUBSCRIBED_VALUE_handler 0x08006579   Thumb Code   128  steering_communication.o(i.steering_communication_DELETE_SUBSCRIBED_VALUE_handler)
    steering_communication_GET_PID_PARAMETER_handler 0x080065fd   Thumb Code   224  steering_communication.o(i.steering_communication_GET_PID_PARAMETER_handler)
    steering_communication_GET_PID_PARAMETER_term_handler 0x080066dd   Thumb Code   152  steering_communication.o(i.steering_communication_GET_PID_PARAMETER_term_handler)
    steering_communication_SET_DISABLE_OPERATION_MODE_handler 0x08006775   Thumb Code    66  steering_communication.o(i.steering_communication_SET_DISABLE_OPERATION_MODE_handler)
    steering_communication_SET_ENABLE_OPERATION_MODE_handler 0x080067b7   Thumb Code    66  steering_communication.o(i.steering_communication_SET_ENABLE_OPERATION_MODE_handler)
    steering_communication_SET_PID_PARAMETER_handler 0x080067f9   Thumb Code   144  steering_communication.o(i.steering_communication_SET_PID_PARAMETER_handler)
    steering_communication_SET_PID_PARAMETER_term_handler 0x08006889   Thumb Code    86  steering_communication.o(i.steering_communication_SET_PID_PARAMETER_term_handler)
    steering_communication_SET_VELOCITY_VECTOR_handler 0x080068e1   Thumb Code    90  steering_communication.o(i.steering_communication_SET_VELOCITY_VECTOR_handler)
    steering_communication_SubscirbeList_CheckAvailable 0x08006941   Thumb Code    32  steering_communication.o(i.steering_communication_SubscirbeList_CheckAvailable)
    steering_communication_SubscirbeList_CheckRepeatability 0x08006961   Thumb Code    36  steering_communication.o(i.steering_communication_SubscirbeList_CheckRepeatability)
    steering_communication_SubscribeList_TryDelete 0x08006985   Thumb Code    52  steering_communication.o(i.steering_communication_SubscribeList_TryDelete)
    steering_communication_SubscribeList_TryIncert 0x080069b9   Thumb Code   146  steering_communication.o(i.steering_communication_SubscribeList_TryIncert)
    steering_communication_Subscribe_GetValueAdd 0x08006a4b   Thumb Code    48  steering_communication.o(i.steering_communication_Subscribe_GetValueAdd)
    steering_communication_init              0x08006a7d   Thumb Code    40  steering_communication.o(i.steering_communication_init)
    steering_communication_receive_unpack    0x08006ab5   Thumb Code    36  steering_communication_bsp.o(i.steering_communication_receive_unpack)
    steering_communication_rx_handler        0x08006ad9   Thumb Code   508  steering_communication.o(i.steering_communication_rx_handler)
    steering_communication_transmit          0x08006cdd   Thumb Code    36  steering_communication_bsp.o(i.steering_communication_transmit)
    steering_wheel_dataprocess               0x08006d01   Thumb Code   262  steering_communication.o(i.steering_wheel_dataprocess)
    steering_wheel_feedback_handler          0x08006e2d   Thumb Code    16  steering_communication.o(i.steering_wheel_feedback_handler)
    wheel_data_init                          0x08006e3d   Thumb Code    28  chassis_power_control.o(i.wheel_data_init)
    wheel_data_pack                          0x08006e59   Thumb Code    28  chassis_power_control.o(i.wheel_data_pack)
    wheel_data_send                          0x08006e79   Thumb Code    34  chassis_power_control.o(i.wheel_data_send)
    wheel_data_unpack                        0x08006ea1   Thumb Code    12  chassis_power_control.o(i.wheel_data_unpack)
    __aeabi_d2f                              0x08006ead   Thumb Code     0  d2f.o(x$fpl$d2f)
    _d2f                                     0x08006ead   Thumb Code    98  d2f.o(x$fpl$d2f)
    __aeabi_dadd                             0x08006f11   Thumb Code     0  daddsub_clz.o(x$fpl$dadd)
    _dadd                                    0x08006f11   Thumb Code   332  daddsub_clz.o(x$fpl$dadd)
    __fpl_dcheck_NaN1                        0x08007061   Thumb Code    10  dcheck1.o(x$fpl$dcheck1)
    __fpl_dcmp_Inf                           0x08007071   Thumb Code    24  dcmpi.o(x$fpl$dcmpinf)
    __aeabi_ddiv                             0x08007089   Thumb Code     0  ddiv.o(x$fpl$ddiv)
    _ddiv                                    0x08007089   Thumb Code   552  ddiv.o(x$fpl$ddiv)
    __aeabi_cdcmpeq                          0x08007339   Thumb Code     0  deqf.o(x$fpl$deqf)
    _dcmpeq                                  0x08007339   Thumb Code   120  deqf.o(x$fpl$deqf)
    __aeabi_d2iz                             0x080073b1   Thumb Code     0  dfix.o(x$fpl$dfix)
    _dfix                                    0x080073b1   Thumb Code    94  dfix.o(x$fpl$dfix)
    __aeabi_i2d                              0x0800740f   Thumb Code     0  dflt_clz.o(x$fpl$dflt)
    _dflt                                    0x0800740f   Thumb Code    46  dflt_clz.o(x$fpl$dflt)
    __aeabi_ui2d                             0x0800743d   Thumb Code     0  dflt_clz.o(x$fpl$dfltu)
    _dfltu                                   0x0800743d   Thumb Code    38  dflt_clz.o(x$fpl$dfltu)
    __aeabi_cdcmple                          0x08007465   Thumb Code     0  dleqf.o(x$fpl$dleqf)
    _dcmple                                  0x08007465   Thumb Code   120  dleqf.o(x$fpl$dleqf)
    __fpl_dcmple_InfNaN                      0x080074c7   Thumb Code     0  dleqf.o(x$fpl$dleqf)
    __aeabi_dmul                             0x080074dd   Thumb Code     0  dmul.o(x$fpl$dmul)
    _dmul                                    0x080074dd   Thumb Code   332  dmul.o(x$fpl$dmul)
    __fpl_dnaninf                            0x08007631   Thumb Code   156  dnaninf.o(x$fpl$dnaninf)
    __fpl_dretinf                            0x080076cd   Thumb Code    12  dretinf.o(x$fpl$dretinf)
    __aeabi_cdrcmple                         0x080076d9   Thumb Code     0  drleqf.o(x$fpl$drleqf)
    _drcmple                                 0x080076d9   Thumb Code   108  drleqf.o(x$fpl$drleqf)
    __aeabi_drsub                            0x08007745   Thumb Code     0  daddsub_clz.o(x$fpl$drsb)
    _drsb                                    0x08007745   Thumb Code    22  daddsub_clz.o(x$fpl$drsb)
    __aeabi_dsub                             0x0800775d   Thumb Code     0  daddsub_clz.o(x$fpl$dsub)
    _dsub                                    0x0800775d   Thumb Code   464  daddsub_clz.o(x$fpl$dsub)
    __aeabi_f2d                              0x08007931   Thumb Code     0  f2d.o(x$fpl$f2d)
    _f2d                                     0x08007931   Thumb Code    86  f2d.o(x$fpl$f2d)
    __aeabi_fadd                             0x08007989   Thumb Code     0  faddsub_clz.o(x$fpl$fadd)
    _fadd                                    0x08007989   Thumb Code   196  faddsub_clz.o(x$fpl$fadd)
    __fpl_fcmp_Inf                           0x08007a4d   Thumb Code    24  fcmpi.o(x$fpl$fcmpinf)
    __aeabi_fdiv                             0x08007a65   Thumb Code     0  fdiv.o(x$fpl$fdiv)
    _fdiv                                    0x08007a65   Thumb Code   384  fdiv.o(x$fpl$fdiv)
    __aeabi_cfcmpeq                          0x08007be9   Thumb Code     0  feqf.o(x$fpl$feqf)
    _fcmpeq                                  0x08007be9   Thumb Code   104  feqf.o(x$fpl$feqf)
    __aeabi_f2iz                             0x08007c51   Thumb Code     0  ffix.o(x$fpl$ffix)
    _ffix                                    0x08007c51   Thumb Code    54  ffix.o(x$fpl$ffix)
    __aeabi_f2uiz                            0x08007c89   Thumb Code     0  ffixu.o(x$fpl$ffixu)
    _ffixu                                   0x08007c89   Thumb Code    62  ffixu.o(x$fpl$ffixu)
    __aeabi_i2f                              0x08007cc9   Thumb Code     0  fflt_clz.o(x$fpl$fflt)
    _fflt                                    0x08007cc9   Thumb Code    48  fflt_clz.o(x$fpl$fflt)
    __aeabi_ui2f                             0x08007cf9   Thumb Code     0  fflt_clz.o(x$fpl$ffltu)
    _ffltu                                   0x08007cf9   Thumb Code    38  fflt_clz.o(x$fpl$ffltu)
    __aeabi_cfcmple                          0x08007d21   Thumb Code     0  fleqf.o(x$fpl$fleqf)
    _fcmple                                  0x08007d21   Thumb Code   104  fleqf.o(x$fpl$fleqf)
    __fpl_fcmple_InfNaN                      0x08007d73   Thumb Code     0  fleqf.o(x$fpl$fleqf)
    __aeabi_fmul                             0x08007d89   Thumb Code     0  fmul.o(x$fpl$fmul)
    _fmul                                    0x08007d89   Thumb Code   258  fmul.o(x$fpl$fmul)
    __fpl_fnaninf                            0x08007e8b   Thumb Code   140  fnaninf.o(x$fpl$fnaninf)
    __fpl_fretinf                            0x08007f17   Thumb Code    10  fretinf.o(x$fpl$fretinf)
    __aeabi_cfrcmple                         0x08007f21   Thumb Code     0  frleqf.o(x$fpl$frleqf)
    _frcmple                                 0x08007f21   Thumb Code    98  frleqf.o(x$fpl$frleqf)
    __aeabi_frsub                            0x08007f83   Thumb Code     0  faddsub_clz.o(x$fpl$frsb)
    _frsb                                    0x08007f83   Thumb Code    20  faddsub_clz.o(x$fpl$frsb)
    _fsqrt                                   0x08007f99   Thumb Code   272  fsqrt.o(x$fpl$fsqrt)
    __aeabi_fsub                             0x080080a9   Thumb Code     0  faddsub_clz.o(x$fpl$fsub)
    _fsub                                    0x080080a9   Thumb Code   234  faddsub_clz.o(x$fpl$fsub)
    __fpl_return_NaN                         0x08008193   Thumb Code   100  retnan.o(x$fpl$retnan)
    __ARM_scalbn                             0x080081f7   Thumb Code    92  scalbn.o(x$fpl$scalbn)
    __fpl_cmpreturn                          0x08008253   Thumb Code    48  trapv.o(x$fpl$trapveneer)
    __I$use$fp                               0x08008282   Number         0  usenofp.o(x$fpl$usenofp)
    AHBPrescTable                            0x080082a0   Data          16  system_stm32f1xx.o(.constdata)
    APBPrescTable                            0x080082b0   Data           8  system_stm32f1xx.o(.constdata)
    CRC8_INIT                                0x080082b8   Data           1  algorithmofcrc.o(.constdata)
    CRC8_TAB                                 0x080082b9   Data         256  algorithmofcrc.o(.constdata)
    wCRC_Table                               0x080083ba   Data         512  algorithmofcrc.o(.constdata)
    __mathlib_zero                           0x08008688   Data           8  qnan.o(.constdata)
    Region$$Table$$Base                      0x08008780   Number         0  anon$$obj.o(Region$$Table)
    Region$$Table$$Limit                     0x080087a0   Number         0  anon$$obj.o(Region$$Table)
    uwTick                                   0x20000004   Data           4  stm32f1xx_hal.o(.data)
    uwTickPrio                               0x20000008   Data           4  stm32f1xx_hal.o(.data)
    uwTickFreq                               0x2000000c   Data           1  stm32f1xx_hal.o(.data)
    SystemCoreClock                          0x20000010   Data           4  system_stm32f1xx.o(.data)
    ms_count                                 0x20000014   Data           4  task_scheduler.o(.data)
    s_count                                  0x20000018   Data           4  task_scheduler.o(.data)
    total_count                              0x2000001c   Data           4  task_scheduler.o(.data)
    bsp_flag                                 0x20000024   Data           4  can_bsp.o(.data)
    M3508_pTxMailbox                         0x20000028   Data           4  m3508.o(.data)
    M3508_ctx                                0x2000002c   Data           8  m3508.o(.data)
    briter_encoder_pTxMailbox                0x20000034   Data           4  briter_encoder.o(.data)
    briter_encoder_ctx                       0x20000038   Data           8  briter_encoder.o(.data)
    test_Frequency_Low                       0x20000040   Data           4  steering_wheel.o(.data)
    testt                                    0x20000044   Data           2  steering_wheel.o(.data)
    test_pos                                 0x20000046   Data           2  steering_wheel.o(.data)
    test_pos_now                             0x20000048   Data           2  steering_wheel.o(.data)
    test_torque_low_pass                     0x2000004a   Data           2  steering_wheel.o(.data)
    steering_communication_pTxMailbox        0x2000004c   Data           4  steering_communication.o(.data)
    steering_communication_ctx               0x20000050   Data           8  steering_communication.o(.data)
    a_1                                      0x20000058   Data           1  steering_communication.o(.data)
    a_2                                      0x20000059   Data           1  steering_communication.o(.data)
    fill_cnt                                 0x2000005a   Data           1  steering_communication.o(.data)
    theta                                    0x2000005c   Data           4  steering_communication.o(.data)
    CRC_INIT                                 0x20000060   Data           2  algorithmofcrc.o(.data)
    Last_chassisPower                        0x20000064   Data           4  refree.o(.data)
    SampleTick                               0x20000068   Data           4  refree.o(.data)
    SampleCount                              0x2000006c   Data           4  refree.o(.data)
    Last_SampleTick                          0x20000070   Data           4  refree.o(.data)
    delt_Tick                                0x20000074   Data           4  refree.o(.data)
    Less60                                   0x20000078   Data           4  refree.o(.data)
    Less100                                  0x2000007c   Data           4  refree.o(.data)
    From100_200                              0x20000080   Data           4  refree.o(.data)
    More200                                  0x20000084   Data           4  refree.o(.data)
    TickCount                                0x20000088   Data           1  refree.o(.data)
    receivePower                             0x2000008a   Data           2  refree.o(.data)
    hcan1                                    0x2000008c   Data          40  can.o(.bss)
    hcan2                                    0x200000b4   Data          40  can.o(.bss)
    htim1                                    0x200000dc   Data          72  tim.o(.bss)
    htim2                                    0x20000124   Data          72  tim.o(.bss)
    htim3                                    0x2000016c   Data          72  tim.o(.bss)
    rx_buffer                                0x200001b4   Data          90  usart.o(.bss)
    huart2                                   0x20000210   Data          72  usart.o(.bss)
    hdma_usart2_rx                           0x20000258   Data          68  usart.o(.bss)
    hdma_usart2_tx                           0x2000029c   Data          68  usart.o(.bss)
    steering_wheel                           0x200002e0   Data         628  sw_control_task.o(.bss)
    M3508_bus_1                              0x20000554   Data         400  m3508.o(.bss)
    M3508_bus_2                              0x200006e4   Data         400  m3508.o(.bss)
    M3508_CAN_TxHeaderStruct                 0x20000874   Data          24  m3508.o(.bss)
    briter_encoder_CAN_TxHeaderStruct        0x2000088c   Data          24  briter_encoder.o(.bss)
    briter_encoder                           0x200008a4   Data          48  briter_encoder.o(.bss)
    record_data_exp_speed                    0x200008d4   Data         200  steering_wheel.o(.bss)
    record_data_act_speed                    0x2000099c   Data         200  steering_wheel.o(.bss)
    record_data_exp_torque                   0x20000a64   Data         200  steering_wheel.o(.bss)
    Fourier_Filter                           0x20000b2c   Data         444  steering_wheel.o(.bss)
    steering_handle_list                     0x20000ce8   Data          32  steering_wheel.o(.bss)
    wheel_communication                      0x20000d08   Data         160  steering_communication.o(.bss)
    steering_communication_CAN_TxHeaderStruct 0x20000da8   Data          24  steering_communication.o(.bss)
    steering_communication_subscribe_list    0x20000dc0   Data         192  steering_communication.o(.bss)
    chassis_power_control                    0x20000e80   Data          32  chassis_power_control.o(.bss)
    wheel_data                               0x20000ea0   Data         160  chassis_power_control.o(.bss)
    buzzer                                   0x20000f40   Data          36  buzzer.o(.bss)
    SaveBuffer                               0x20000f64   Data          90  refree.o(.bss)
    JudgeReceive                             0x20000fc0   Data          44  refree.o(.bss)
    JudgeReceiveBuffer                       0x20000fec   Data          45  refree.o(.bss)
    __libspace_start                         0x2000101c   Data          96  libspace.o(.bss)
    __temporary_stack_top$libspace           0x2000107c   Data           0  libspace.o(.bss)



==============================================================================

Memory Map of the image

  Image Entry point : 0x08000151

  Load Region LR_IROM1 (Base: 0x08000000, Size: 0x0000882c, Max: 0x00040000, ABSOLUTE)

    Execution Region ER_IROM1 (Exec base: 0x08000000, Load base: 0x08000000, Size: 0x000087a0, Max: 0x00040000, ABSOLUTE)

    Exec Addr    Load Addr    Size         Type   Attr      Idx    E Section Name        Object

    0x08000000   0x08000000   0x00000150   Data   RO            3    RESET               startup_stm32f105xc.o
    0x08000150   0x08000150   0x00000008   Code   RO        10281  * !!!main             c_w.l(__main.o)
    0x08000158   0x08000158   0x00000034   Code   RO        10719    !!!scatter          c_w.l(__scatter.o)
    0x0800018c   0x0800018c   0x0000001a   Code   RO        10721    !!handler_copy      c_w.l(__scatter_copy.o)
    0x080001a6   0x080001a6   0x00000002   PAD
    0x080001a8   0x080001a8   0x0000001c   Code   RO        10723    !!handler_zi        c_w.l(__scatter_zi.o)
    0x080001c4   0x080001c4   0x00000002   Code   RO        10588    .ARM.Collect$$libinit$$00000000  c_w.l(libinit.o)
    0x080001c6   0x080001c6   0x00000000   Code   RO        10600    .ARM.Collect$$libinit$$00000002  c_w.l(libinit2.o)
    0x080001c6   0x080001c6   0x00000000   Code   RO        10602    .ARM.Collect$$libinit$$00000004  c_w.l(libinit2.o)
    0x080001c6   0x080001c6   0x00000000   Code   RO        10605    .ARM.Collect$$libinit$$0000000A  c_w.l(libinit2.o)
    0x080001c6   0x080001c6   0x00000000   Code   RO        10607    .ARM.Collect$$libinit$$0000000C  c_w.l(libinit2.o)
    0x080001c6   0x080001c6   0x00000000   Code   RO        10609    .ARM.Collect$$libinit$$0000000E  c_w.l(libinit2.o)
    0x080001c6   0x080001c6   0x00000000   Code   RO        10612    .ARM.Collect$$libinit$$00000011  c_w.l(libinit2.o)
    0x080001c6   0x080001c6   0x00000000   Code   RO        10614    .ARM.Collect$$libinit$$00000013  c_w.l(libinit2.o)
    0x080001c6   0x080001c6   0x00000000   Code   RO        10616    .ARM.Collect$$libinit$$00000015  c_w.l(libinit2.o)
    0x080001c6   0x080001c6   0x00000000   Code   RO        10618    .ARM.Collect$$libinit$$00000017  c_w.l(libinit2.o)
    0x080001c6   0x080001c6   0x00000000   Code   RO        10620    .ARM.Collect$$libinit$$00000019  c_w.l(libinit2.o)
    0x080001c6   0x080001c6   0x00000000   Code   RO        10622    .ARM.Collect$$libinit$$0000001B  c_w.l(libinit2.o)
    0x080001c6   0x080001c6   0x00000000   Code   RO        10624    .ARM.Collect$$libinit$$0000001D  c_w.l(libinit2.o)
    0x080001c6   0x080001c6   0x00000000   Code   RO        10626    .ARM.Collect$$libinit$$0000001F  c_w.l(libinit2.o)
    0x080001c6   0x080001c6   0x00000000   Code   RO        10628    .ARM.Collect$$libinit$$00000021  c_w.l(libinit2.o)
    0x080001c6   0x080001c6   0x00000000   Code   RO        10630    .ARM.Collect$$libinit$$00000023  c_w.l(libinit2.o)
    0x080001c6   0x080001c6   0x00000000   Code   RO        10632    .ARM.Collect$$libinit$$00000025  c_w.l(libinit2.o)
    0x080001c6   0x080001c6   0x00000000   Code   RO        10636    .ARM.Collect$$libinit$$0000002C  c_w.l(libinit2.o)
    0x080001c6   0x080001c6   0x00000000   Code   RO        10638    .ARM.Collect$$libinit$$0000002E  c_w.l(libinit2.o)
    0x080001c6   0x080001c6   0x00000000   Code   RO        10640    .ARM.Collect$$libinit$$00000030  c_w.l(libinit2.o)
    0x080001c6   0x080001c6   0x00000000   Code   RO        10642    .ARM.Collect$$libinit$$00000032  c_w.l(libinit2.o)
    0x080001c6   0x080001c6   0x00000002   Code   RO        10643    .ARM.Collect$$libinit$$00000033  c_w.l(libinit2.o)
    0x080001c8   0x080001c8   0x00000002   Code   RO        10676    .ARM.Collect$$libshutdown$$00000000  c_w.l(libshutdown.o)
    0x080001ca   0x080001ca   0x00000000   Code   RO        10702    .ARM.Collect$$libshutdown$$00000002  c_w.l(libshutdown2.o)
    0x080001ca   0x080001ca   0x00000000   Code   RO        10704    .ARM.Collect$$libshutdown$$00000004  c_w.l(libshutdown2.o)
    0x080001ca   0x080001ca   0x00000000   Code   RO        10707    .ARM.Collect$$libshutdown$$00000007  c_w.l(libshutdown2.o)
    0x080001ca   0x080001ca   0x00000000   Code   RO        10710    .ARM.Collect$$libshutdown$$0000000A  c_w.l(libshutdown2.o)
    0x080001ca   0x080001ca   0x00000000   Code   RO        10712    .ARM.Collect$$libshutdown$$0000000C  c_w.l(libshutdown2.o)
    0x080001ca   0x080001ca   0x00000000   Code   RO        10715    .ARM.Collect$$libshutdown$$0000000F  c_w.l(libshutdown2.o)
    0x080001ca   0x080001ca   0x00000002   Code   RO        10716    .ARM.Collect$$libshutdown$$00000010  c_w.l(libshutdown2.o)
    0x080001cc   0x080001cc   0x00000000   Code   RO        10455    .ARM.Collect$$rtentry$$00000000  c_w.l(__rtentry.o)
    0x080001cc   0x080001cc   0x00000000   Code   RO        10547    .ARM.Collect$$rtentry$$00000002  c_w.l(__rtentry2.o)
    0x080001cc   0x080001cc   0x00000006   Code   RO        10559    .ARM.Collect$$rtentry$$00000004  c_w.l(__rtentry4.o)
    0x080001d2   0x080001d2   0x00000000   Code   RO        10549    .ARM.Collect$$rtentry$$00000009  c_w.l(__rtentry2.o)
    0x080001d2   0x080001d2   0x00000004   Code   RO        10550    .ARM.Collect$$rtentry$$0000000A  c_w.l(__rtentry2.o)
    0x080001d6   0x080001d6   0x00000000   Code   RO        10552    .ARM.Collect$$rtentry$$0000000C  c_w.l(__rtentry2.o)
    0x080001d6   0x080001d6   0x00000008   Code   RO        10553    .ARM.Collect$$rtentry$$0000000D  c_w.l(__rtentry2.o)
    0x080001de   0x080001de   0x00000002   Code   RO        10591    .ARM.Collect$$rtexit$$00000000  c_w.l(rtexit.o)
    0x080001e0   0x080001e0   0x00000000   Code   RO        10649    .ARM.Collect$$rtexit$$00000002  c_w.l(rtexit2.o)
    0x080001e0   0x080001e0   0x00000004   Code   RO        10650    .ARM.Collect$$rtexit$$00000003  c_w.l(rtexit2.o)
    0x080001e4   0x080001e4   0x00000006   Code   RO        10651    .ARM.Collect$$rtexit$$00000004  c_w.l(rtexit2.o)
    0x080001ea   0x080001ea   0x00000002   PAD
    0x080001ec   0x080001ec   0x00000040   Code   RO            4    .text               startup_stm32f105xc.o
    0x0800022c   0x0800022c   0x000000ee   Code   RO        10261    .text               c_w.l(lludivv7m.o)
    0x0800031a   0x0800031a   0x0000008a   Code   RO        10271    .text               c_w.l(rt_memcpy_v6.o)
    0x080003a4   0x080003a4   0x00000064   Code   RO        10273    .text               c_w.l(rt_memcpy_w.o)
    0x08000408   0x08000408   0x0000004e   Code   RO        10277    .text               c_w.l(rt_memclr_w.o)
    0x08000456   0x08000456   0x00000006   Code   RO        10279    .text               c_w.l(heapauxi.o)
    0x0800045c   0x0800045c   0x00000016   Code   RO        10460    .text               c_w.l(_rserrno.o)
    0x08000472   0x08000472   0x00000002   PAD
    0x08000474   0x08000474   0x00000008   Code   RO        10566    .text               c_w.l(rt_errno_addr_intlibspace.o)
    0x0800047c   0x0800047c   0x00000008   Code   RO        10572    .text               c_w.l(libspace.o)
    0x08000484   0x08000484   0x0000004a   Code   RO        10575    .text               c_w.l(sys_stackheap_outer.o)
    0x080004ce   0x080004ce   0x00000012   Code   RO        10577    .text               c_w.l(exit.o)
    0x080004e0   0x080004e0   0x0000000c   Code   RO        10646    .text               c_w.l(sys_exit.o)
    0x080004ec   0x080004ec   0x00000002   Code   RO        10665    .text               c_w.l(use_no_semi.o)
    0x080004ee   0x080004ee   0x00000000   Code   RO        10667    .text               c_w.l(indicate_semi.o)
    0x080004ee   0x080004ee   0x00000002   PAD
    0x080004f0   0x080004f0   0x00000084   Code   RO         4019    i.Alive_Tect        steering_wheel.o
    0x08000574   0x08000574   0x00000004   Code   RO          477    i.BusFault_Handler  stm32f1xx_it.o
    0x08000578   0x08000578   0x00000010   Code   RO          478    i.CAN1_RX0_IRQHandler  stm32f1xx_it.o
    0x08000588   0x08000588   0x00000010   Code   RO          479    i.CAN1_RX1_IRQHandler  stm32f1xx_it.o
    0x08000598   0x08000598   0x00000010   Code   RO          480    i.CAN2_RX0_IRQHandler  stm32f1xx_it.o
    0x080005a8   0x080005a8   0x00000010   Code   RO          481    i.CAN2_RX1_IRQHandler  stm32f1xx_it.o
    0x080005b8   0x080005b8   0x0000005c   Code   RO         4652    i.DMA1_Channel6_IRQHandler  refree.o
    0x08000614   0x08000614   0x00000010   Code   RO          482    i.DMA1_Channel7_IRQHandler  stm32f1xx_it.o
    0x08000624   0x08000624   0x0000002c   Code   RO         1313    i.DMA_SetConfig     stm32f1xx_hal_dma.o
    0x08000650   0x08000650   0x00000002   Code   RO          483    i.DebugMon_Handler  stm32f1xx_it.o
    0x08000652   0x08000652   0x00000006   Code   RO           13    i.Error_Handler     main.o
    0x08000658   0x08000658   0x00000050   Code   RO         4020    i.Filter            steering_wheel.o
    0x080006a8   0x080006a8   0x000004e0   Code   RO         4021    i.Filter_Fourier_Init  steering_wheel.o
    0x08000b88   0x08000b88   0x00000034   Code   RO         4596    i.Get_CRC16_Check_Sum  algorithmofcrc.o
    0x08000bbc   0x08000bbc   0x00000024   Code   RO         4597    i.Get_CRC8_Check_Sum  algorithmofcrc.o
    0x08000be0   0x08000be0   0x0000002a   Code   RO          671    i.HAL_CAN_ActivateNotification  stm32f1xx_hal_can.o
    0x08000c0a   0x08000c0a   0x0000014a   Code   RO          672    i.HAL_CAN_AddTxMessage  stm32f1xx_hal_can.o
    0x08000d54   0x08000d54   0x00000124   Code   RO          673    i.HAL_CAN_ConfigFilter  stm32f1xx_hal_can.o
    0x08000e78   0x08000e78   0x00000002   Code   RO          676    i.HAL_CAN_ErrorCallback  stm32f1xx_hal_can.o
    0x08000e7a   0x08000e7a   0x00000194   Code   RO          679    i.HAL_CAN_GetRxMessage  stm32f1xx_hal_can.o
    0x0800100e   0x0800100e   0x00000036   Code   RO          681    i.HAL_CAN_GetTxMailboxesFreeLevel  stm32f1xx_hal_can.o
    0x08001044   0x08001044   0x0000024e   Code   RO          683    i.HAL_CAN_IRQHandler  stm32f1xx_hal_can.o
    0x08001292   0x08001292   0x00000174   Code   RO          684    i.HAL_CAN_Init      stm32f1xx_hal_can.o
    0x08001406   0x08001406   0x00000002   PAD
    0x08001408   0x08001408   0x00000194   Code   RO          302    i.HAL_CAN_MspInit   can.o
    0x0800159c   0x0800159c   0x00000002   Code   RO          691    i.HAL_CAN_RxFifo0FullCallback  stm32f1xx_hal_can.o
    0x0800159e   0x0800159e   0x00000002   PAD
    0x080015a0   0x080015a0   0x000000f0   Code   RO         3546    i.HAL_CAN_RxFifo0MsgPendingCallback  can_bsp.o
    0x08001690   0x08001690   0x00000002   Code   RO          693    i.HAL_CAN_RxFifo1FullCallback  stm32f1xx_hal_can.o
    0x08001692   0x08001692   0x00000002   PAD
    0x08001694   0x08001694   0x0000007c   Code   RO         3547    i.HAL_CAN_RxFifo1MsgPendingCallback  can_bsp.o
    0x08001710   0x08001710   0x00000002   Code   RO          695    i.HAL_CAN_SleepCallback  stm32f1xx_hal_can.o
    0x08001712   0x08001712   0x0000005e   Code   RO          696    i.HAL_CAN_Start     stm32f1xx_hal_can.o
    0x08001770   0x08001770   0x00000002   Code   RO          698    i.HAL_CAN_TxMailbox0AbortCallback  stm32f1xx_hal_can.o
    0x08001772   0x08001772   0x00000002   Code   RO          699    i.HAL_CAN_TxMailbox0CompleteCallback  stm32f1xx_hal_can.o
    0x08001774   0x08001774   0x00000002   Code   RO          700    i.HAL_CAN_TxMailbox1AbortCallback  stm32f1xx_hal_can.o
    0x08001776   0x08001776   0x00000002   Code   RO          701    i.HAL_CAN_TxMailbox1CompleteCallback  stm32f1xx_hal_can.o
    0x08001778   0x08001778   0x00000002   Code   RO          702    i.HAL_CAN_TxMailbox2AbortCallback  stm32f1xx_hal_can.o
    0x0800177a   0x0800177a   0x00000002   Code   RO          703    i.HAL_CAN_TxMailbox2CompleteCallback  stm32f1xx_hal_can.o
    0x0800177c   0x0800177c   0x00000002   Code   RO          705    i.HAL_CAN_WakeUpFromRxMsgCallback  stm32f1xx_hal_can.o
    0x0800177e   0x0800177e   0x00000056   Code   RO         1314    i.HAL_DMA_Abort     stm32f1xx_hal_dma.o
    0x080017d4   0x080017d4   0x00000008   Code   RO         1318    i.HAL_DMA_GetState  stm32f1xx_hal_dma.o
    0x080017dc   0x080017dc   0x00000398   Code   RO         1319    i.HAL_DMA_IRQHandler  stm32f1xx_hal_dma.o
    0x08001b74   0x08001b74   0x0000008c   Code   RO         1320    i.HAL_DMA_Init      stm32f1xx_hal_dma.o
    0x08001c00   0x08001c00   0x0000009c   Code   RO         1324    i.HAL_DMA_Start_IT  stm32f1xx_hal_dma.o
    0x08001c9c   0x08001c9c   0x00000320   Code   RO         1250    i.HAL_GPIO_Init     stm32f1xx_hal_gpio.o
    0x08001fbc   0x08001fbc   0x0000000c   Code   RO         1254    i.HAL_GPIO_WritePin  stm32f1xx_hal_gpio.o
    0x08001fc8   0x08001fc8   0x0000000c   Code   RO          915    i.HAL_GetTick       stm32f1xx_hal.o
    0x08001fd4   0x08001fd4   0x00000018   Code   RO          921    i.HAL_IncTick       stm32f1xx_hal.o
    0x08001fec   0x08001fec   0x00000028   Code   RO          922    i.HAL_Init          stm32f1xx_hal.o
    0x08002014   0x08002014   0x0000004c   Code   RO          923    i.HAL_InitTick      stm32f1xx_hal.o
    0x08002060   0x08002060   0x00000054   Code   RO          610    i.HAL_MspInit       stm32f1xx_hal_msp.o
    0x080020b4   0x080020b4   0x00000020   Code   RO         1410    i.HAL_NVIC_EnableIRQ  stm32f1xx_hal_cortex.o
    0x080020d4   0x080020d4   0x0000007c   Code   RO         1416    i.HAL_NVIC_SetPriority  stm32f1xx_hal_cortex.o
    0x08002150   0x08002150   0x00000028   Code   RO         1417    i.HAL_NVIC_SetPriorityGrouping  stm32f1xx_hal_cortex.o
    0x08002178   0x08002178   0x0000018c   Code   RO         1079    i.HAL_RCC_ClockConfig  stm32f1xx_hal_rcc.o
    0x08002304   0x08002304   0x0000000c   Code   RO         1084    i.HAL_RCC_GetHCLKFreq  stm32f1xx_hal_rcc.o
    0x08002310   0x08002310   0x00000020   Code   RO         1086    i.HAL_RCC_GetPCLK1Freq  stm32f1xx_hal_rcc.o
    0x08002330   0x08002330   0x00000020   Code   RO         1087    i.HAL_RCC_GetPCLK2Freq  stm32f1xx_hal_rcc.o
    0x08002350   0x08002350   0x000000e8   Code   RO         1088    i.HAL_RCC_GetSysClockFreq  stm32f1xx_hal_rcc.o
    0x08002438   0x08002438   0x0000056c   Code   RO         1091    i.HAL_RCC_OscConfig  stm32f1xx_hal_rcc.o
    0x080029a4   0x080029a4   0x00000034   Code   RO         1421    i.HAL_SYSTICK_Config  stm32f1xx_hal_cortex.o
    0x080029d8   0x080029d8   0x00000002   Code   RO         2653    i.HAL_TIMEx_BreakCallback  stm32f1xx_hal_tim_ex.o
    0x080029da   0x080029da   0x00000002   Code   RO         2654    i.HAL_TIMEx_CommutCallback  stm32f1xx_hal_tim_ex.o
    0x080029dc   0x080029dc   0x00000074   Code   RO         2656    i.HAL_TIMEx_ConfigBreakDeadTime  stm32f1xx_hal_tim_ex.o
    0x08002a50   0x08002a50   0x00000090   Code   RO         2672    i.HAL_TIMEx_MasterConfigSynchronization  stm32f1xx_hal_tim_ex.o
    0x08002ae0   0x08002ae0   0x00000066   Code   RO         1938    i.HAL_TIM_Base_Init  stm32f1xx_hal_tim.o
    0x08002b46   0x08002b46   0x00000002   PAD
    0x08002b48   0x08002b48   0x000000b4   Code   RO          375    i.HAL_TIM_Base_MspInit  tim.o
    0x08002bfc   0x08002bfc   0x00000084   Code   RO         1943    i.HAL_TIM_Base_Start_IT  stm32f1xx_hal_tim.o
    0x08002c80   0x08002c80   0x0000010c   Code   RO         1947    i.HAL_TIM_ConfigClockSource  stm32f1xx_hal_tim.o
    0x08002d8c   0x08002d8c   0x00000002   Code   RO         1972    i.HAL_TIM_IC_CaptureCallback  stm32f1xx_hal_tim.o
    0x08002d8e   0x08002d8e   0x00000196   Code   RO         1986    i.HAL_TIM_IRQHandler  stm32f1xx_hal_tim.o
    0x08002f24   0x08002f24   0x00000058   Code   RO          376    i.HAL_TIM_MspPostInit  tim.o
    0x08002f7c   0x08002f7c   0x00000002   Code   RO         1989    i.HAL_TIM_OC_DelayElapsedCallback  stm32f1xx_hal_tim.o
    0x08002f7e   0x08002f7e   0x00000104   Code   RO         2010    i.HAL_TIM_PWM_ConfigChannel  stm32f1xx_hal_tim.o
    0x08003082   0x08003082   0x00000066   Code   RO         2013    i.HAL_TIM_PWM_Init  stm32f1xx_hal_tim.o
    0x080030e8   0x080030e8   0x00000002   Code   RO         2015    i.HAL_TIM_PWM_MspInit  stm32f1xx_hal_tim.o
    0x080030ea   0x080030ea   0x00000002   Code   RO         2016    i.HAL_TIM_PWM_PulseFinishedCallback  stm32f1xx_hal_tim.o
    0x080030ec   0x080030ec   0x000000e0   Code   RO         2018    i.HAL_TIM_PWM_Start  stm32f1xx_hal_tim.o
    0x080031cc   0x080031cc   0x0000009c   Code   RO         2021    i.HAL_TIM_PWM_Stop  stm32f1xx_hal_tim.o
    0x08003268   0x08003268   0x00000084   Code   RO         3330    i.HAL_TIM_PeriodElapsedCallback  task_scheduler.o
    0x080032ec   0x080032ec   0x00000002   Code   RO         2029    i.HAL_TIM_TriggerCallback  stm32f1xx_hal_tim.o
    0x080032ee   0x080032ee   0x00000002   Code   RO         2932    i.HAL_UARTEx_RxEventCallback  stm32f1xx_hal_uart.o
    0x080032f0   0x080032f0   0x0000008a   Code   RO         2944    i.HAL_UART_DMAStop  stm32f1xx_hal_uart.o
    0x0800337a   0x0800337a   0x00000002   Code   RO         2946    i.HAL_UART_ErrorCallback  stm32f1xx_hal_uart.o
    0x0800337c   0x0800337c   0x00000076   Code   RO         2950    i.HAL_UART_Init     stm32f1xx_hal_uart.o
    0x080033f2   0x080033f2   0x00000002   PAD
    0x080033f4   0x080033f4   0x00000100   Code   RO          435    i.HAL_UART_MspInit  usart.o
    0x080034f4   0x080034f4   0x0000002c   Code   RO         2954    i.HAL_UART_Receive_DMA  stm32f1xx_hal_uart.o
    0x08003520   0x08003520   0x00000002   Code   RO         2956    i.HAL_UART_RxCpltCallback  stm32f1xx_hal_uart.o
    0x08003522   0x08003522   0x00000002   Code   RO         2957    i.HAL_UART_RxHalfCpltCallback  stm32f1xx_hal_uart.o
    0x08003524   0x08003524   0x00000054   Code   RO          484    i.HardFault_Handler  stm32f1xx_it.o
    0x08003578   0x08003578   0x000001d0   Code   RO         4653    i.JudgeBuffReceive  refree.o
    0x08003748   0x08003748   0x0000002c   Code   RO         3660    i.M3508_Init        m3508.o
    0x08003774   0x08003774   0x000000e6   Code   RO         3429    i.M3508_command_transmit  m3508_bsp.o
    0x0800385a   0x0800385a   0x00000002   PAD
    0x0800385c   0x0800385c   0x00000028   Code   RO         3661    i.M3508_feedback_handler  m3508.o
    0x08003884   0x08003884   0x0000012a   Code   RO         3430    i.M3508_feedback_process  m3508_bsp.o
    0x080039ae   0x080039ae   0x00000002   PAD
    0x080039b0   0x080039b0   0x00000024   Code   RO         3431    i.M3508_from_lsb_to_position_deg  m3508_bsp.o
    0x080039d4   0x080039d4   0x00000048   Code   RO         3432    i.M3508_from_lsb_to_position_rad  m3508_bsp.o
    0x08003a1c   0x08003a1c   0x00000024   Code   RO         3433    i.M3508_from_lsb_to_torque_current  m3508_bsp.o
    0x08003a40   0x08003a40   0x00000028   Code   RO         3434    i.M3508_from_torque_current_to_torque  m3508_bsp.o
    0x08003a68   0x08003a68   0x00000016   Code   RO         3477    i.M3508_gear_command_transmit  m3508_gear_bsp.o
    0x08003a7e   0x08003a7e   0x00000024   Code   RO         3722    i.M3508_gear_feedback_handler  m3508_gear.o
    0x08003aa2   0x08003aa2   0x00000002   PAD
    0x08003aa4   0x08003aa4   0x000000ec   Code   RO         3478    i.M3508_gear_feedback_process  m3508_gear_bsp.o
    0x08003b90   0x08003b90   0x00000024   Code   RO         3724    i.M3508_gear_parameter_init  m3508_gear.o
    0x08003bb4   0x08003bb4   0x00000032   Code   RO         3725    i.M3508_gear_set_torque_current_lsb  m3508_gear.o
    0x08003be6   0x08003be6   0x00000002   PAD
    0x08003be8   0x08003be8   0x00000044   Code   RO         3664    i.M3508_set_single_motor_current  m3508.o
    0x08003c2c   0x08003c2c   0x00000044   Code   RO          303    i.MX_CAN1_Init      can.o
    0x08003c70   0x08003c70   0x00000044   Code   RO          304    i.MX_CAN2_Init      can.o
    0x08003cb4   0x08003cb4   0x00000044   Code   RO          350    i.MX_DMA_Init       dma.o
    0x08003cf8   0x08003cf8   0x0000008c   Code   RO          277    i.MX_GPIO_Init      gpio.o
    0x08003d84   0x08003d84   0x000000d8   Code   RO          377    i.MX_TIM1_Init      tim.o
    0x08003e5c   0x08003e5c   0x0000006c   Code   RO          378    i.MX_TIM2_Init      tim.o
    0x08003ec8   0x08003ec8   0x0000006c   Code   RO          379    i.MX_TIM3_Init      tim.o
    0x08003f34   0x08003f34   0x00000054   Code   RO          436    i.MX_USART2_UART_Init  usart.o
    0x08003f88   0x08003f88   0x0000006c   Code   RO         4023    i.Math_Sinc         steering_wheel.o
    0x08003ff4   0x08003ff4   0x00000004   Code   RO          485    i.MemManage_Handler  stm32f1xx_it.o
    0x08003ff8   0x08003ff8   0x0000009c   Code   RO         4199    i.My_atan           steering_communication.o
    0x08004094   0x08004094   0x00000004   Code   RO          486    i.NMI_Handler       stm32f1xx_it.o
    0x08004098   0x08004098   0x00000058   Code   RO         3866    i.PID_Controller    pid_regulator.o
    0x080040f0   0x080040f0   0x00000014   Code   RO         3875    i.PID_HandleInit    pid_regulator.o
    0x08004104   0x08004104   0x000000a4   Code   RO         3888    i.PI_Controller     pid_regulator.o
    0x080041a8   0x080041a8   0x00000002   Code   RO          487    i.PendSV_Handler    stm32f1xx_it.o
    0x080041aa   0x080041aa   0x00000002   PAD
    0x080041ac   0x080041ac   0x00000028   Code   RO         1092    i.RCC_Delay         stm32f1xx_hal_rcc.o
    0x080041d4   0x080041d4   0x00000002   Code   RO          488    i.SVC_Handler       stm32f1xx_it.o
    0x080041d6   0x080041d6   0x00000002   PAD
    0x080041d8   0x080041d8   0x00000028   Code   RO         3379    i.SW_control_task   sw_control_task.o
    0x08004200   0x08004200   0x00000040   Code   RO         3380    i.SW_control_task_init  sw_control_task.o
    0x08004240   0x08004240   0x00000080   Code   RO         4392    i.Sqrt              chassis_power_control.o
    0x080042c0   0x080042c0   0x00000024   Code   RO         4024    i.Steering_CheckHandleLegitimacy  steering_wheel.o
    0x080042e4   0x080042e4   0x00000014   Code   RO         4201    i.Steering_Communication_SubscribeList_Init  steering_communication.o
    0x080042f8   0x080042f8   0x00000028   Code   RO         4025    i.Steering_FindSteeringHandle_via_CANID  steering_wheel.o
    0x08004320   0x08004320   0x00000030   Code   RO         4026    i.Steering_HandleListAdd  steering_wheel.o
    0x08004350   0x08004350   0x00000040   Code   RO         4027    i.Steering_Wheel_CommandTransmit  steering_wheel.o
    0x08004390   0x08004390   0x00000014   Code   RO         4028    i.Steering_Wheel_CommandUpdate  steering_wheel.o
    0x080043a4   0x080043a4   0x000000fc   Code   RO         4029    i.Steering_Wheel_HandleInit  steering_wheel.o
    0x080044a0   0x080044a0   0x0000008c   Code   RO         4030    i.Steering_Wheel_MotorAndEncoderFeedbackUpdate  steering_wheel.o
    0x0800452c   0x0800452c   0x00000062   Code   RO         4031    i.Steering_Wheel_MotorAndEncoderStatusUpdate  steering_wheel.o
    0x0800458e   0x0800458e   0x00000002   PAD
    0x08004590   0x08004590   0x000001c8   Code   RO         4032    i.Steering_Wheel_MotorCommandUpdate  steering_wheel.o
    0x08004758   0x08004758   0x000000c2   Code   RO         4033    i.Steering_Wheel_PID_HandleInit  steering_wheel.o
    0x0800481a   0x0800481a   0x00000010   Code   RO         4034    i.Steering_Wheel_PartCommandUpdate  steering_wheel.o
    0x0800482a   0x0800482a   0x00000022   Code   RO         4035    i.Steering_Wheel_PartStatusUpdate  steering_wheel.o
    0x0800484c   0x0800484c   0x0000001e   Code   RO         4036    i.Steering_Wheel_SetProtocolArcMode  steering_wheel.o
    0x0800486a   0x0800486a   0x0000001e   Code   RO         4037    i.Steering_Wheel_SetProtocolDegMode  steering_wheel.o
    0x08004888   0x08004888   0x0000000a   Code   RO         4038    i.Steering_Wheel_SetProtocolPosition  steering_wheel.o
    0x08004892   0x08004892   0x0000000a   Code   RO         4039    i.Steering_Wheel_SetProtocolSpeed  steering_wheel.o
    0x0800489c   0x0800489c   0x00000026   Code   RO         4040    i.Steering_Wheel_StatusUpdate  steering_wheel.o
    0x080048c2   0x080048c2   0x00000008   Code   RO          489    i.SysTick_Handler   stm32f1xx_it.o
    0x080048ca   0x080048ca   0x00000002   PAD
    0x080048cc   0x080048cc   0x00000078   Code   RO           14    i.SystemClock_Config  main.o
    0x08004944   0x08004944   0x00000002   Code   RO         3294    i.SystemInit        system_stm32f1xx.o
    0x08004946   0x08004946   0x00000002   PAD
    0x08004948   0x08004948   0x00000010   Code   RO          490    i.TIM1_UP_IRQHandler  stm32f1xx_it.o
    0x08004958   0x08004958   0x00000010   Code   RO          491    i.TIM2_IRQHandler   stm32f1xx_it.o
    0x08004968   0x08004968   0x00000010   Code   RO          492    i.TIM3_IRQHandler   stm32f1xx_it.o
    0x08004978   0x08004978   0x00000084   Code   RO         2031    i.TIM_Base_SetConfig  stm32f1xx_hal_tim.o
    0x080049fc   0x080049fc   0x00000022   Code   RO         2032    i.TIM_CCxChannelCmd  stm32f1xx_hal_tim.o
    0x08004a1e   0x08004a1e   0x00000016   Code   RO         2042    i.TIM_ETR_SetConfig  stm32f1xx_hal_tim.o
    0x08004a34   0x08004a34   0x00000012   Code   RO         2043    i.TIM_ITRx_SetConfig  stm32f1xx_hal_tim.o
    0x08004a46   0x08004a46   0x00000002   PAD
    0x08004a48   0x08004a48   0x00000060   Code   RO         2044    i.TIM_OC1_SetConfig  stm32f1xx_hal_tim.o
    0x08004aa8   0x08004aa8   0x00000068   Code   RO         2045    i.TIM_OC2_SetConfig  stm32f1xx_hal_tim.o
    0x08004b10   0x08004b10   0x00000068   Code   RO         2046    i.TIM_OC3_SetConfig  stm32f1xx_hal_tim.o
    0x08004b78   0x08004b78   0x00000048   Code   RO         2047    i.TIM_OC4_SetConfig  stm32f1xx_hal_tim.o
    0x08004bc0   0x08004bc0   0x00000026   Code   RO         2049    i.TIM_TI1_ConfigInputStage  stm32f1xx_hal_tim.o
    0x08004be6   0x08004be6   0x00000028   Code   RO         2051    i.TIM_TI2_ConfigInputStage  stm32f1xx_hal_tim.o
    0x08004c0e   0x08004c0e   0x00000050   Code   RO         2964    i.UART_DMAError     stm32f1xx_hal_uart.o
    0x08004c5e   0x08004c5e   0x000000b4   Code   RO         2965    i.UART_DMAReceiveCplt  stm32f1xx_hal_uart.o
    0x08004d12   0x08004d12   0x00000024   Code   RO         2967    i.UART_DMARxHalfCplt  stm32f1xx_hal_uart.o
    0x08004d36   0x08004d36   0x0000006c   Code   RO         2973    i.UART_EndRxTransfer  stm32f1xx_hal_uart.o
    0x08004da2   0x08004da2   0x00000026   Code   RO         2975    i.UART_EndTxTransfer  stm32f1xx_hal_uart.o
    0x08004dc8   0x08004dc8   0x000000fc   Code   RO         2977    i.UART_SetConfig    stm32f1xx_hal_uart.o
    0x08004ec4   0x08004ec4   0x000000c8   Code   RO         2978    i.UART_Start_Receive_DMA  stm32f1xx_hal_uart.o
    0x08004f8c   0x08004f8c   0x00000004   Code   RO          493    i.UsageFault_Handler  stm32f1xx_it.o
    0x08004f90   0x08004f90   0x00000040   Code   RO         4598    i.Verify_CRC16_Check_Sum  algorithmofcrc.o
    0x08004fd0   0x08004fd0   0x0000002e   Code   RO         4599    i.Verify_CRC8_Check_Sum  algorithmofcrc.o
    0x08004ffe   0x08004ffe   0x00000028   Code   RO        10514    i.__ARM_fpclassify  m_ws.l(fpclassify.o)
    0x08005026   0x08005026   0x00000002   PAD
    0x08005028   0x08005028   0x00000010   Code   RO         1423    i.__NVIC_GetPriorityGrouping  stm32f1xx_hal_cortex.o
    0x08005038   0x08005038   0x00000028   Code   RO         1424    i.__NVIC_SetPriority  stm32f1xx_hal_cortex.o
    0x08005060   0x08005060   0x00000388   Code   RO        10535    i.__ieee754_rem_pio2  m_ws.l(rred.o)
    0x080053e8   0x080053e8   0x000000fc   Code   RO        10497    i.__kernel_cos      m_ws.l(cos_i.o)
    0x080054e4   0x080054e4   0x000000aa   Code   RO        10532    i.__kernel_poly     m_ws.l(poly.o)
    0x0800558e   0x0800558e   0x00000002   PAD
    0x08005590   0x08005590   0x000000ec   Code   RO        10540    i.__kernel_sin      m_ws.l(sin_i.o)
    0x0800567c   0x0800567c   0x00000006   Code   RO        10501    i.__mathlib_dbl_infnan  m_ws.l(dunder.o)
    0x08005682   0x08005682   0x00000004   Code   RO        10502    i.__mathlib_dbl_infnan2  m_ws.l(dunder.o)
    0x08005686   0x08005686   0x0000000c   Code   RO        10503    i.__mathlib_dbl_invalid  m_ws.l(dunder.o)
    0x08005692   0x08005692   0x00000002   PAD
    0x08005694   0x08005694   0x00000010   Code   RO        10506    i.__mathlib_dbl_underflow  m_ws.l(dunder.o)
    0x080056a4   0x080056a4   0x00000220   Code   RO        10488    i.atan              m_ws.l(atan.o)
    0x080058c4   0x080058c4   0x00000180   Code   RO        10356    i.atan2             m_ws.l(atan2.o)
    0x08005a44   0x08005a44   0x00000030   Code   RO         3761    i.briter_encoder_Init  briter_encoder.o
    0x08005a74   0x08005a74   0x0000001c   Code   RO         3498    i.briter_encoder_command_transmit  briter_encoder_bsp.o
    0x08005a90   0x08005a90   0x00000016   Code   RO         3762    i.briter_encoder_feedback_handler  briter_encoder.o
    0x08005aa6   0x08005aa6   0x00000032   Code   RO         3499    i.briter_encoder_feedback_process  briter_encoder_bsp.o
    0x08005ad8   0x08005ad8   0x00000016   Code   RO         3763    i.briter_encoder_parameter_init  briter_encoder.o
    0x08005aee   0x08005aee   0x00000002   PAD
    0x08005af0   0x08005af0   0x00000030   Code   RO         3764    i.briter_encoder_request_tatal_angle  briter_encoder.o
    0x08005b20   0x08005b20   0x00000034   Code   RO         4490    i.buzzer_handleInit  buzzer.o
    0x08005b54   0x08005b54   0x0000004c   Code   RO         4491    i.buzzer_init_example  buzzer.o
    0x08005ba0   0x08005ba0   0x00000014   Code   RO          494    i.buzzer_on         stm32f1xx_it.o
    0x08005bb4   0x08005bb4   0x00000012   Code   RO         4498    i.buzzer_setTask    buzzer.o
    0x08005bc6   0x08005bc6   0x00000002   PAD
    0x08005bc8   0x08005bc8   0x0000021c   Code   RO         4393    i.calculate_torque_current_according_to_scaled_power  chassis_power_control.o
    0x08005de4   0x08005de4   0x00000054   Code   RO         4394    i.calculate_total_power  chassis_power_control.o
    0x08005e38   0x08005e38   0x0000002c   Code   RO         4395    i.calculate_true_power  chassis_power_control.o
    0x08005e64   0x08005e64   0x000000c2   Code   RO         3548    i.can_filter_set    can_bsp.o
    0x08005f26   0x08005f26   0x00000002   PAD
    0x08005f28   0x08005f28   0x000001f0   Code   RO         4396    i.expert_power_calculate  chassis_power_control.o
    0x08006118   0x08006118   0x0000001a   Code   RO         4397    i.limit_power_data_unpack  chassis_power_control.o
    0x08006132   0x08006132   0x00000002   PAD
    0x08006134   0x08006134   0x00000090   Code   RO           16    i.main              main.o
    0x080061c4   0x080061c4   0x000000a8   Code   RO         3550    i.platform_filtter_config_setting  can_bsp.o
    0x0800626c   0x0800626c   0x0000000c   Code   RO         4500    i.platform_getMsTick  buzzer.o
    0x08006278   0x08006278   0x00000060   Code   RO         4501    i.platform_setFreq  buzzer.o
    0x080062d8   0x080062d8   0x00000038   Code   RO         4502    i.platform_setSwitch  buzzer.o
    0x08006310   0x08006310   0x00000024   Code   RO         3666    i.platform_trans    m3508.o
    0x08006334   0x08006334   0x00000024   Code   RO         3774    i.platform_trans    briter_encoder.o
    0x08006358   0x08006358   0x00000030   Code   RO         4202    i.platform_trans    steering_communication.o
    0x08006388   0x08006388   0x00000016   Code   RO         4399    i.sign              chassis_power_control.o
    0x0800639e   0x0800639e   0x00000002   PAD
    0x080063a0   0x080063a0   0x000000a0   Code   RO        10424    i.sin               m_ws.l(sin.o)
    0x08006440   0x08006440   0x0000002c   Code   RO        10440    i.sqrtf             m_ws.l(sqrtf.o)
    0x0800646c   0x0800646c   0x000000d0   Code   RO         4203    i.steering_communication_ADD_SUBSCRIBE_VALUE_handler  steering_communication.o
    0x0800653c   0x0800653c   0x0000003c   Code   RO         4204    i.steering_communication_CHECK_SUBSCRIBE_LIST_handler  steering_communication.o
    0x08006578   0x08006578   0x00000084   Code   RO         4205    i.steering_communication_DELETE_SUBSCRIBED_VALUE_handler  steering_communication.o
    0x080065fc   0x080065fc   0x000000e0   Code   RO         4206    i.steering_communication_GET_PID_PARAMETER_handler  steering_communication.o
    0x080066dc   0x080066dc   0x00000098   Code   RO         4207    i.steering_communication_GET_PID_PARAMETER_term_handler  steering_communication.o
    0x08006774   0x08006774   0x00000042   Code   RO         4208    i.steering_communication_SET_DISABLE_OPERATION_MODE_handler  steering_communication.o
    0x080067b6   0x080067b6   0x00000042   Code   RO         4209    i.steering_communication_SET_ENABLE_OPERATION_MODE_handler  steering_communication.o
    0x080067f8   0x080067f8   0x00000090   Code   RO         4210    i.steering_communication_SET_PID_PARAMETER_handler  steering_communication.o
    0x08006888   0x08006888   0x00000056   Code   RO         4211    i.steering_communication_SET_PID_PARAMETER_term_handler  steering_communication.o
    0x080068de   0x080068de   0x00000002   PAD
    0x080068e0   0x080068e0   0x00000060   Code   RO         4212    i.steering_communication_SET_VELOCITY_VECTOR_handler  steering_communication.o
    0x08006940   0x08006940   0x00000020   Code   RO         4213    i.steering_communication_SubscirbeList_CheckAvailable  steering_communication.o
    0x08006960   0x08006960   0x00000024   Code   RO         4214    i.steering_communication_SubscirbeList_CheckRepeatability  steering_communication.o
    0x08006984   0x08006984   0x00000034   Code   RO         4216    i.steering_communication_SubscribeList_TryDelete  steering_communication.o
    0x080069b8   0x080069b8   0x00000092   Code   RO         4217    i.steering_communication_SubscribeList_TryIncert  steering_communication.o
    0x08006a4a   0x08006a4a   0x00000030   Code   RO         4218    i.steering_communication_Subscribe_GetValueAdd  steering_communication.o
    0x08006a7a   0x08006a7a   0x00000002   PAD
    0x08006a7c   0x08006a7c   0x00000038   Code   RO         4219    i.steering_communication_init  steering_communication.o
    0x08006ab4   0x08006ab4   0x00000024   Code   RO         3598    i.steering_communication_receive_unpack  steering_communication_bsp.o
    0x08006ad8   0x08006ad8   0x00000204   Code   RO         4222    i.steering_communication_rx_handler  steering_communication.o
    0x08006cdc   0x08006cdc   0x00000024   Code   RO         3599    i.steering_communication_transmit  steering_communication_bsp.o
    0x08006d00   0x08006d00   0x0000012c   Code   RO         4224    i.steering_wheel_dataprocess  steering_communication.o
    0x08006e2c   0x08006e2c   0x00000010   Code   RO         4225    i.steering_wheel_feedback_handler  steering_communication.o
    0x08006e3c   0x08006e3c   0x0000001c   Code   RO         4400    i.wheel_data_init   chassis_power_control.o
    0x08006e58   0x08006e58   0x00000020   Code   RO         4401    i.wheel_data_pack   chassis_power_control.o
    0x08006e78   0x08006e78   0x00000028   Code   RO         4402    i.wheel_data_send   chassis_power_control.o
    0x08006ea0   0x08006ea0   0x0000000c   Code   RO         4403    i.wheel_data_unpack  chassis_power_control.o
    0x08006eac   0x08006eac   0x00000062   Code   RO        10283    x$fpl$d2f           fz_ws.l(d2f.o)
    0x08006f0e   0x08006f0e   0x00000002   PAD
    0x08006f10   0x08006f10   0x00000150   Code   RO        10285    x$fpl$dadd          fz_ws.l(daddsub_clz.o)
    0x08007060   0x08007060   0x00000010   Code   RO        10568    x$fpl$dcheck1       fz_ws.l(dcheck1.o)
    0x08007070   0x08007070   0x00000018   Code   RO        10462    x$fpl$dcmpinf       fz_ws.l(dcmpi.o)
    0x08007088   0x08007088   0x000002b0   Code   RO        10292    x$fpl$ddiv          fz_ws.l(ddiv.o)
    0x08007338   0x08007338   0x00000078   Code   RO        10295    x$fpl$deqf          fz_ws.l(deqf.o)
    0x080073b0   0x080073b0   0x0000005e   Code   RO        10297    x$fpl$dfix          fz_ws.l(dfix.o)
    0x0800740e   0x0800740e   0x0000002e   Code   RO        10306    x$fpl$dflt          fz_ws.l(dflt_clz.o)
    0x0800743c   0x0800743c   0x00000026   Code   RO        10305    x$fpl$dfltu         fz_ws.l(dflt_clz.o)
    0x08007462   0x08007462   0x00000002   PAD
    0x08007464   0x08007464   0x00000078   Code   RO        10311    x$fpl$dleqf         fz_ws.l(dleqf.o)
    0x080074dc   0x080074dc   0x00000154   Code   RO        10313    x$fpl$dmul          fz_ws.l(dmul.o)
    0x08007630   0x08007630   0x0000009c   Code   RO        10464    x$fpl$dnaninf       fz_ws.l(dnaninf.o)
    0x080076cc   0x080076cc   0x0000000c   Code   RO        10466    x$fpl$dretinf       fz_ws.l(dretinf.o)
    0x080076d8   0x080076d8   0x0000006c   Code   RO        10315    x$fpl$drleqf        fz_ws.l(drleqf.o)
    0x08007744   0x08007744   0x00000016   Code   RO        10286    x$fpl$drsb          fz_ws.l(daddsub_clz.o)
    0x0800775a   0x0800775a   0x00000002   PAD
    0x0800775c   0x0800775c   0x000001d4   Code   RO        10287    x$fpl$dsub          fz_ws.l(daddsub_clz.o)
    0x08007930   0x08007930   0x00000056   Code   RO        10317    x$fpl$f2d           fz_ws.l(f2d.o)
    0x08007986   0x08007986   0x00000002   PAD
    0x08007988   0x08007988   0x000000c4   Code   RO        10319    x$fpl$fadd          fz_ws.l(faddsub_clz.o)
    0x08007a4c   0x08007a4c   0x00000018   Code   RO        10470    x$fpl$fcmpinf       fz_ws.l(fcmpi.o)
    0x08007a64   0x08007a64   0x00000184   Code   RO        10326    x$fpl$fdiv          fz_ws.l(fdiv.o)
    0x08007be8   0x08007be8   0x00000068   Code   RO        10329    x$fpl$feqf          fz_ws.l(feqf.o)
    0x08007c50   0x08007c50   0x00000036   Code   RO        10331    x$fpl$ffix          fz_ws.l(ffix.o)
    0x08007c86   0x08007c86   0x00000002   PAD
    0x08007c88   0x08007c88   0x0000003e   Code   RO        10339    x$fpl$ffixu         fz_ws.l(ffixu.o)
    0x08007cc6   0x08007cc6   0x00000002   PAD
    0x08007cc8   0x08007cc8   0x00000030   Code   RO        10344    x$fpl$fflt          fz_ws.l(fflt_clz.o)
    0x08007cf8   0x08007cf8   0x00000026   Code   RO        10343    x$fpl$ffltu         fz_ws.l(fflt_clz.o)
    0x08007d1e   0x08007d1e   0x00000002   PAD
    0x08007d20   0x08007d20   0x00000068   Code   RO        10349    x$fpl$fleqf         fz_ws.l(fleqf.o)
    0x08007d88   0x08007d88   0x00000102   Code   RO        10351    x$fpl$fmul          fz_ws.l(fmul.o)
    0x08007e8a   0x08007e8a   0x0000008c   Code   RO        10472    x$fpl$fnaninf       fz_ws.l(fnaninf.o)
    0x08007f16   0x08007f16   0x0000000a   Code   RO        10474    x$fpl$fretinf       fz_ws.l(fretinf.o)
    0x08007f20   0x08007f20   0x00000062   Code   RO        10353    x$fpl$frleqf        fz_ws.l(frleqf.o)
    0x08007f82   0x08007f82   0x00000014   Code   RO        10320    x$fpl$frsb          fz_ws.l(faddsub_clz.o)
    0x08007f96   0x08007f96   0x00000002   PAD
    0x08007f98   0x08007f98   0x00000110   Code   RO        10478    x$fpl$fsqrt         fz_ws.l(fsqrt.o)
    0x080080a8   0x080080a8   0x000000ea   Code   RO        10321    x$fpl$fsub          fz_ws.l(faddsub_clz.o)
    0x08008192   0x08008192   0x00000064   Code   RO        10589    x$fpl$retnan        fz_ws.l(retnan.o)
    0x080081f6   0x080081f6   0x0000005c   Code   RO        10482    x$fpl$scalbn        fz_ws.l(scalbn.o)
    0x08008252   0x08008252   0x00000030   Code   RO        10644    x$fpl$trapveneer    fz_ws.l(trapv.o)
    0x08008282   0x08008282   0x00000000   Code   RO        10486    x$fpl$usenofp       fz_ws.l(usenofp.o)
    0x08008282   0x08008282   0x0000001e   Data   RO         1093    .constdata          stm32f1xx_hal_rcc.o
    0x080082a0   0x080082a0   0x00000018   Data   RO         3295    .constdata          system_stm32f1xx.o
    0x080082b8   0x080082b8   0x00000302   Data   RO         4600    .constdata          algorithmofcrc.o
    0x080085ba   0x080085ba   0x00000006   PAD
    0x080085c0   0x080085c0   0x00000098   Data   RO        10489    .constdata          m_ws.l(atan.o)
    0x08008658   0x08008658   0x00000030   Data   RO        10498    .constdata          m_ws.l(cos_i.o)
    0x08008688   0x08008688   0x00000008   Data   RO        10534    .constdata          m_ws.l(qnan.o)
    0x08008690   0x08008690   0x000000c8   Data   RO        10537    .constdata          m_ws.l(rred.o)
    0x08008758   0x08008758   0x00000028   Data   RO        10541    .constdata          m_ws.l(sin_i.o)
    0x08008780   0x08008780   0x00000020   Data   RO        10717    Region$$Table       anon$$obj.o


    Execution Region RW_IRAM1 (Exec base: 0x20000000, Load base: 0x080087a0, Size: 0x00001680, Max: 0x00010000, ABSOLUTE)

    Exec Addr    Load Addr    Size         Type   Attr      Idx    E Section Name        Object

    0x20000000   0x080087a0   0x00000004   Data   RW          306    .data               can.o
    0x20000004   0x080087a4   0x00000009   Data   RW          929    .data               stm32f1xx_hal.o
    0x2000000d   0x080087ad   0x00000003   PAD
    0x20000010   0x080087b0   0x00000004   Data   RW         3296    .data               system_stm32f1xx.o
    0x20000014   0x080087b4   0x00000010   Data   RW         3333    .data               task_scheduler.o
    0x20000024   0x080087c4   0x00000004   Data   RW         3551    .data               can_bsp.o
    0x20000028   0x080087c8   0x0000000c   Data   RW         3668    .data               m3508.o
    0x20000034   0x080087d4   0x0000000c   Data   RW         3776    .data               briter_encoder.o
    0x20000040   0x080087e0   0x0000000c   Data   RW         4042    .data               steering_wheel.o
    0x2000004c   0x080087ec   0x00000014   Data   RW         4227    .data               steering_communication.o
    0x20000060   0x08008800   0x00000002   Data   RW         4601    .data               algorithmofcrc.o
    0x20000062   0x08008802   0x00000002   PAD
    0x20000064   0x08008804   0x00000028   Data   RW         4655    .data               refree.o
    0x2000008c        -       0x00000050   Zero   RW          305    .bss                can.o
    0x200000dc        -       0x000000d8   Zero   RW          380    .bss                tim.o
    0x200001b4        -       0x0000012c   Zero   RW          437    .bss                usart.o
    0x200002e0        -       0x00000274   Zero   RW         3382    .bss                sw_control_task.o
    0x20000554        -       0x00000338   Zero   RW         3667    .bss                m3508.o
    0x2000088c        -       0x00000048   Zero   RW         3775    .bss                briter_encoder.o
    0x200008d4        -       0x00000434   Zero   RW         4041    .bss                steering_wheel.o
    0x20000d08        -       0x00000178   Zero   RW         4226    .bss                steering_communication.o
    0x20000e80        -       0x000000c0   Zero   RW         4404    .bss                chassis_power_control.o
    0x20000f40        -       0x00000024   Zero   RW         4503    .bss                buzzer.o
    0x20000f64        -       0x000000b5   Zero   RW         4654    .bss                refree.o
    0x20001019   0x0800882c   0x00000003   PAD
    0x2000101c        -       0x00000060   Zero   RW        10573    .bss                c_w.l(libspace.o)
    0x2000107c   0x0800882c   0x00000004   PAD
    0x20001080        -       0x00000200   Zero   RW            2    HEAP                startup_stm32f105xc.o
    0x20001280        -       0x00000400   Zero   RW            1    STACK               startup_stm32f105xc.o


==============================================================================

Image component sizes


      Code (inc. data)   RO Data    RW Data    ZI Data      Debug   Object Name

       198         16        770          2          0       3421   algorithmofcrc.o
       176         32          0         12         72       3633   briter_encoder.o
        78          0          0          0          0       4004   briter_encoder_bsp.o
       310         28          0          0         36       6048   buzzer.o
       540         40          0          4         80       2378   can.o
       726         64          0          4          0       3970   can_bsp.o
      1452        108          0          0        192       8724   chassis_power_control.o
        68          4          0          0          0        722   dma.o
       140         10          0          0          0        871   gpio.o
       188         32          0         12        824       3437   m3508.o
       712         34          0          0          0       5357   m3508_bsp.o
       122          0          0          0          0       1990   m3508_gear.o
       258          8          0          0          0       2452   m3508_gear_bsp.o
       270         26          0          0          0     625292   main.o
       272          6          0          0          0       3122   pid_regulator.o
       556         44          0         40        181       3176   refree.o
        64         26        336          0       1536        796   startup_stm32f105xc.o
      2660        114          0         20        376      24620   steering_communication.o
        72          0          0          0          0       3198   steering_communication_bsp.o
      3084        110          0         12       1076      20385   steering_wheel.o
       152         32          0          9          0       6261   stm32f1xx_hal.o
      2200          6          0          0          0      13557   stm32f1xx_hal_can.o
       304         22          0          0          0      29319   stm32f1xx_hal_cortex.o
      1354         18          0          0          0       4910   stm32f1xx_hal_dma.o
       812         34          0          0          0       2628   stm32f1xx_hal_gpio.o
        84          8          0          0          0        866   stm32f1xx_hal_msp.o
      2132        100         30          0          0       6128   stm32f1xx_hal_rcc.o
      2320         76          0          0          0      16015   stm32f1xx_hal_tim.o
       264         18          0          0          0       3149   stm32f1xx_hal_tim_ex.o
      1202         18          0          0          0       9525   stm32f1xx_hal_uart.o
       262         58          0          0          0       7986   stm32f1xx_it.o
       104         18          0          0        628       5334   sw_control_task.o
         2          0         24          4          0       1071   system_stm32f1xx.o
       132         20          0         16          0       2586   task_scheduler.o
       700         50          0          0        216       3662   tim.o
       340         38          0          0        300       1931   usart.o

    ----------------------------------------------------------------------
     24354       1218       1198        140       5520     842524   Object Totals
         0          0         32          0          0          0   (incl. Generated)
        44          0          6          5          3          0   (incl. Padding)

    ----------------------------------------------------------------------

      Code (inc. data)   RO Data    RW Data    ZI Data      Debug   Library Member Name

         8          0          0          0          0         68   __main.o
         0          0          0          0          0          0   __rtentry.o
        12          0          0          0          0          0   __rtentry2.o
         6          0          0          0          0          0   __rtentry4.o
        52          8          0          0          0          0   __scatter.o
        26          0          0          0          0          0   __scatter_copy.o
        28          0          0          0          0          0   __scatter_zi.o
        22          0          0          0          0        100   _rserrno.o
        18          0          0          0          0         80   exit.o
         6          0          0          0          0        152   heapauxi.o
         0          0          0          0          0          0   indicate_semi.o
         2          0          0          0          0          0   libinit.o
         2          0          0          0          0          0   libinit2.o
         2          0          0          0          0          0   libshutdown.o
         2          0          0          0          0          0   libshutdown2.o
         8          4          0          0         96         68   libspace.o
       238          0          0          0          0        100   lludivv7m.o
         8          4          0          0          0         68   rt_errno_addr_intlibspace.o
        78          0          0          0          0         80   rt_memclr_w.o
       138          0          0          0          0         68   rt_memcpy_v6.o
       100          0          0          0          0         80   rt_memcpy_w.o
         2          0          0          0          0          0   rtexit.o
        10          0          0          0          0          0   rtexit2.o
        12          4          0          0          0         68   sys_exit.o
        74          0          0          0          0         80   sys_stackheap_outer.o
         2          0          0          0          0         68   use_no_semi.o
        98          4          0          0          0         92   d2f.o
       826         16          0          0          0        348   daddsub_clz.o
        16          4          0          0          0         68   dcheck1.o
        24          0          0          0          0         68   dcmpi.o
       688        140          0          0          0        208   ddiv.o
       120          4          0          0          0         92   deqf.o
        94          4          0          0          0         92   dfix.o
        84          0          0          0          0        136   dflt_clz.o
       120          4          0          0          0         92   dleqf.o
       340         12          0          0          0        104   dmul.o
       156          4          0          0          0         92   dnaninf.o
        12          0          0          0          0         68   dretinf.o
       108          0          0          0          0         80   drleqf.o
        86          4          0          0          0         84   f2d.o
       450          8          0          0          0        236   faddsub_clz.o
        24          0          0          0          0         68   fcmpi.o
       388         76          0          0          0         96   fdiv.o
       104          4          0          0          0         84   feqf.o
        54          4          0          0          0         84   ffix.o
        62          4          0          0          0         84   ffixu.o
        86          0          0          0          0        136   fflt_clz.o
       104          4          0          0          0         84   fleqf.o
       258          4          0          0          0         84   fmul.o
       140          4          0          0          0         84   fnaninf.o
        10          0          0          0          0         68   fretinf.o
        98          0          0          0          0         68   frleqf.o
       272        100          0          0          0         88   fsqrt.o
       100          0          0          0          0         68   retnan.o
        92          0          0          0          0         68   scalbn.o
        48          0          0          0          0         68   trapv.o
         0          0          0          0          0          0   usenofp.o
       544         70        152          0          0        124   atan.o
       384         38          0          0          0        144   atan2.o
       252         22         48          0          0        124   cos_i.o
        38          6          0          0          0        272   dunder.o
        40          0          0          0          0         68   fpclassify.o
       170          0          0          0          0         96   poly.o
         0          0          8          0          0          0   qnan.o
       904         76        200          0          0        140   rred.o
       160         10          0          0          0        108   sin.o
       236         12         40          0          0        128   sin_i.o
        44          0          0          0          0         80   sqrtf.o

    ----------------------------------------------------------------------
      8720        658        448          0        100       5456   Library Totals
        30          0          0          0          4          0   (incl. Padding)

    ----------------------------------------------------------------------

      Code (inc. data)   RO Data    RW Data    ZI Data      Debug   Library Name

       856         20          0          0         96       1080   c_w.l
      5062        404          0          0          0       3092   fz_ws.l
      2772        234        448          0          0       1284   m_ws.l

    ----------------------------------------------------------------------
      8720        658        448          0        100       5456   Library Totals

    ----------------------------------------------------------------------

==============================================================================


      Code (inc. data)   RO Data    RW Data    ZI Data      Debug   

     33074       1876       1646        140       5620     833832   Grand Totals
     33074       1876       1646        140       5620     833832   ELF Image Totals
     33074       1876       1646        140          0          0   ROM Totals

==============================================================================

    Total RO  Size (Code + RO Data)                34720 (  33.91kB)
    Total RW  Size (RW Data + ZI Data)              5760 (   5.63kB)
    Total ROM Size (Code + RO Data + RW Data)      34860 (  34.04kB)

==============================================================================

