Component: ARM Compiler 5.06 update 5 (build 528) Tool: armlink [4d35e2]

==============================================================================

Section Cross References

    startup_stm32f105xc.o(STACK) refers (Special) to heapauxi.o(.text) for __use_two_region_memory
    startup_stm32f105xc.o(HEAP) refers (Special) to heapauxi.o(.text) for __use_two_region_memory
    startup_stm32f105xc.o(RESET) refers (Special) to heapauxi.o(.text) for __use_two_region_memory
    startup_stm32f105xc.o(RESET) refers to startup_stm32f105xc.o(STACK) for __initial_sp
    startup_stm32f105xc.o(RESET) refers to startup_stm32f105xc.o(.text) for Reset_Handler
    startup_stm32f105xc.o(RESET) refers to stm32f1xx_it.o(i.NMI_Handler) for NMI_Handler
    startup_stm32f105xc.o(RESET) refers to stm32f1xx_it.o(i.HardFault_Handler) for HardFault_Handler
    startup_stm32f105xc.o(RESET) refers to stm32f1xx_it.o(i.MemManage_Handler) for MemManage_Handler
    startup_stm32f105xc.o(RESET) refers to stm32f1xx_it.o(i.BusFault_Handler) for BusFault_Handler
    startup_stm32f105xc.o(RESET) refers to stm32f1xx_it.o(i.UsageFault_Handler) for UsageFault_Handler
    startup_stm32f105xc.o(RESET) refers to stm32f1xx_it.o(i.SVC_Handler) for SVC_Handler
    startup_stm32f105xc.o(RESET) refers to stm32f1xx_it.o(i.DebugMon_Handler) for DebugMon_Handler
    startup_stm32f105xc.o(RESET) refers to stm32f1xx_it.o(i.PendSV_Handler) for PendSV_Handler
    startup_stm32f105xc.o(RESET) refers to stm32f1xx_it.o(i.SysTick_Handler) for SysTick_Handler
    startup_stm32f105xc.o(RESET) refers to refree.o(i.DMA1_Channel6_IRQHandler) for DMA1_Channel6_IRQHandler
    startup_stm32f105xc.o(RESET) refers to stm32f1xx_it.o(i.DMA1_Channel7_IRQHandler) for DMA1_Channel7_IRQHandler
    startup_stm32f105xc.o(RESET) refers to stm32f1xx_it.o(i.CAN1_RX0_IRQHandler) for CAN1_RX0_IRQHandler
    startup_stm32f105xc.o(RESET) refers to stm32f1xx_it.o(i.CAN1_RX1_IRQHandler) for CAN1_RX1_IRQHandler
    startup_stm32f105xc.o(RESET) refers to stm32f1xx_it.o(i.TIM1_UP_IRQHandler) for TIM1_UP_IRQHandler
    startup_stm32f105xc.o(RESET) refers to stm32f1xx_it.o(i.TIM2_IRQHandler) for TIM2_IRQHandler
    startup_stm32f105xc.o(RESET) refers to stm32f1xx_it.o(i.TIM3_IRQHandler) for TIM3_IRQHandler
    startup_stm32f105xc.o(RESET) refers to stm32f1xx_it.o(i.CAN2_RX0_IRQHandler) for CAN2_RX0_IRQHandler
    startup_stm32f105xc.o(RESET) refers to stm32f1xx_it.o(i.CAN2_RX1_IRQHandler) for CAN2_RX1_IRQHandler
    startup_stm32f105xc.o(.text) refers (Special) to heapauxi.o(.text) for __use_two_region_memory
    startup_stm32f105xc.o(.text) refers to system_stm32f1xx.o(i.SystemInit) for SystemInit
    startup_stm32f105xc.o(.text) refers to __main.o(!!!main) for __main
    startup_stm32f105xc.o(.text) refers to startup_stm32f105xc.o(HEAP) for Heap_Mem
    startup_stm32f105xc.o(.text) refers to startup_stm32f105xc.o(STACK) for Stack_Mem
    main.o(i.SystemClock_Config) refers to rt_memclr_w.o(.text) for __aeabi_memclr4
    main.o(i.SystemClock_Config) refers to stm32f1xx_hal_rcc.o(i.HAL_RCC_OscConfig) for HAL_RCC_OscConfig
    main.o(i.SystemClock_Config) refers to main.o(i.Error_Handler) for Error_Handler
    main.o(i.SystemClock_Config) refers to stm32f1xx_hal_rcc.o(i.HAL_RCC_ClockConfig) for HAL_RCC_ClockConfig
    main.o(i.canTX) refers to stm32f1xx_hal_can.o(i.HAL_CAN_AddTxMessage) for HAL_CAN_AddTxMessage
    main.o(i.canTX) refers to can.o(.bss) for hcan1
    main.o(i.main) refers to stm32f1xx_hal.o(i.HAL_Init) for HAL_Init
    main.o(i.main) refers to main.o(i.SystemClock_Config) for SystemClock_Config
    main.o(i.main) refers to gpio.o(i.MX_GPIO_Init) for MX_GPIO_Init
    main.o(i.main) refers to dma.o(i.MX_DMA_Init) for MX_DMA_Init
    main.o(i.main) refers to can.o(i.MX_CAN1_Init) for MX_CAN1_Init
    main.o(i.main) refers to can.o(i.MX_CAN2_Init) for MX_CAN2_Init
    main.o(i.main) refers to tim.o(i.MX_TIM3_Init) for MX_TIM3_Init
    main.o(i.main) refers to tim.o(i.MX_TIM1_Init) for MX_TIM1_Init
    main.o(i.main) refers to usart.o(i.MX_USART2_UART_Init) for MX_USART2_UART_Init
    main.o(i.main) refers to tim.o(i.MX_TIM2_Init) for MX_TIM2_Init
    main.o(i.main) refers to can_bsp.o(i.platform_filtter_config_setting) for platform_filtter_config_setting
    main.o(i.main) refers to stm32f1xx_hal_can.o(i.HAL_CAN_Start) for HAL_CAN_Start
    main.o(i.main) refers to stm32f1xx_hal_can.o(i.HAL_CAN_ActivateNotification) for HAL_CAN_ActivateNotification
    main.o(i.main) refers to sw_control_task.o(i.SW_control_task_init) for SW_control_task_init
    main.o(i.main) refers to stm32f1xx_hal_tim.o(i.HAL_TIM_Base_Start_IT) for HAL_TIM_Base_Start_IT
    main.o(i.main) refers to stm32f1xx_hal_tim.o(i.HAL_TIM_PWM_Start) for HAL_TIM_PWM_Start
    main.o(i.main) refers to can.o(.bss) for hcan1
    main.o(i.main) refers to tim.o(.bss) for htim1
[...]
    _sys_exit                                0x080004e1   Thumb Code     8  sys_exit.o(.text)
    __I$use$semihosting                      0x080004ed   Thumb Code     0  use_no_semi.o(.text)
    __use_no_semihosting_swi                 0x080004ed   Thumb Code     2  use_no_semi.o(.text)
    __semihosting_library_function           0x080004ef   Thumb Code     0  indicate_semi.o(.text)
    Alive_Tect                               0x080004f1   Thumb Code   124  steering_wheel.o(i.Alive_Tect)
    BusFault_Handler                         0x08000575   Thumb Code     4  stm32f1xx_it.o(i.BusFault_Handler)
    CAN1_RX0_IRQHandler                      0x08000579   Thumb Code    10  stm32f1xx_it.o(i.CAN1_RX0_IRQHandler)
    CAN1_RX1_IRQHandler                      0x08000589   Thumb Code    10  stm32f1xx_it.o(i.CAN1_RX1_IRQHandler)
    CAN2_RX0_IRQHandler                      0x08000599   Thumb Code    10  stm32f1xx_it.o(i.CAN2_RX0_IRQHandler)
    CAN2_RX1_IRQHandler                      0x080005a9   Thumb Code    10  stm32f1xx_it.o(i.CAN2_RX1_IRQHandler)
    DMA1_Channel6_IRQHandler                 0x080005b9   Thumb Code    68  refree.o(i.DMA1_Channel6_IRQHandler)
    DMA1_Channel7_IRQHandler                 0x08000615   Thumb Code    10  stm32f1xx_it.o(i.DMA1_Channel7_IRQHandler)
    DebugMon_Handler                         0x08000651   Thumb Code     2  stm32f1xx_it.o(i.DebugMon_Handler)
    Error_Handler                            0x08000653   Thumb Code     6  main.o(i.Error_Handler)
    Filter                                   0x08000659   Thumb Code    74  steering_wheel.o(i.Filter)
    Filter_Fourier_Init                      0x080006a9   Thumb Code  1248  steering_wheel.o(i.Filter_Fourier_Init)
    Get_CRC16_Check_Sum                      0x08000b89   Thumb Code    46  algorithmofcrc.o(i.Get_CRC16_Check_Sum)
    Get_CRC8_Check_Sum                       0x08000bbd   Thumb Code    30  algorithmofcrc.o(i.Get_CRC8_Check_Sum)
    HAL_CAN_ActivateNotification             0x08000be1   Thumb Code    42  stm32f1xx_hal_can.o(i.HAL_CAN_ActivateNotification)
    HAL_CAN_AddTxMessage                     0x08000c0b   Thumb Code   330  stm32f1xx_hal_can.o(i.HAL_CAN_AddTxMessage)
    HAL_CAN_ConfigFilter                     0x08000d55   Thumb Code   286  stm32f1xx_hal_can.o(i.HAL_CAN_ConfigFilter)
    HAL_CAN_ErrorCallback                    0x08000e79   Thumb Code     2  stm32f1xx_hal_can.o(i.HAL_CAN_ErrorCallback)
    HAL_CAN_GetRxMessage                     0x08000e7b   Thumb Code   404  stm32f1xx_hal_can.o(i.HAL_CAN_GetRxMessage)
    HAL_CAN_GetTxMailboxesFreeLevel          0x0800100f   Thumb Code    54  stm32f1xx_hal_can.o(i.HAL_CAN_GetTxMailboxesFreeLevel)
    HAL_CAN_IRQHandler                       0x08001045   Thumb Code   590  stm32f1xx_hal_can.o(i.HAL_CAN_IRQHandler)
    HAL_CAN_Init                             0x08001293   Thumb Code   372  stm32f1xx_hal_can.o(i.HAL_CAN_Init)
    HAL_CAN_MspInit                          0x08001409   Thumb Code   380  can.o(i.HAL_CAN_MspInit)
    HAL_CAN_RxFifo0FullCallback              0x0800159d   Thumb Code     2  stm32f1xx_hal_can.o(i.HAL_CAN_RxFifo0FullCallback)
    HAL_CAN_RxFifo0MsgPendingCallback        0x080015a1   Thumb Code   206  can_bsp.o(i.HAL_CAN_RxFifo0MsgPendingCallback)
    HAL_CAN_RxFifo1FullCallback              0x08001691   Thumb Code     2  stm32f1xx_hal_can.o(i.HAL_CAN_RxFifo1FullCallback)
    HAL_CAN_RxFifo1MsgPendingCallback        0x08001695   Thumb Code   104  can_bsp.o(i.HAL_CAN_RxFifo1MsgPendingCallback)
    HAL_CAN_SleepCallback                    0x08001711   Thumb Code     2  stm32f1xx_hal_can.o(i.HAL_CAN_SleepCallback)
    HAL_CAN_Start                            0x08001713   Thumb Code    94  stm32f1xx_hal_can.o(i.HAL_CAN_Start)
    HAL_CAN_TxMailbox0AbortCallback          0x08001771   Thumb Code     2  stm32f1xx_hal_can.o(i.HAL_CAN_TxMailbox0AbortCallback)
    HAL_CAN_TxMailbox0CompleteCallback       0x08001773   Thumb Code     2  stm32f1xx_hal_can.o(i.HAL_CAN_TxMailbox0CompleteCallback)
    HAL_CAN_TxMailbox1AbortCallback          0x08001775   Thumb Code     2  stm32f1xx_hal_can.o(i.HAL_CAN_TxMailbox1AbortCallback)
    HAL_CAN_TxMailbox1CompleteCallback       0x08001777   Thumb Code     2  stm32f1xx_hal_can.o(i.HAL_CAN_TxMailbox1CompleteCallback)
    HAL_CAN_TxMailbox2AbortCallback          0x08001779   Thumb Code     2  stm32f1xx_hal_can.o(i.HAL_CAN_TxMailbox2AbortCallback)
    HAL_CAN_TxMailbox2CompleteCallback       0x0800177b   Thumb Code     2  stm32f1xx_hal_can.o(i.HAL_CAN_TxMailbox2CompleteCallback)
    HAL_CAN_WakeUpFromRxMsgCallback          0x0800177d   Thumb Code     2  stm32f1xx_hal_can.o(i.HAL_CAN_WakeUpFromRxMsgCallback)
    HAL_DMA_Abort                            0x0800177f   Thumb Code    86  stm32f1xx_hal_dma.o(i.HAL_DMA_Abort)
    HAL_DMA_GetState                         0x080017d5   Thumb Code     8  stm32f1xx_hal_dma.o(i.HAL_DMA_GetState)
    HAL_DMA_IRQHandler                       0x080017dd   Thumb Code   910  stm32f1xx_hal_dma.o(i.HAL_DMA_IRQHandler)
    HAL_DMA_Init                             0x08001b75   Thumb Code   132  stm32f1xx_hal_dma.o(i.HAL_DMA_Init)
    HAL_DMA_Start_IT                         0x08001c01   Thumb Code   156  stm32f1xx_hal_dma.o(i.HAL_DMA_Start_IT)
    HAL_GPIO_Init                            0x08001c9d   Thumb Code   766  stm32f1xx_hal_gpio.o(i.HAL_GPIO_Init)
    HAL_GPIO_WritePin                        0x08001fbd   Thumb Code    12  stm32f1xx_hal_gpio.o(i.HAL_GPIO_WritePin)
    HAL_GetTick                              0x08001fc9   Thumb Code     6  stm32f1xx_hal.o(i.HAL_GetTick)
    HAL_IncTick                              0x08001fd5   Thumb Code    16  stm32f1xx_hal.o(i.HAL_IncTick)
    HAL_Init                                 0x08001fed   Thumb Code    34  stm32f1xx_hal.o(i.HAL_Init)
    HAL_InitTick                             0x08002015   Thumb Code    64  stm32f1xx_hal.o(i.HAL_InitTick)
    HAL_MspInit                              0x08002061   Thumb Code    76  stm32f1xx_hal_msp.o(i.HAL_MspInit)
    HAL_NVIC_EnableIRQ                       0x080020b5   Thumb Code    32  stm32f1xx_hal_cortex.o(i.HAL_NVIC_EnableIRQ)
    HAL_NVIC_SetPriority                     0x080020d5   Thumb Code   124  stm32f1xx_hal_cortex.o(i.HAL_NVIC_SetPriority)
    HAL_NVIC_SetPriorityGrouping             0x08002151   Thumb Code    32  stm32f1xx_hal_cortex.o(i.HAL_NVIC_SetPriorityGrouping)
    HAL_RCC_ClockConfig                      0x08002179   Thumb Code   376  stm32f1xx_hal_rcc.o(i.HAL_RCC_ClockConfig)
    HAL_RCC_GetHCLKFreq                      0x08002305   Thumb Code     6  stm32f1xx_hal_rcc.o(i.HAL_RCC_GetHCLKFreq)
    HAL_RCC_GetPCLK1Freq                     0x08002311   Thumb Code    22  stm32f1xx_hal_rcc.o(i.HAL_RCC_GetPCLK1Freq)
    HAL_RCC_GetPCLK2Freq                     0x08002331   Thumb Code    22  stm32f1xx_hal_rcc.o(i.HAL_RCC_GetPCLK2Freq)
    HAL_RCC_GetSysClockFreq                  0x08002351   Thumb Code   210  stm32f1xx_hal_rcc.o(i.HAL_RCC_GetSysClockFreq)
    HAL_RCC_OscConfig                        0x08002439   Thumb Code  1378  stm32f1xx_hal_rcc.o(i.HAL_RCC_OscConfig)
    HAL_SYSTICK_Config                       0x080029a5   Thumb Code    52  stm32f1xx_hal_cortex.o(i.HAL_SYSTICK_Config)
    HAL_TIMEx_BreakCallback                  0x080029d9   Thumb Code     2  stm32f1xx_hal_tim_ex.o(i.HAL_TIMEx_BreakCallback)
    HAL_TIMEx_CommutCallback                 0x080029db   Thumb Code     2  stm32f1xx_hal_tim_ex.o(i.HAL_TIMEx_CommutCallback)
    HAL_TIMEx_ConfigBreakDeadTime            0x080029dd   Thumb Code   116  stm32f1xx_hal_tim_ex.o(i.HAL_TIMEx_ConfigBreakDeadTime)
    HAL_TIMEx_MasterConfigSynchronization    0x08002a51   Thumb Code   126  stm32f1xx_hal_tim_ex.o(i.HAL_TIMEx_MasterConfigSynchronization)
    HAL_TIM_Base_Init                        0x08002ae1   Thumb Code   102  stm32f1xx_hal_tim.o(i.HAL_TIM_Base_Init)
    HAL_TIM_Base_MspInit                     0x08002b49   Thumb Code   166  tim.o(i.HAL_TIM_Base_MspInit)
    HAL_TIM_Base_Start_IT                    0x08002bfd   Thumb Code   114  stm32f1xx_hal_tim.o(i.HAL_TIM_Base_Start_IT)
    HAL_TIM_ConfigClockSource                0x08002c81   Thumb Code   268  stm32f1xx_hal_tim.o(i.HAL_TIM_ConfigClockSource)
    HAL_TIM_IC_CaptureCallback               0x08002d8d   Thumb Code     2  stm32f1xx_hal_tim.o(i.HAL_TIM_IC_CaptureCallback)
    HAL_TIM_IRQHandler                       0x08002d8f   Thumb Code   406  stm32f1xx_hal_tim.o(i.HAL_TIM_IRQHandler)
    HAL_TIM_MspPostInit                      0x08002f25   Thumb Code    74  tim.o(i.HAL_TIM_MspPostInit)
    HAL_TIM_OC_DelayElapsedCallback          0x08002f7d   Thumb Code     2  stm32f1xx_hal_tim.o(i.HAL_TIM_OC_DelayElapsedCallback)
    HAL_TIM_PWM_ConfigChannel                0x08002f7f   Thumb Code   260  stm32f1xx_hal_tim.o(i.HAL_TIM_PWM_ConfigChannel)
    HAL_TIM_PWM_Init                         0x08003083   Thumb Code   102  stm32f1xx_hal_tim.o(i.HAL_TIM_PWM_Init)
    HAL_TIM_PWM_MspInit                      0x080030e9   Thumb Code     2  stm32f1xx_hal_tim.o(i.HAL_TIM_PWM_MspInit)
    HAL_TIM_PWM_PulseFinishedCallback        0x080030eb   Thumb Code     2  stm32f1xx_hal_tim.o(i.HAL_TIM_PWM_PulseFinishedCallback)
    HAL_TIM_PWM_Start                        0x080030ed   Thumb Code   206  stm32f1xx_hal_tim.o(i.HAL_TIM_PWM_Start)
    HAL_TIM_PWM_Stop                         0x080031cd   Thumb Code   152  stm32f1xx_hal_tim.o(i.HAL_TIM_PWM_Stop)
    HAL_TIM_PeriodElapsedCallback            0x08003269   Thumb Code   112  task_scheduler.o(i.HAL_TIM_PeriodElapsedCallback)
    HAL_TIM_TriggerCallback                  0x080032ed   Thumb Code     2  stm32f1xx_hal_tim.o(i.HAL_TIM_TriggerCallback)
    HAL_UARTEx_RxEventCallback               0x080032ef   Thumb Code     2  stm32f1xx_hal_uart.o(i.HAL_UARTEx_RxEventCallback)
    HAL_UART_DMAStop                         0x080032f1   Thumb Code   138  stm32f1xx_hal_uart.o(i.HAL_UART_DMAStop)
    HAL_UART_ErrorCallback                   0x0800337b   Thumb Code     2  stm32f1xx_hal_uart.o(i.HAL_UART_ErrorCallback)
    HAL_UART_Init                            0x0800337d   Thumb Code   118  stm32f1xx_hal_uart.o(i.HAL_UART_Init)
    HAL_UART_MspInit                         0x080033f5   Thumb Code   230  usart.o(i.HAL_UART_MspInit)
    HAL_UART_Receive_DMA                     0x080034f5   Thumb Code    44  stm32f1xx_hal_uart.o(i.HAL_UART_Receive_DMA)
    HAL_UART_RxCpltCallback                  0x08003521   Thumb Code     2  stm32f1xx_hal_uart.o(i.HAL_UART_RxCpltCallback)
    HAL_UART_RxHalfCpltCallback              0x08003523   Thumb Code     2  stm32f1xx_hal_uart.o(i.HAL_UART_RxHalfCpltCallback)
    HardFault_Handler                        0x08003525   Thumb Code    80  stm32f1xx_it.o(i.HardFault_Handler)
    JudgeBuffReceive                         0x08003579   Thumb Code   444  refree.o(i.JudgeBuffReceive)
    M3508_Init                               0x08003749   Thumb Code    30  m3508.o(i.M3508_Init)
    M3508_command_transmit                   0x08003775   Thumb Code   230  m3508_bsp.o(i.M3508_command_transmit)
    M3508_feedback_handler                   0x0800385d   Thumb Code    36  m3508.o(i.M3508_feedback_handler)
    M3508_feedback_process                   0x08003885   Thumb Code   298  m3508_bsp.o(i.M3508_feedback_process)
    M3508_from_lsb_to_position_deg           0x080039b1   Thumb Code    28  m3508_bsp.o(i.M3508_from_lsb_to_position_deg)
    M3508_from_lsb_to_position_rad           0x080039d5   Thumb Code    58  m3508_bsp.o(i.M3508_from_lsb_to_position_rad)
    M3508_from_lsb_to_torque_current         0x08003a1d   Thumb Code    30  m3508_bsp.o(i.M3508_from_lsb_to_torque_current)
    M3508_from_torque_current_to_torque      0x08003a41   Thumb Code    34  m3508_bsp.o(i.M3508_from_torque_current_to_torque)
    M3508_gear_command_transmit              0x08003a69   Thumb Code    22  m3508_gear_bsp.o(i.M3508_gear_command_transmit)
    M3508_gear_feedback_handler              0x08003a7f   Thumb Code    36  m3508_gear.o(i.M3508_gear_feedback_handler)
    M3508_gear_feedback_process              0x08003aa5   Thumb Code   228  m3508_gear_bsp.o(i.M3508_gear_feedback_process)
    M3508_gear_parameter_init                0x08003b91   Thumb Code    36  m3508_gear.o(i.M3508_gear_parameter_init)
    M3508_gear_set_torque_current_lsb        0x08003bb5   Thumb Code    50  m3508_gear.o(i.M3508_gear_set_torque_current_lsb)
    M3508_set_single_motor_current           0x08003be9   Thumb Code    64  m3508.o(i.M3508_set_single_motor_current)
    MX_CAN1_Init                             0x08003c2d   Thumb Code    60  can.o(i.MX_CAN1_Init)
    MX_CAN2_Init                             0x08003c71   Thumb Code    60  can.o(i.MX_CAN2_Init)
    MX_DMA_Init                              0x08003cb5   Thumb Code    64  dma.o(i.MX_DMA_Init)
    MX_GPIO_Init                             0x08003cf9   Thumb Code   130  gpio.o(i.MX_GPIO_Init)
    MX_TIM1_Init                             0x08003d85   Thumb Code   208  tim.o(i.MX_TIM1_Init)
    MX_TIM2_Init                             0x08003e5d   Thumb Code   102  tim.o(i.MX_TIM2_Init)
    MX_TIM3_Init                             0x08003ec9   Thumb Code   100  tim.o(i.MX_TIM3_Init)
    MX_USART2_UART_Init                      0x08003f35   Thumb Code    72  usart.o(i.MX_USART2_UART_Init)
    Math_Sinc                                0x08003f89   Thumb Code   108  steering_wheel.o(i.Math_Sinc)
    MemManage_Handler                        0x08003ff5   Thumb Code     4  stm32f1xx_it.o(i.MemManage_Handler)
    My_atan                                  0x08003ff9   Thumb Code   140  steering_communication.o(i.My_atan)
    NMI_Handler                              0x08004095   Thumb Code     4  stm32f1xx_it.o(i.NMI_Handler)
    PID_Controller                           0x08004099   Thumb Code    88  pid_regulator.o(i.PID_Controller)
    PID_HandleInit                           0x080040f1   Thumb Code    20  pid_regulator.o(i.PID_HandleInit)
    PI_Controller                            0x08004105   Thumb Code   158  pid_regulator.o(i.PI_Controller)
    PendSV_Handler                           0x080041a9   Thumb Code     2  stm32f1xx_it.o(i.PendSV_Handler)
    SVC_Handler                              0x080041d5   Thumb Code     2  stm32f1xx_it.o(i.SVC_Handler)
    SW_control_task                          0x080041d9   Thumb Code    30  sw_control_task.o(i.SW_control_task)
    SW_control_task_init                     0x08004201   Thumb Code    56  sw_control_task.o(i.SW_control_task_init)
    Sqrt                                     0x08004241   Thumb Code   122  chassis_power_control.o(i.Sqrt)
    Steering_CheckHandleLegitimacy           0x080042c1   Thumb Code    30  steering_wheel.o(i.Steering_CheckHandleLegitimacy)
    Steering_Communication_SubscribeList_Init 0x080042e5   Thumb Code    14  steering_communication.o(i.Steering_Communication_SubscribeList_Init)
    Steering_FindSteeringHandle_via_CANID    0x080042f9   Thumb Code    36  steering_wheel.o(i.Steering_FindSteeringHandle_via_CANID)
    Steering_HandleListAdd                   0x08004321   Thumb Code    44  steering_wheel.o(i.Steering_HandleListAdd)
    Steering_Wheel_CommandTransmit           0x08004351   Thumb Code    64  steering_wheel.o(i.Steering_Wheel_CommandTransmit)
    Steering_Wheel_CommandUpdate             0x08004391   Thumb Code    20  steering_wheel.o(i.Steering_Wheel_CommandUpdate)
    Steering_Wheel_HandleInit                0x080043a5   Thumb Code   214  steering_wheel.o(i.Steering_Wheel_HandleInit)
    Steering_Wheel_MotorAndEncoderFeedbackUpdate 0x080044a1   Thumb Code   136  steering_wheel.o(i.Steering_Wheel_MotorAndEncoderFeedbackUpdate)
    Steering_Wheel_MotorAndEncoderStatusUpdate 0x0800452d   Thumb Code    98  steering_wheel.o(i.Steering_Wheel_MotorAndEncoderStatusUpdate)
    Steering_Wheel_MotorCommandUpdate        0x08004591   Thumb Code   428  steering_wheel.o(i.Steering_Wheel_MotorCommandUpdate)
    Steering_Wheel_PID_HandleInit            0x08004759   Thumb Code   194  steering_wheel.o(i.Steering_Wheel_PID_HandleInit)
    Steering_Wheel_PartCommandUpdate         0x0800481b   Thumb Code    16  steering_wheel.o(i.Steering_Wheel_PartCommandUpdate)
    Steering_Wheel_PartStatusUpdate          0x0800482b   Thumb Code    34  steering_wheel.o(i.Steering_Wheel_PartStatusUpdate)
    Steering_Wheel_SetProtocolArcMode        0x0800484d   Thumb Code    30  steering_wheel.o(i.Steering_Wheel_SetProtocolArcMode)
    Steering_Wheel_SetProtocolDegMode        0x0800486b   Thumb Code    30  steering_wheel.o(i.Steering_Wheel_SetProtocolDegMode)
    Steering_Wheel_SetProtocolPosition       0x08004889   Thumb Code    10  steering_wheel.o(i.Steering_Wheel_SetProtocolPosition)
    Steering_Wheel_SetProtocolSpeed          0x08004893   Thumb Code    10  steering_wheel.o(i.Steering_Wheel_SetProtocolSpeed)
    Steering_Wheel_StatusUpdate              0x0800489d   Thumb Code    38  steering_wheel.o(i.Steering_Wheel_StatusUpdate)
    SysTick_Handler                          0x080048c3   Thumb Code     8  stm32f1xx_it.o(i.SysTick_Handler)
    SystemClock_Config                       0x080048cd   Thumb Code   116  main.o(i.SystemClock_Config)
    SystemInit                               0x08004945   Thumb Code     2  system_stm32f1xx.o(i.SystemInit)
    TIM1_UP_IRQHandler                       0x08004949   Thumb Code    10  stm32f1xx_it.o(i.TIM1_UP_IRQHandler)
    TIM2_IRQHandler                          0x08004959   Thumb Code    10  stm32f1xx_it.o(i.TIM2_IRQHandler)
    TIM3_IRQHandler                          0x08004969   Thumb Code    10  stm32f1xx_it.o(i.TIM3_IRQHandler)
    TIM_Base_SetConfig                       0x08004979   Thumb Code   116  stm32f1xx_hal_tim.o(i.TIM_Base_SetConfig)
    TIM_CCxChannelCmd                        0x080049fd   Thumb Code    34  stm32f1xx_hal_tim.o(i.TIM_CCxChannelCmd)
    TIM_ETR_SetConfig                        0x08004a1f   Thumb Code    22  stm32f1xx_hal_tim.o(i.TIM_ETR_SetConfig)
    TIM_OC2_SetConfig                        0x08004aa9   Thumb Code   100  stm32f1xx_hal_tim.o(i.TIM_OC2_SetConfig)
    UART_Start_Receive_DMA                   0x08004ec5   Thumb Code   186  stm32f1xx_hal_uart.o(i.UART_Start_Receive_DMA)
    UsageFault_Handler                       0x08004f8d   Thumb Code     4  stm32f1xx_it.o(i.UsageFault_Handler)
    Verify_CRC16_Check_Sum                   0x08004f91   Thumb Code    60  algorithmofcrc.o(i.Verify_CRC16_Check_Sum)
    Verify_CRC8_Check_Sum                    0x08004fd1   Thumb Code    46  algorithmofcrc.o(i.Verify_CRC8_Check_Sum)
    __ARM_fpclassify                         0x08004fff   Thumb Code    40  fpclassify.o(i.__ARM_fpclassify)
    __ieee754_rem_pio2                       0x08005061   Thumb Code   828  rred.o(i.__ieee754_rem_pio2)
    __kernel_cos                             0x080053e9   Thumb Code   230  cos_i.o(i.__kernel_cos)
    __kernel_poly                            0x080054e5   Thumb Code   170  poly.o(i.__kernel_poly)
    __kernel_sin                             0x08005591   Thumb Code   224  sin_i.o(i.__kernel_sin)
    __mathlib_dbl_infnan                     0x0800567d   Thumb Code     6  dunder.o(i.__mathlib_dbl_infnan)
    __mathlib_dbl_infnan2                    0x08005683   Thumb Code     4  dunder.o(i.__mathlib_dbl_infnan2)
    __mathlib_dbl_invalid                    0x08005687   Thumb Code    12  dunder.o(i.__mathlib_dbl_invalid)
    __mathlib_dbl_underflow                  0x08005695   Thumb Code    10  dunder.o(i.__mathlib_dbl_underflow)
    atan                                     0x080056a5   Thumb Code   474  atan.o(i.atan)
    atan2                                    0x080058c5   Thumb Code   346  atan2.o(i.atan2)
    briter_encoder_Init                      0x08005a45   Thumb Code    30  briter_encoder.o(i.briter_encoder_Init)
    briter_encoder_command_transmit          0x08005a75   Thumb Code    28  briter_encoder_bsp.o(i.briter_encoder_command_transmit)
    briter_encoder_feedback_handler          0x08005a91   Thumb Code    22  briter_encoder.o(i.briter_encoder_feedback_handler)
    briter_encoder_feedback_process          0x08005aa7   Thumb Code    50  briter_encoder_bsp.o(i.briter_encoder_feedback_process)
    briter_encoder_parameter_init            0x08005ad9   Thumb Code    22  briter_encoder.o(i.briter_encoder_parameter_init)
    briter_encoder_request_tatal_angle       0x08005af1   Thumb Code    44  briter_encoder.o(i.briter_encoder_request_tatal_angle)
    buzzer_handleInit                        0x08005b21   Thumb Code    38  buzzer.o(i.buzzer_handleInit)
    buzzer_init_example                      0x08005b55   Thumb Code    62  buzzer.o(i.buzzer_init_example)
    buzzer_on                                0x08005ba1   Thumb Code    14  stm32f1xx_it.o(i.buzzer_on)
    buzzer_setTask                           0x08005bb5   Thumb Code    18  buzzer.o(i.buzzer_setTask)
    calculate_torque_current_according_to_scaled_power 0x08005bc9   Thumb Code   492  chassis_power_control.o(i.calculate_torque_current_according_to_scaled_power)
    calculate_total_power                    0x08005de5   Thumb Code    78  chassis_power_control.o(i.calculate_total_power)
    calculate_true_power                     0x08005e39   Thumb Code    44  chassis_power_control.o(i.calculate_true_power)
    can_filter_set                           0x08005e65   Thumb Code   194  can_bsp.o(i.can_filter_set)
    expert_power_calculate                   0x08005f29   Thumb Code   456  chassis_power_control.o(i.expert_power_calculate)
    limit_power_data_unpack                  0x08006119   Thumb Code    26  chassis_power_control.o(i.limit_power_data_unpack)
    main                                     0x08006135   Thumb Code   122  main.o(i.main)
    platform_filtter_config_setting          0x080061c5   Thumb Code   158  can_bsp.o(i.platform_filtter_config_setting)
    sign                                     0x08006389   Thumb Code    22  chassis_power_control.o(i.sign)
    sin                                      0x080063a1   Thumb Code   150  sin.o(i.sin)
    sqrtf                                    0x08006441   Thumb Code    44  sqrtf.o(i.sqrtf)
    steering_communication_ADD_SUBSCRIBE_VALUE_handler 0x0800646d   Thumb Code   202  steering_communication.o(i.steering_communication_ADD_SUBSCRIBE_VALUE_handler)
    steering_communication_CHECK_SUBSCRIBE_LIST_handler 0x0800653d   Thumb Code    56  steering_communication.o(i.steering_communication_CHECK_SUBSCRIBE_LIST_handler)
    steering_communication_DELETE_SUBSCRIBED_VALUE_handler 0x08006579   Thumb Code   128  steering_communication.o(i.steering_communication_DELETE_SUBSCRIBED_VALUE_handler)
    steering_communication_GET_PID_PARAMETER_handler 0x080065fd   Thumb Code   224  steering_communication.o(i.steering_communication_GET_PID_PARAMETER_handler)
    steering_communication_GET_PID_PARAMETER_term_handler 0x080066dd   Thumb Code   152  steering_communication.o(i.steering_communication_GET_PID_PARAMETER_term_handler)
    steering_communication_SET_DISABLE_OPERATION_MODE_handler 0x08006775   Thumb Code    66  steering_communication.o(i.steering_communication_SET_DISABLE_OPERATION_MODE_handler)
    steering_communication_SET_ENABLE_OPERATION_MODE_handler 0x080067b7   Thumb Code    66  steering_communication.o(i.steering_communication_SET_ENABLE_OPERATION_MODE_handler)
    steering_communication_SET_PID_PARAMETER_handler 0x080067f9   Thumb Code   144  steering_communication.o(i.steering_communication_SET_PID_PARAMETER_handler)
    steering_communication_SET_PID_PARAMETER_term_handler 0x08006889   Thumb Code    86  steering_communication.o(i.steering_communication_SET_PID_PARAMETER_term_handler)
    steering_communication_SET_VELOCITY_VECTOR_handler 0x080068e1   Thumb Code    90  steering_communication.o(i.steering_communication_SET_VELOCITY_VECTOR_handler)
    steering_communication_SubscirbeList_CheckAvailable 0x08006941   Thumb Code    32  steering_communication.o(i.steering_communication_SubscirbeList_CheckAvailable)
    steering_communication_SubscirbeList_CheckRepeatability 0x08006961   Thumb Code    36  steering_communication.o(i.steering_communication_SubscirbeList_CheckRepeatability)
    steering_communication_SubscribeList_TryDelete 0x08006985   Thumb Code    52  steering_communication.o(i.steering_communication_SubscribeList_TryDelete)
    steering_communication_SubscribeList_TryIncert 0x080069b9   Thumb Code   146  steering_communication.o(i.steering_communication_SubscribeList_TryIncert)
    steering_communication_Subscribe_GetValueAdd 0x08006a4b   Thumb Code    48  steering_communication.o(i.steering_communication_Subscribe_GetValueAdd)
    steering_communication_init              0x08006a7d   Thumb Code    40  steering_communication.o(i.steering_communication_init)
    steering_communication_receive_unpack    0x08006ab5   Thumb Code    36  steering_communication_bsp.o(i.steering_communication_receive_unpack)
    steering_communication_rx_handler        0x08006ad9   Thumb Code   508  steering_communication.o(i.steering_communication_rx_handler)
    steering_communication_transmit          0x08006cdd   Thumb Code    36  steering_communication_bsp.o(i.steering_communication_transmit)
    steering_wheel_dataprocess               0x08006d01   Thumb Code   214  steering_communication.o(i.steering_wheel_dataprocess)
    steering_wheel_feedback_handler          0x08006df1   Thumb Code    16  steering_communication.o(i.steering_wheel_feedback_handler)
    wheel_data_init                          0x08006e01   Thumb Code    28  chassis_power_control.o(i.wheel_data_init)
    wheel_data_pack                          0x08006e1d   Thumb Code    28  chassis_power_control.o(i.wheel_data_pack)
    wheel_data_send                          0x08006e3d   Thumb Code    34  chassis_power_control.o(i.wheel_data_send)
    wheel_data_unpack                        0x08006e65   Thumb Code    12  chassis_power_control.o(i.wheel_data_unpack)
    __aeabi_d2f                              0x08006e71   Thumb Code     0  d2f.o(x$fpl$d2f)
    _d2f                                     0x08006e71   Thumb Code    98  d2f.o(x$fpl$d2f)
    __aeabi_dadd                             0x08006ed5   Thumb Code     0  daddsub_clz.o(x$fpl$dadd)
    _dadd                                    0x08006ed5   Thumb Code   332  daddsub_clz.o(x$fpl$dadd)
    __fpl_dcheck_NaN1                        0x08007025   Thumb Code    10  dcheck1.o(x$fpl$dcheck1)
    __fpl_dcmp_Inf                           0x08007035   Thumb Code    24  dcmpi.o(x$fpl$dcmpinf)
    __aeabi_ddiv                             0x0800704d   Thumb Code     0  ddiv.o(x$fpl$ddiv)
    _ddiv                                    0x0800704d   Thumb Code   552  ddiv.o(x$fpl$ddiv)
    __aeabi_cdcmpeq                          0x080072fd   Thumb Code     0  deqf.o(x$fpl$deqf)
    _dcmpeq                                  0x080072fd   Thumb Code   120  deqf.o(x$fpl$deqf)
    __aeabi_d2iz                             0x08007375   Thumb Code     0  dfix.o(x$fpl$dfix)
    _dfix                                    0x08007375   Thumb Code    94  dfix.o(x$fpl$dfix)
    __aeabi_i2d                              0x080073d3   Thumb Code     0  dflt_clz.o(x$fpl$dflt)
    _dflt                                    0x080073d3   Thumb Code    46  dflt_clz.o(x$fpl$dflt)
    __aeabi_ui2d                             0x08007401   Thumb Code     0  dflt_clz.o(x$fpl$dfltu)
    _dfltu                                   0x08007401   Thumb Code    38  dflt_clz.o(x$fpl$dfltu)
    __aeabi_cdcmple                          0x08007429   Thumb Code     0  dleqf.o(x$fpl$dleqf)
    _dcmple                                  0x08007429   Thumb Code   120  dleqf.o(x$fpl$dleqf)
    __fpl_dcmple_InfNaN                      0x0800748b   Thumb Code     0  dleqf.o(x$fpl$dleqf)
    __aeabi_dmul                             0x080074a1   Thumb Code     0  dmul.o(x$fpl$dmul)
    _dmul                                    0x080074a1   Thumb Code   332  dmul.o(x$fpl$dmul)
    __fpl_dnaninf                            0x080075f5   Thumb Code   156  dnaninf.o(x$fpl$dnaninf)
    __fpl_dretinf                            0x08007691   Thumb Code    12  dretinf.o(x$fpl$dretinf)
    __aeabi_cdrcmple                         0x0800769d   Thumb Code     0  drleqf.o(x$fpl$drleqf)
    _drcmple                                 0x0800769d   Thumb Code   108  drleqf.o(x$fpl$drleqf)
    __aeabi_drsub                            0x08007709   Thumb Code     0  daddsub_clz.o(x$fpl$drsb)
    _drsb                                    0x08007709   Thumb Code    22  daddsub_clz.o(x$fpl$drsb)
    __aeabi_dsub                             0x08007721   Thumb Code     0  daddsub_clz.o(x$fpl$dsub)
    _dsub                                    0x08007721   Thumb Code   464  daddsub_clz.o(x$fpl$dsub)
    __aeabi_f2d                              0x080078f5   Thumb Code     0  f2d.o(x$fpl$f2d)
    _f2d                                     0x080078f5   Thumb Code    86  f2d.o(x$fpl$f2d)
    __aeabi_fadd                             0x0800794d   Thumb Code     0  faddsub_clz.o(x$fpl$fadd)
    _fadd                                    0x0800794d   Thumb Code   196  faddsub_clz.o(x$fpl$fadd)
    __fpl_fcmp_Inf                           0x08007a11   Thumb Code    24  fcmpi.o(x$fpl$fcmpinf)
    __aeabi_fdiv                             0x08007a29   Thumb Code     0  fdiv.o(x$fpl$fdiv)
    _fdiv                                    0x08007a29   Thumb Code   384  fdiv.o(x$fpl$fdiv)
    __aeabi_cfcmpeq                          0x08007bad   Thumb Code     0  feqf.o(x$fpl$feqf)
    _fcmpeq                                  0x08007bad   Thumb Code   104  feqf.o(x$fpl$feqf)
    __aeabi_f2iz                             0x08007c15   Thumb Code     0  ffix.o(x$fpl$ffix)
    _ffix                                    0x08007c15   Thumb Code    54  ffix.o(x$fpl$ffix)
    __aeabi_f2uiz                            0x08007c4d   Thumb Code     0  ffixu.o(x$fpl$ffixu)
    _ffixu                                   0x08007c4d   Thumb Code    62  ffixu.o(x$fpl$ffixu)
    __aeabi_i2f                              0x08007c8d   Thumb Code     0  fflt_clz.o(x$fpl$fflt)
    _fflt                                    0x08007c8d   Thumb Code    48  fflt_clz.o(x$fpl$fflt)
    __aeabi_ui2f                             0x08007cbd   Thumb Code     0  fflt_clz.o(x$fpl$ffltu)
    _ffltu                                   0x08007cbd   Thumb Code    38  fflt_clz.o(x$fpl$ffltu)
    __aeabi_cfcmple                          0x08007ce5   Thumb Code     0  fleqf.o(x$fpl$fleqf)
    _fcmple                                  0x08007ce5   Thumb Code   104  fleqf.o(x$fpl$fleqf)
    __fpl_fcmple_InfNaN                      0x08007d37   Thumb Code     0  fleqf.o(x$fpl$fleqf)
    __aeabi_fmul                             0x08007d4d   Thumb Code     0  fmul.o(x$fpl$fmul)
    _fmul                                    0x08007d4d   Thumb Code   258  fmul.o(x$fpl$fmul)
    __fpl_fnaninf                            0x08007e4f   Thumb Code   140  fnaninf.o(x$fpl$fnaninf)
    __fpl_fretinf                            0x08007edb   Thumb Code    10  fretinf.o(x$fpl$fretinf)
    __aeabi_cfrcmple                         0x08007ee5   Thumb Code     0  frleqf.o(x$fpl$frleqf)
    _frcmple                                 0x08007ee5   Thumb Code    98  frleqf.o(x$fpl$frleqf)
    __aeabi_frsub                            0x08007f47   Thumb Code     0  faddsub_clz.o(x$fpl$frsb)
    _frsb                                    0x08007f47   Thumb Code    20  faddsub_clz.o(x$fpl$frsb)
    _fsqrt                                   0x08007f5d   Thumb Code   272  fsqrt.o(x$fpl$fsqrt)
    __aeabi_fsub                             0x0800806d   Thumb Code     0  faddsub_clz.o(x$fpl$fsub)
    _fsub                                    0x0800806d   Thumb Code   234  faddsub_clz.o(x$fpl$fsub)
    __fpl_return_NaN                         0x08008157   Thumb Code   100  retnan.o(x$fpl$retnan)
    __ARM_scalbn                             0x080081bb   Thumb Code    92  scalbn.o(x$fpl$scalbn)
    __fpl_cmpreturn                          0x08008217   Thumb Code    48  trapv.o(x$fpl$trapveneer)
    __I$use$fp                               0x08008246   Number         0  usenofp.o(x$fpl$usenofp)
    AHBPrescTable                            0x08008264   Data          16  system_stm32f1xx.o(.constdata)
    APBPrescTable                            0x08008274   Data           8  system_stm32f1xx.o(.constdata)
    CRC8_INIT                                0x0800827c   Data           1  algorithmofcrc.o(.constdata)
    CRC8_TAB                                 0x0800827d   Data         256  algorithmofcrc.o(.constdata)
    wCRC_Table                               0x0800837e   Data         512  algorithmofcrc.o(.constdata)
    __mathlib_zero                           0x08008648   Data           8  qnan.o(.constdata)
    Region$$Table$$Base                      0x08008740   Number         0  anon$$obj.o(Region$$Table)
    Region$$Table$$Limit                     0x08008760   Number         0  anon$$obj.o(Region$$Table)
    uwTick                                   0x20000004   Data           4  stm32f1xx_hal.o(.data)
    uwTickPrio                               0x20000008   Data           4  stm32f1xx_hal.o(.data)
    uwTickFreq                               0x2000000c   Data           1  stm32f1xx_hal.o(.data)
    SystemCoreClock                          0x20000010   Data           4  system_stm32f1xx.o(.data)
    ms_count                                 0x20000014   Data           4  task_scheduler.o(.data)
    s_count                                  0x20000018   Data           4  task_scheduler.o(.data)
    total_count                              0x2000001c   Data           4  task_scheduler.o(.data)
    bsp_flag                                 0x20000024   Data           4  can_bsp.o(.data)
    M3508_pTxMailbox                         0x20000028   Data           4  m3508.o(.data)
    M3508_ctx                                0x2000002c   Data           8  m3508.o(.data)
    briter_encoder_pTxMailbox                0x20000034   Data           4  briter_encoder.o(.data)
    briter_encoder_ctx                       0x20000038   Data           8  briter_encoder.o(.data)
    test_Frequency_Low                       0x20000040   Data           4  steering_wheel.o(.data)
    testt                                    0x20000044   Data           2  steering_wheel.o(.data)
    test_pos                                 0x20000046   Data           2  steering_wheel.o(.data)
    test_pos_now                             0x20000048   Data           2  steering_wheel.o(.data)
    test_torque_low_pass                     0x2000004a   Data           2  steering_wheel.o(.data)
    steering_communication_pTxMailbox        0x2000004c   Data           4  steering_communication.o(.data)
    steering_communication_ctx               0x20000050   Data           8  steering_communication.o(.data)
    a_1                                      0x20000058   Data           1  steering_communication.o(.data)
    a_2                                      0x20000059   Data           1  steering_communication.o(.data)
    fill_cnt                                 0x2000005a   Data           1  steering_communication.o(.data)
    CRC_INIT                                 0x2000005c   Data           2  algorithmofcrc.o(.data)
    Last_chassisPower                        0x20000060   Data           4  refree.o(.data)
    SampleTick                               0x20000064   Data           4  refree.o(.data)
    SampleCount                              0x20000068   Data           4  refree.o(.data)
    Last_SampleTick                          0x2000006c   Data           4  refree.o(.data)
    delt_Tick                                0x20000070   Data           4  refree.o(.data)
    Less60                                   0x20000074   Data           4  refree.o(.data)
    Less100                                  0x20000078   Data           4  refree.o(.data)
    From100_200                              0x2000007c   Data           4  refree.o(.data)
    More200                                  0x20000080   Data           4  refree.o(.data)
    TickCount                                0x20000084   Data           1  refree.o(.data)
    receivePower                             0x20000086   Data           2  refree.o(.data)
    hcan1                                    0x20000088   Data          40  can.o(.bss)
    hcan2                                    0x200000b0   Data          40  can.o(.bss)
    htim1                                    0x200000d8   Data          72  tim.o(.bss)
    htim2                                    0x20000120   Data          72  tim.o(.bss)
    htim3                                    0x20000168   Data          72  tim.o(.bss)
    rx_buffer                                0x200001b0   Data          90  usart.o(.bss)
    huart2                                   0x2000020c   Data          72  usart.o(.bss)
    hdma_usart2_rx                           0x20000254   Data          68  usart.o(.bss)
    hdma_usart2_tx                           0x20000298   Data          68  usart.o(.bss)
    steering_wheel                           0x200002dc   Data         628  sw_control_task.o(.bss)
    M3508_bus_1                              0x20000550   Data         400  m3508.o(.bss)
    M3508_bus_2                              0x200006e0   Data         400  m3508.o(.bss)
    M3508_CAN_TxHeaderStruct                 0x20000870   Data          24  m3508.o(.bss)
    briter_encoder_CAN_TxHeaderStruct        0x20000888   Data          24  briter_encoder.o(.bss)
    briter_encoder                           0x200008a0   Data          48  briter_encoder.o(.bss)
    record_data_exp_speed                    0x200008d0   Data         200  steering_wheel.o(.bss)
    record_data_act_speed                    0x20000998   Data         200  steering_wheel.o(.bss)
    record_data_exp_torque                   0x20000a60   Data         200  steering_wheel.o(.bss)
    Fourier_Filter                           0x20000b28   Data         444  steering_wheel.o(.bss)
    steering_handle_list                     0x20000ce4   Data          32  steering_wheel.o(.bss)
    wheel_communication                      0x20000d04   Data         160  steering_communication.o(.bss)
    steering_communication_CAN_TxHeaderStruct 0x20000da4   Data          24  steering_communication.o(.bss)
    steering_communication_subscribe_list    0x20000dbc   Data         192  steering_communication.o(.bss)
    chassis_power_control                    0x20000e7c   Data          32  chassis_power_control.o(.bss)
    wheel_data                               0x20000e9c   Data         160  chassis_power_control.o(.bss)
    buzzer                                   0x20000f3c   Data          36  buzzer.o(.bss)
    SaveBuffer                               0x20000f60   Data          90  refree.o(.bss)
    JudgeReceive                             0x20000fbc   Data          44  refree.o(.bss)
    JudgeReceiveBuffer                       0x20000fe8   Data          45  refree.o(.bss)
    __libspace_start                         0x20001018   Data          96  libspace.o(.bss)
    __temporary_stack_top$libspace           0x20001078   Data           0  libspace.o(.bss)



==============================================================================

Memory Map of the image

  Image Entry point : 0x08000151

  Load Region LR_IROM1 (Base: 0x08000000, Size: 0x000087e8, Max: 0x00040000, ABSOLUTE)

    Execution Region ER_IROM1 (Exec base: 0x08000000, Load base: 0x08000000, Size: 0x00008760, Max: 0x00040000, ABSOLUTE)

    Exec Addr    Load Addr    Size         Type   Attr      Idx    E Section Name        Object

    0x08000000   0x08000000   0x00000150   Data   RO            3    RESET               startup_stm32f105xc.o
    0x08000150   0x08000150   0x00000008   Code   RO         4651  * !!!main             c_w.l(__main.o)
    0x08000158   0x08000158   0x00000034   Code   RO         4999    !!!scatter          c_w.l(__scatter.o)
    0x0800018c   0x0800018c   0x0000001a   Code   RO         5001    !!handler_copy      c_w.l(__scatter_copy.o)
    0x080001a6   0x080001a6   0x00000002   PAD
    0x080001a8   0x080001a8   0x0000001c   Code   RO         5003    !!handler_zi        c_w.l(__scatter_zi.o)
    0x080001c4   0x080001c4   0x00000002   Code   RO         4868    .ARM.Collect$$libinit$$00000000  c_w.l(libinit.o)
    0x080001c6   0x080001c6   0x00000000   Code   RO         4880    .ARM.Collect$$libinit$$00000002  c_w.l(libinit2.o)
    0x080001c6   0x080001c6   0x00000000   Code   RO         4882    .ARM.Collect$$libinit$$00000004  c_w.l(libinit2.o)
    0x080001c6   0x080001c6   0x00000000   Code   RO         4885    .ARM.Collect$$libinit$$0000000A  c_w.l(libinit2.o)
    0x080001c6   0x080001c6   0x00000000   Code   RO         4887    .ARM.Collect$$libinit$$0000000C  c_w.l(libinit2.o)
    0x080001c6   0x080001c6   0x00000000   Code   RO         4889    .ARM.Collect$$libinit$$0000000E  c_w.l(libinit2.o)
    0x080001c6   0x080001c6   0x00000000   Code   RO         4892    .ARM.Collect$$libinit$$00000011  c_w.l(libinit2.o)
    0x080001c6   0x080001c6   0x00000000   Code   RO         4894    .ARM.Collect$$libinit$$00000013  c_w.l(libinit2.o)
    0x080001c6   0x080001c6   0x00000000   Code   RO         4896    .ARM.Collect$$libinit$$00000015  c_w.l(libinit2.o)
    0x080001c6   0x080001c6   0x00000000   Code   RO         4898    .ARM.Collect$$libinit$$00000017  c_w.l(libinit2.o)
    0x080001c6   0x080001c6   0x00000000   Code   RO         4900    .ARM.Collect$$libinit$$00000019  c_w.l(libinit2.o)
    0x080001c6   0x080001c6   0x00000000   Code   RO         4902    .ARM.Collect$$libinit$$0000001B  c_w.l(libinit2.o)
    0x080001c6   0x080001c6   0x00000000   Code   RO         4904    .ARM.Collect$$libinit$$0000001D  c_w.l(libinit2.o)
    0x080001c6   0x080001c6   0x00000000   Code   RO         4906    .ARM.Collect$$libinit$$0000001F  c_w.l(libinit2.o)
    0x080001c6   0x080001c6   0x00000000   Code   RO         4908    .ARM.Collect$$libinit$$00000021  c_w.l(libinit2.o)
    0x080001c6   0x080001c6   0x00000000   Code   RO         4910    .ARM.Collect$$libinit$$00000023  c_w.l(libinit2.o)
    0x080001c6   0x080001c6   0x00000000   Code   RO         4912    .ARM.Collect$$libinit$$00000025  c_w.l(libinit2.o)
    0x080001c6   0x080001c6   0x00000000   Code   RO         4916    .ARM.Collect$$libinit$$0000002C  c_w.l(libinit2.o)
    0x080001c6   0x080001c6   0x00000000   Code   RO         4918    .ARM.Collect$$libinit$$0000002E  c_w.l(libinit2.o)
    0x080001c6   0x080001c6   0x00000000   Code   RO         4920    .ARM.Collect$$libinit$$00000030  c_w.l(libinit2.o)
    0x080001c6   0x080001c6   0x00000000   Code   RO         4922    .ARM.Collect$$libinit$$00000032  c_w.l(libinit2.o)
    0x080001c6   0x080001c6   0x00000002   Code   RO         4923    .ARM.Collect$$libinit$$00000033  c_w.l(libinit2.o)
    0x080001c8   0x080001c8   0x00000002   Code   RO         4956    .ARM.Collect$$libshutdown$$00000000  c_w.l(libshutdown.o)
    0x080001ca   0x080001ca   0x00000000   Code   RO         4982    .ARM.Collect$$libshutdown$$00000002  c_w.l(libshutdown2.o)
    0x080001ca   0x080001ca   0x00000000   Code   RO         4984    .ARM.Collect$$libshutdown$$00000004  c_w.l(libshutdown2.o)
    0x080001ca   0x080001ca   0x00000000   Code   RO         4987    .ARM.Collect$$libshutdown$$00000007  c_w.l(libshutdown2.o)
    0x080001ca   0x080001ca   0x00000000   Code   RO         4990    .ARM.Collect$$libshutdown$$0000000A  c_w.l(libshutdown2.o)
    0x080001ca   0x080001ca   0x00000000   Code   RO         4992    .ARM.Collect$$libshutdown$$0000000C  c_w.l(libshutdown2.o)
    0x080001ca   0x080001ca   0x00000000   Code   RO         4995    .ARM.Collect$$libshutdown$$0000000F  c_w.l(libshutdown2.o)
    0x080001ca   0x080001ca   0x00000002   Code   RO         4996    .ARM.Collect$$libshutdown$$00000010  c_w.l(libshutdown2.o)
    0x080001cc   0x080001cc   0x00000000   Code   RO         4751    .ARM.Collect$$rtentry$$00000000  c_w.l(__rtentry.o)
    0x080001cc   0x080001cc   0x00000000   Code   RO         4827    .ARM.Collect$$rtentry$$00000002  c_w.l(__rtentry2.o)
    0x080001cc   0x080001cc   0x00000006   Code   RO         4839    .ARM.Collect$$rtentry$$00000004  c_w.l(__rtentry4.o)
    0x080001d2   0x080001d2   0x00000000   Code   RO         4829    .ARM.Collect$$rtentry$$00000009  c_w.l(__rtentry2.o)
    0x080001d2   0x080001d2   0x00000004   Code   RO         4830    .ARM.Collect$$rtentry$$0000000A  c_w.l(__rtentry2.o)
    0x080001d6   0x080001d6   0x00000000   Code   RO         4832    .ARM.Collect$$rtentry$$0000000C  c_w.l(__rtentry2.o)
    0x080001d6   0x080001d6   0x00000008   Code   RO         4833    .ARM.Collect$$rtentry$$0000000D  c_w.l(__rtentry2.o)
    0x080001de   0x080001de   0x00000002   Code   RO         4871    .ARM.Collect$$rtexit$$00000000  c_w.l(rtexit.o)
    0x080001e0   0x080001e0   0x00000000   Code   RO         4929    .ARM.Collect$$rtexit$$00000002  c_w.l(rtexit2.o)
    0x080001e0   0x080001e0   0x00000004   Code   RO         4930    .ARM.Collect$$rtexit$$00000003  c_w.l(rtexit2.o)
    0x080001e4   0x080001e4   0x00000006   Code   RO         4931    .ARM.Collect$$rtexit$$00000004  c_w.l(rtexit2.o)
    0x080001ea   0x080001ea   0x00000002   PAD
    0x080001ec   0x080001ec   0x00000040   Code   RO            4    .text               startup_stm32f105xc.o
    0x0800022c   0x0800022c   0x000000ee   Code   RO         4637    .text               c_w.l(lludivv7m.o)
    0x0800031a   0x0800031a   0x0000008a   Code   RO         4641    .text               c_w.l(rt_memcpy_v6.o)
    0x080003a4   0x080003a4   0x00000064   Code   RO         4643    .text               c_w.l(rt_memcpy_w.o)
    0x08000408   0x08000408   0x0000004e   Code   RO         4647    .text               c_w.l(rt_memclr_w.o)
    0x08000456   0x08000456   0x00000006   Code   RO         4649    .text               c_w.l(heapauxi.o)
    0x0800045c   0x0800045c   0x00000016   Code   RO         4756    .text               c_w.l(_rserrno.o)
    0x08000472   0x08000472   0x00000002   PAD
    0x08000474   0x08000474   0x00000008   Code   RO         4846    .text               c_w.l(rt_errno_addr_intlibspace.o)
    0x0800047c   0x0800047c   0x00000008   Code   RO         4852    .text               c_w.l(libspace.o)
    0x08000484   0x08000484   0x0000004a   Code   RO         4855    .text               c_w.l(sys_stackheap_outer.o)
    0x080004ce   0x080004ce   0x00000012   Code   RO         4857    .text               c_w.l(exit.o)
    0x080004e0   0x080004e0   0x0000000c   Code   RO         4926    .text               c_w.l(sys_exit.o)
    0x080004ec   0x080004ec   0x00000002   Code   RO         4945    .text               c_w.l(use_no_semi.o)
    0x080004ee   0x080004ee   0x00000000   Code   RO         4947    .text               c_w.l(indicate_semi.o)
    0x080004ee   0x080004ee   0x00000002   PAD
    0x080004f0   0x080004f0   0x00000084   Code   RO         3965    i.Alive_Tect        steering_wheel.o
    0x08000574   0x08000574   0x00000004   Code   RO          417    i.BusFault_Handler  stm32f1xx_it.o
    0x08000578   0x08000578   0x00000010   Code   RO          418    i.CAN1_RX0_IRQHandler  stm32f1xx_it.o
    0x08000588   0x08000588   0x00000010   Code   RO          419    i.CAN1_RX1_IRQHandler  stm32f1xx_it.o
    0x08000598   0x08000598   0x00000010   Code   RO          420    i.CAN2_RX0_IRQHandler  stm32f1xx_it.o
    0x080005a8   0x080005a8   0x00000010   Code   RO          421    i.CAN2_RX1_IRQHandler  stm32f1xx_it.o
    0x080005b8   0x080005b8   0x0000005c   Code   RO         4598    i.DMA1_Channel6_IRQHandler  refree.o
    0x08000614   0x08000614   0x00000010   Code   RO          422    i.DMA1_Channel7_IRQHandler  stm32f1xx_it.o
    0x08000624   0x08000624   0x0000002c   Code   RO         1253    i.DMA_SetConfig     stm32f1xx_hal_dma.o
    0x08000650   0x08000650   0x00000002   Code   RO          423    i.DebugMon_Handler  stm32f1xx_it.o
    0x08000652   0x08000652   0x00000006   Code   RO           13    i.Error_Handler     main.o
    0x08000658   0x08000658   0x00000050   Code   RO         3966    i.Filter            steering_wheel.o
    0x080006a8   0x080006a8   0x000004e0   Code   RO         3967    i.Filter_Fourier_Init  steering_wheel.o
    0x08000b88   0x08000b88   0x00000034   Code   RO         4542    i.Get_CRC16_Check_Sum  algorithmofcrc.o
    0x08000bbc   0x08000bbc   0x00000024   Code   RO         4543    i.Get_CRC8_Check_Sum  algorithmofcrc.o
    0x08000be0   0x08000be0   0x0000002a   Code   RO          611    i.HAL_CAN_ActivateNotification  stm32f1xx_hal_can.o
    0x08000c0a   0x08000c0a   0x0000014a   Code   RO          612    i.HAL_CAN_AddTxMessage  stm32f1xx_hal_can.o
    0x08000d54   0x08000d54   0x00000124   Code   RO          613    i.HAL_CAN_ConfigFilter  stm32f1xx_hal_can.o
    0x08000e78   0x08000e78   0x00000002   Code   RO          616    i.HAL_CAN_ErrorCallback  stm32f1xx_hal_can.o
    0x08000e7a   0x08000e7a   0x00000194   Code   RO          619    i.HAL_CAN_GetRxMessage  stm32f1xx_hal_can.o
    0x0800100e   0x0800100e   0x00000036   Code   RO          621    i.HAL_CAN_GetTxMailboxesFreeLevel  stm32f1xx_hal_can.o
    0x08001044   0x08001044   0x0000024e   Code   RO          623    i.HAL_CAN_IRQHandler  stm32f1xx_hal_can.o
    0x08001292   0x08001292   0x00000174   Code   RO          624    i.HAL_CAN_Init      stm32f1xx_hal_can.o
    0x08001406   0x08001406   0x00000002   PAD
    0x08001408   0x08001408   0x00000194   Code   RO          242    i.HAL_CAN_MspInit   can.o
    0x0800159c   0x0800159c   0x00000002   Code   RO          631    i.HAL_CAN_RxFifo0FullCallback  stm32f1xx_hal_can.o
    0x0800159e   0x0800159e   0x00000002   PAD
    0x080015a0   0x080015a0   0x000000f0   Code   RO         3492    i.HAL_CAN_RxFifo0MsgPendingCallback  can_bsp.o
    0x08001690   0x08001690   0x00000002   Code   RO          633    i.HAL_CAN_RxFifo1FullCallback  stm32f1xx_hal_can.o
    0x08001692   0x08001692   0x00000002   PAD
    0x08001694   0x08001694   0x0000007c   Code   RO         3493    i.HAL_CAN_RxFifo1MsgPendingCallback  can_bsp.o
    0x08001710   0x08001710   0x00000002   Code   RO          635    i.HAL_CAN_SleepCallback  stm32f1xx_hal_can.o
    0x08001712   0x08001712   0x0000005e   Code   RO          636    i.HAL_CAN_Start     stm32f1xx_hal_can.o
    0x08001770   0x08001770   0x00000002   Code   RO          638    i.HAL_CAN_TxMailbox0AbortCallback  stm32f1xx_hal_can.o
    0x08001772   0x08001772   0x00000002   Code   RO          639    i.HAL_CAN_TxMailbox0CompleteCallback  stm32f1xx_hal_can.o
    0x08001774   0x08001774   0x00000002   Code   RO          640    i.HAL_CAN_TxMailbox1AbortCallback  stm32f1xx_hal_can.o
    0x08001776   0x08001776   0x00000002   Code   RO          641    i.HAL_CAN_TxMailbox1CompleteCallback  stm32f1xx_hal_can.o
    0x08001778   0x08001778   0x00000002   Code   RO          642    i.HAL_CAN_TxMailbox2AbortCallback  stm32f1xx_hal_can.o
    0x0800177a   0x0800177a   0x00000002   Code   RO          643    i.HAL_CAN_TxMailbox2CompleteCallback  stm32f1xx_hal_can.o
    0x0800177c   0x0800177c   0x00000002   Code   RO          645    i.HAL_CAN_WakeUpFromRxMsgCallback  stm32f1xx_hal_can.o
    0x0800177e   0x0800177e   0x00000056   Code   RO         1254    i.HAL_DMA_Abort     stm32f1xx_hal_dma.o
    0x080017d4   0x080017d4   0x00000008   Code   RO         1258    i.HAL_DMA_GetState  stm32f1xx_hal_dma.o
    0x080017dc   0x080017dc   0x00000398   Code   RO         1259    i.HAL_DMA_IRQHandler  stm32f1xx_hal_dma.o
    0x08001b74   0x08001b74   0x0000008c   Code   RO         1260    i.HAL_DMA_Init      stm32f1xx_hal_dma.o
    0x08001c00   0x08001c00   0x0000009c   Code   RO         1264    i.HAL_DMA_Start_IT  stm32f1xx_hal_dma.o
    0x08001c9c   0x08001c9c   0x00000320   Code   RO         1190    i.HAL_GPIO_Init     stm32f1xx_hal_gpio.o
    0x08001fbc   0x08001fbc   0x0000000c   Code   RO         1194    i.HAL_GPIO_WritePin  stm32f1xx_hal_gpio.o
    0x08001fc8   0x08001fc8   0x0000000c   Code   RO          855    i.HAL_GetTick       stm32f1xx_hal.o
    0x08001fd4   0x08001fd4   0x00000018   Code   RO          861    i.HAL_IncTick       stm32f1xx_hal.o
    0x08001fec   0x08001fec   0x00000028   Code   RO          862    i.HAL_Init          stm32f1xx_hal.o
    0x08002014   0x08002014   0x0000004c   Code   RO          863    i.HAL_InitTick      stm32f1xx_hal.o
    0x08002060   0x08002060   0x00000054   Code   RO          550    i.HAL_MspInit       stm32f1xx_hal_msp.o
    0x080020b4   0x080020b4   0x00000020   Code   RO         1350    i.HAL_NVIC_EnableIRQ  stm32f1xx_hal_cortex.o
    0x080020d4   0x080020d4   0x0000007c   Code   RO         1356    i.HAL_NVIC_SetPriority  stm32f1xx_hal_cortex.o
    0x08002150   0x08002150   0x00000028   Code   RO         1357    i.HAL_NVIC_SetPriorityGrouping  stm32f1xx_hal_cortex.o
    0x08002178   0x08002178   0x0000018c   Code   RO         1019    i.HAL_RCC_ClockConfig  stm32f1xx_hal_rcc.o
    0x08002304   0x08002304   0x0000000c   Code   RO         1024    i.HAL_RCC_GetHCLKFreq  stm32f1xx_hal_rcc.o
    0x08002310   0x08002310   0x00000020   Code   RO         1026    i.HAL_RCC_GetPCLK1Freq  stm32f1xx_hal_rcc.o
    0x08002330   0x08002330   0x00000020   Code   RO         1027    i.HAL_RCC_GetPCLK2Freq  stm32f1xx_hal_rcc.o
    0x08002350   0x08002350   0x000000e8   Code   RO         1028    i.HAL_RCC_GetSysClockFreq  stm32f1xx_hal_rcc.o
    0x08002438   0x08002438   0x0000056c   Code   RO         1031    i.HAL_RCC_OscConfig  stm32f1xx_hal_rcc.o
    0x080029a4   0x080029a4   0x00000034   Code   RO         1361    i.HAL_SYSTICK_Config  stm32f1xx_hal_cortex.o
    0x080029d8   0x080029d8   0x00000002   Code   RO         2593    i.HAL_TIMEx_BreakCallback  stm32f1xx_hal_tim_ex.o
    0x080029da   0x080029da   0x00000002   Code   RO         2594    i.HAL_TIMEx_CommutCallback  stm32f1xx_hal_tim_ex.o
    0x080029dc   0x080029dc   0x00000074   Code   RO         2596    i.HAL_TIMEx_ConfigBreakDeadTime  stm32f1xx_hal_tim_ex.o
    0x08002a50   0x08002a50   0x00000090   Code   RO         2612    i.HAL_TIMEx_MasterConfigSynchronization  stm32f1xx_hal_tim_ex.o
    0x08002ae0   0x08002ae0   0x00000066   Code   RO         1878    i.HAL_TIM_Base_Init  stm32f1xx_hal_tim.o
    0x08002b46   0x08002b46   0x00000002   PAD
    0x08002b48   0x08002b48   0x000000b4   Code   RO          315    i.HAL_TIM_Base_MspInit  tim.o
    0x08002bfc   0x08002bfc   0x00000084   Code   RO         1883    i.HAL_TIM_Base_Start_IT  stm32f1xx_hal_tim.o
    0x08002c80   0x08002c80   0x0000010c   Code   RO         1887    i.HAL_TIM_ConfigClockSource  stm32f1xx_hal_tim.o
    0x08002d8c   0x08002d8c   0x00000002   Code   RO         1912    i.HAL_TIM_IC_CaptureCallback  stm32f1xx_hal_tim.o
    0x08002d8e   0x08002d8e   0x00000196   Code   RO         1926    i.HAL_TIM_IRQHandler  stm32f1xx_hal_tim.o
    0x08002f24   0x08002f24   0x00000058   Code   RO          316    i.HAL_TIM_MspPostInit  tim.o
    0x08002f7c   0x08002f7c   0x00000002   Code   RO         1929    i.HAL_TIM_OC_DelayElapsedCallback  stm32f1xx_hal_tim.o
    0x08002f7e   0x08002f7e   0x00000104   Code   RO         1950    i.HAL_TIM_PWM_ConfigChannel  stm32f1xx_hal_tim.o
    0x08003082   0x08003082   0x00000066   Code   RO         1953    i.HAL_TIM_PWM_Init  stm32f1xx_hal_tim.o
    0x080030e8   0x080030e8   0x00000002   Code   RO         1955    i.HAL_TIM_PWM_MspInit  stm32f1xx_hal_tim.o
    0x080030ea   0x080030ea   0x00000002   Code   RO         1956    i.HAL_TIM_PWM_PulseFinishedCallback  stm32f1xx_hal_tim.o
    0x080030ec   0x080030ec   0x000000e0   Code   RO         1958    i.HAL_TIM_PWM_Start  stm32f1xx_hal_tim.o
    0x080031cc   0x080031cc   0x0000009c   Code   RO         1961    i.HAL_TIM_PWM_Stop  stm32f1xx_hal_tim.o
    0x08003268   0x08003268   0x00000084   Code   RO         3270    i.HAL_TIM_PeriodElapsedCallback  task_scheduler.o
    0x080032ec   0x080032ec   0x00000002   Code   RO         1969    i.HAL_TIM_TriggerCallback  stm32f1xx_hal_tim.o
    0x080032ee   0x080032ee   0x00000002   Code   RO         2872    i.HAL_UARTEx_RxEventCallback  stm32f1xx_hal_uart.o
    0x080032f0   0x080032f0   0x0000008a   Code   RO         2884    i.HAL_UART_DMAStop  stm32f1xx_hal_uart.o
    0x0800337a   0x0800337a   0x00000002   Code   RO         2886    i.HAL_UART_ErrorCallback  stm32f1xx_hal_uart.o
    0x0800337c   0x0800337c   0x00000076   Code   RO         2890    i.HAL_UART_Init     stm32f1xx_hal_uart.o
    0x080033f2   0x080033f2   0x00000002   PAD
    0x080033f4   0x080033f4   0x00000100   Code   RO          375    i.HAL_UART_MspInit  usart.o
    0x080034f4   0x080034f4   0x0000002c   Code   RO         2894    i.HAL_UART_Receive_DMA  stm32f1xx_hal_uart.o
    0x08003520   0x08003520   0x00000002   Code   RO         2896    i.HAL_UART_RxCpltCallback  stm32f1xx_hal_uart.o
    0x08003522   0x08003522   0x00000002   Code   RO         2897    i.HAL_UART_RxHalfCpltCallback  stm32f1xx_hal_uart.o
    0x08003524   0x08003524   0x00000054   Code   RO          424    i.HardFault_Handler  stm32f1xx_it.o
    0x08003578   0x08003578   0x000001d0   Code   RO         4599    i.JudgeBuffReceive  refree.o
    0x08003748   0x08003748   0x0000002c   Code   RO         3606    i.M3508_Init        m3508.o
    0x08003774   0x08003774   0x000000e6   Code   RO         3375    i.M3508_command_transmit  m3508_bsp.o
    0x0800385a   0x0800385a   0x00000002   PAD
    0x0800385c   0x0800385c   0x00000028   Code   RO         3607    i.M3508_feedback_handler  m3508.o
    0x08003884   0x08003884   0x0000012a   Code   RO         3376    i.M3508_feedback_process  m3508_bsp.o
    0x080039ae   0x080039ae   0x00000002   PAD
    0x080039b0   0x080039b0   0x00000024   Code   RO         3377    i.M3508_from_lsb_to_position_deg  m3508_bsp.o
    0x080039d4   0x080039d4   0x00000048   Code   RO         3378    i.M3508_from_lsb_to_position_rad  m3508_bsp.o
    0x08003a1c   0x08003a1c   0x00000024   Code   RO         3379    i.M3508_from_lsb_to_torque_current  m3508_bsp.o
    0x08003a40   0x08003a40   0x00000028   Code   RO         3380    i.M3508_from_torque_current_to_torque  m3508_bsp.o
    0x08003a68   0x08003a68   0x00000016   Code   RO         3423    i.M3508_gear_command_transmit  m3508_gear_bsp.o
    0x08003a7e   0x08003a7e   0x00000024   Code   RO         3668    i.M3508_gear_feedback_handler  m3508_gear.o
    0x08003aa2   0x08003aa2   0x00000002   PAD
    0x08003aa4   0x08003aa4   0x000000ec   Code   RO         3424    i.M3508_gear_feedback_process  m3508_gear_bsp.o
    0x08003b90   0x08003b90   0x00000024   Code   RO         3670    i.M3508_gear_parameter_init  m3508_gear.o
    0x08003bb4   0x08003bb4   0x00000032   Code   RO         3671    i.M3508_gear_set_torque_current_lsb  m3508_gear.o
    0x08003be6   0x08003be6   0x00000002   PAD
    0x08003be8   0x08003be8   0x00000044   Code   RO         3610    i.M3508_set_single_motor_current  m3508.o
    0x08003c2c   0x08003c2c   0x00000044   Code   RO          243    i.MX_CAN1_Init      can.o
    0x08003c70   0x08003c70   0x00000044   Code   RO          244    i.MX_CAN2_Init      can.o
    0x08003cb4   0x08003cb4   0x00000044   Code   RO          290    i.MX_DMA_Init       dma.o
    0x08003cf8   0x08003cf8   0x0000008c   Code   RO          217    i.MX_GPIO_Init      gpio.o
    0x08003d84   0x08003d84   0x000000d8   Code   RO          317    i.MX_TIM1_Init      tim.o
    0x08003e5c   0x08003e5c   0x0000006c   Code   RO          318    i.MX_TIM2_Init      tim.o
    0x08003ec8   0x08003ec8   0x0000006c   Code   RO          319    i.MX_TIM3_Init      tim.o
    0x08003f34   0x08003f34   0x00000054   Code   RO          376    i.MX_USART2_UART_Init  usart.o
    0x08003f88   0x08003f88   0x0000006c   Code   RO         3969    i.Math_Sinc         steering_wheel.o
    0x08003ff4   0x08003ff4   0x00000004   Code   RO          425    i.MemManage_Handler  stm32f1xx_it.o
    0x08003ff8   0x08003ff8   0x0000009c   Code   RO         4145    i.My_atan           steering_communication.o
    0x08004094   0x08004094   0x00000004   Code   RO          426    i.NMI_Handler       stm32f1xx_it.o
    0x08004098   0x08004098   0x00000058   Code   RO         3812    i.PID_Controller    pid_regulator.o
    0x080040f0   0x080040f0   0x00000014   Code   RO         3821    i.PID_HandleInit    pid_regulator.o
    0x08004104   0x08004104   0x000000a4   Code   RO         3834    i.PI_Controller     pid_regulator.o
    0x080041a8   0x080041a8   0x00000002   Code   RO          427    i.PendSV_Handler    stm32f1xx_it.o
    0x080041aa   0x080041aa   0x00000002   PAD
    0x080041ac   0x080041ac   0x00000028   Code   RO         1032    i.RCC_Delay         stm32f1xx_hal_rcc.o
    0x080041d4   0x080041d4   0x00000002   Code   RO          428    i.SVC_Handler       stm32f1xx_it.o
    0x080041d6   0x080041d6   0x00000002   PAD
    0x080041d8   0x080041d8   0x00000028   Code   RO         3319    i.SW_control_task   sw_control_task.o
    0x08004200   0x08004200   0x00000040   Code   RO         3320    i.SW_control_task_init  sw_control_task.o
    0x08004240   0x08004240   0x00000080   Code   RO         4338    i.Sqrt              chassis_power_control.o
    0x080042c0   0x080042c0   0x00000024   Code   RO         3970    i.Steering_CheckHandleLegitimacy  steering_wheel.o
    0x080042e4   0x080042e4   0x00000014   Code   RO         4147    i.Steering_Communication_SubscribeList_Init  steering_communication.o
    0x080042f8   0x080042f8   0x00000028   Code   RO         3971    i.Steering_FindSteeringHandle_via_CANID  steering_wheel.o
    0x08004320   0x08004320   0x00000030   Code   RO         3972    i.Steering_HandleListAdd  steering_wheel.o
    0x08004350   0x08004350   0x00000040   Code   RO         3973    i.Steering_Wheel_CommandTransmit  steering_wheel.o
    0x08004390   0x08004390   0x00000014   Code   RO         3974    i.Steering_Wheel_CommandUpdate  steering_wheel.o
    0x080043a4   0x080043a4   0x000000fc   Code   RO         3975    i.Steering_Wheel_HandleInit  steering_wheel.o
    0x080044a0   0x080044a0   0x0000008c   Code   RO         3976    i.Steering_Wheel_MotorAndEncoderFeedbackUpdate  steering_wheel.o
    0x0800452c   0x0800452c   0x00000062   Code   RO         3977    i.Steering_Wheel_MotorAndEncoderStatusUpdate  steering_wheel.o
    0x0800458e   0x0800458e   0x00000002   PAD
    0x08004590   0x08004590   0x000001c8   Code   RO         3978    i.Steering_Wheel_MotorCommandUpdate  steering_wheel.o
    0x08004758   0x08004758   0x000000c2   Code   RO         3979    i.Steering_Wheel_PID_HandleInit  steering_wheel.o
    0x0800481a   0x0800481a   0x00000010   Code   RO         3980    i.Steering_Wheel_PartCommandUpdate  steering_wheel.o
    0x0800482a   0x0800482a   0x00000022   Code   RO         3981    i.Steering_Wheel_PartStatusUpdate  steering_wheel.o
    0x0800484c   0x0800484c   0x0000001e   Code   RO         3982    i.Steering_Wheel_SetProtocolArcMode  steering_wheel.o
    0x0800486a   0x0800486a   0x0000001e   Code   RO         3983    i.Steering_Wheel_SetProtocolDegMode  steering_wheel.o
    0x08004888   0x08004888   0x0000000a   Code   RO         3984    i.Steering_Wheel_SetProtocolPosition  steering_wheel.o
    0x08004892   0x08004892   0x0000000a   Code   RO         3985    i.Steering_Wheel_SetProtocolSpeed  steering_wheel.o
    0x0800489c   0x0800489c   0x00000026   Code   RO         3986    i.Steering_Wheel_StatusUpdate  steering_wheel.o
    0x080048c2   0x080048c2   0x00000008   Code   RO          429    i.SysTick_Handler   stm32f1xx_it.o
    0x080048ca   0x080048ca   0x00000002   PAD
    0x080048cc   0x080048cc   0x00000078   Code   RO           14    i.SystemClock_Config  main.o
    0x08004944   0x08004944   0x00000002   Code   RO         3234    i.SystemInit        system_stm32f1xx.o
    0x08004946   0x08004946   0x00000002   PAD
    0x08004948   0x08004948   0x00000010   Code   RO          430    i.TIM1_UP_IRQHandler  stm32f1xx_it.o
    0x08004958   0x08004958   0x00000010   Code   RO          431    i.TIM2_IRQHandler   stm32f1xx_it.o
    0x08004968   0x08004968   0x00000010   Code   RO          432    i.TIM3_IRQHandler   stm32f1xx_it.o
    0x08004978   0x08004978   0x00000084   Code   RO         1971    i.TIM_Base_SetConfig  stm32f1xx_hal_tim.o
    0x080049fc   0x080049fc   0x00000022   Code   RO         1972    i.TIM_CCxChannelCmd  stm32f1xx_hal_tim.o
    0x08004a1e   0x08004a1e   0x00000016   Code   RO         1982    i.TIM_ETR_SetConfig  stm32f1xx_hal_tim.o
    0x08004a34   0x08004a34   0x00000012   Code   RO         1983    i.TIM_ITRx_SetConfig  stm32f1xx_hal_tim.o
    0x08004a46   0x08004a46   0x00000002   PAD
    0x08004a48   0x08004a48   0x00000060   Code   RO         1984    i.TIM_OC1_SetConfig  stm32f1xx_hal_tim.o
    0x08004aa8   0x08004aa8   0x00000068   Code   RO         1985    i.TIM_OC2_SetConfig  stm32f1xx_hal_tim.o
    0x08004b10   0x08004b10   0x00000068   Code   RO         1986    i.TIM_OC3_SetConfig  stm32f1xx_hal_tim.o
    0x08004b78   0x08004b78   0x00000048   Code   RO         1987    i.TIM_OC4_SetConfig  stm32f1xx_hal_tim.o
    0x08004bc0   0x08004bc0   0x00000026   Code   RO         1989    i.TIM_TI1_ConfigInputStage  stm32f1xx_hal_tim.o
    0x08004be6   0x08004be6   0x00000028   Code   RO         1991    i.TIM_TI2_ConfigInputStage  stm32f1xx_hal_tim.o
    0x08004c0e   0x08004c0e   0x00000050   Code   RO         2904    i.UART_DMAError     stm32f1xx_hal_uart.o
    0x08004c5e   0x08004c5e   0x000000b4   Code   RO         2905    i.UART_DMAReceiveCplt  stm32f1xx_hal_uart.o
    0x08004d12   0x08004d12   0x00000024   Code   RO         2907    i.UART_DMARxHalfCplt  stm32f1xx_hal_uart.o
    0x08004d36   0x08004d36   0x0000006c   Code   RO         2913    i.UART_EndRxTransfer  stm32f1xx_hal_uart.o
    0x08004da2   0x08004da2   0x00000026   Code   RO         2915    i.UART_EndTxTransfer  stm32f1xx_hal_uart.o
    0x08004dc8   0x08004dc8   0x000000fc   Code   RO         2917    i.UART_SetConfig    stm32f1xx_hal_uart.o
    0x08004ec4   0x08004ec4   0x000000c8   Code   RO         2918    i.UART_Start_Receive_DMA  stm32f1xx_hal_uart.o
    0x08004f8c   0x08004f8c   0x00000004   Code   RO          433    i.UsageFault_Handler  stm32f1xx_it.o
    0x08004f90   0x08004f90   0x00000040   Code   RO         4544    i.Verify_CRC16_Check_Sum  algorithmofcrc.o
    0x08004fd0   0x08004fd0   0x0000002e   Code   RO         4545    i.Verify_CRC8_Check_Sum  algorithmofcrc.o
    0x08004ffe   0x08004ffe   0x00000028   Code   RO         4802    i.__ARM_fpclassify  m_ws.l(fpclassify.o)
    0x08005026   0x08005026   0x00000002   PAD
    0x08005028   0x08005028   0x00000010   Code   RO         1363    i.__NVIC_GetPriorityGrouping  stm32f1xx_hal_cortex.o
    0x08005038   0x08005038   0x00000028   Code   RO         1364    i.__NVIC_SetPriority  stm32f1xx_hal_cortex.o
    0x08005060   0x08005060   0x00000388   Code   RO         4807    i.__ieee754_rem_pio2  m_ws.l(rred.o)
    0x080053e8   0x080053e8   0x000000fc   Code   RO         4785    i.__kernel_cos      m_ws.l(cos_i.o)
    0x080054e4   0x080054e4   0x000000aa   Code   RO         4804    i.__kernel_poly     m_ws.l(poly.o)
    0x0800558e   0x0800558e   0x00000002   PAD
    0x08005590   0x08005590   0x000000ec   Code   RO         4812    i.__kernel_sin      m_ws.l(sin_i.o)
    0x0800567c   0x0800567c   0x00000006   Code   RO         4789    i.__mathlib_dbl_infnan  m_ws.l(dunder.o)
    0x08005682   0x08005682   0x00000004   Code   RO         4790    i.__mathlib_dbl_infnan2  m_ws.l(dunder.o)
    0x08005686   0x08005686   0x0000000c   Code   RO         4791    i.__mathlib_dbl_invalid  m_ws.l(dunder.o)
    0x08005692   0x08005692   0x00000002   PAD
    0x08005694   0x08005694   0x00000010   Code   RO         4794    i.__mathlib_dbl_underflow  m_ws.l(dunder.o)
    0x080056a4   0x080056a4   0x00000220   Code   RO         4776    i.atan              m_ws.l(atan.o)
    0x080058c4   0x080058c4   0x00000180   Code   RO         4718    i.atan2             m_ws.l(atan2.o)
    0x08005a44   0x08005a44   0x00000030   Code   RO         3707    i.briter_encoder_Init  briter_encoder.o
    0x08005a74   0x08005a74   0x0000001c   Code   RO         3444    i.briter_encoder_command_transmit  briter_encoder_bsp.o
    0x08005a90   0x08005a90   0x00000016   Code   RO         3708    i.briter_encoder_feedback_handler  briter_encoder.o
    0x08005aa6   0x08005aa6   0x00000032   Code   RO         3445    i.briter_encoder_feedback_process  briter_encoder_bsp.o
    0x08005ad8   0x08005ad8   0x00000016   Code   RO         3709    i.briter_encoder_parameter_init  briter_encoder.o
    0x08005aee   0x08005aee   0x00000002   PAD
    0x08005af0   0x08005af0   0x00000030   Code   RO         3710    i.briter_encoder_request_tatal_angle  briter_encoder.o
    0x08005b20   0x08005b20   0x00000034   Code   RO         4436    i.buzzer_handleInit  buzzer.o
    0x08005b54   0x08005b54   0x0000004c   Code   RO         4437    i.buzzer_init_example  buzzer.o
    0x08005ba0   0x08005ba0   0x00000014   Code   RO          434    i.buzzer_on         stm32f1xx_it.o
    0x08005bb4   0x08005bb4   0x00000012   Code   RO         4444    i.buzzer_setTask    buzzer.o
    0x08005bc6   0x08005bc6   0x00000002   PAD
    0x08005bc8   0x08005bc8   0x0000021c   Code   RO         4339    i.calculate_torque_current_according_to_scaled_power  chassis_power_control.o
    0x08005de4   0x08005de4   0x00000054   Code   RO         4340    i.calculate_total_power  chassis_power_control.o
    0x08005e38   0x08005e38   0x0000002c   Code   RO         4341    i.calculate_true_power  chassis_power_control.o
    0x08005e64   0x08005e64   0x000000c2   Code   RO         3494    i.can_filter_set    can_bsp.o
    0x08005f26   0x08005f26   0x00000002   PAD
    0x08005f28   0x08005f28   0x000001f0   Code   RO         4342    i.expert_power_calculate  chassis_power_control.o
    0x08006118   0x08006118   0x0000001a   Code   RO         4343    i.limit_power_data_unpack  chassis_power_control.o
    0x08006132   0x08006132   0x00000002   PAD
    0x08006134   0x08006134   0x00000090   Code   RO           16    i.main              main.o
    0x080061c4   0x080061c4   0x000000a8   Code   RO         3496    i.platform_filtter_config_setting  can_bsp.o
    0x0800626c   0x0800626c   0x0000000c   Code   RO         4446    i.platform_getMsTick  buzzer.o
    0x08006278   0x08006278   0x00000060   Code   RO         4447    i.platform_setFreq  buzzer.o
    0x080062d8   0x080062d8   0x00000038   Code   RO         4448    i.platform_setSwitch  buzzer.o
    0x08006310   0x08006310   0x00000024   Code   RO         3612    i.platform_trans    m3508.o
    0x08006334   0x08006334   0x00000024   Code   RO         3720    i.platform_trans    briter_encoder.o
    0x08006358   0x08006358   0x00000030   Code   RO         4148    i.platform_trans    steering_communication.o
    0x08006388   0x08006388   0x00000016   Code   RO         4345    i.sign              chassis_power_control.o
    0x0800639e   0x0800639e   0x00000002   PAD
    0x080063a0   0x080063a0   0x000000a0   Code   RO         4736    i.sin               m_ws.l(sin.o)
    0x08006440   0x08006440   0x0000002c   Code   RO         4744    i.sqrtf             m_ws.l(sqrtf.o)
    0x0800646c   0x0800646c   0x000000d0   Code   RO         4149    i.steering_communication_ADD_SUBSCRIBE_VALUE_handler  steering_communication.o
    0x0800653c   0x0800653c   0x0000003c   Code   RO         4150    i.steering_communication_CHECK_SUBSCRIBE_LIST_handler  steering_communication.o
    0x08006578   0x08006578   0x00000084   Code   RO         4151    i.steering_communication_DELETE_SUBSCRIBED_VALUE_handler  steering_communication.o
    0x080065fc   0x080065fc   0x000000e0   Code   RO         4152    i.steering_communication_GET_PID_PARAMETER_handler  steering_communication.o
    0x080066dc   0x080066dc   0x00000098   Code   RO         4153    i.steering_communication_GET_PID_PARAMETER_term_handler  steering_communication.o
    0x08006774   0x08006774   0x00000042   Code   RO         4154    i.steering_communication_SET_DISABLE_OPERATION_MODE_handler  steering_communication.o
    0x080067b6   0x080067b6   0x00000042   Code   RO         4155    i.steering_communication_SET_ENABLE_OPERATION_MODE_handler  steering_communication.o
    0x080067f8   0x080067f8   0x00000090   Code   RO         4156    i.steering_communication_SET_PID_PARAMETER_handler  steering_communication.o
    0x08006888   0x08006888   0x00000056   Code   RO         4157    i.steering_communication_SET_PID_PARAMETER_term_handler  steering_communication.o
    0x080068de   0x080068de   0x00000002   PAD
    0x080068e0   0x080068e0   0x00000060   Code   RO         4158    i.steering_communication_SET_VELOCITY_VECTOR_handler  steering_communication.o
    0x08006940   0x08006940   0x00000020   Code   RO         4159    i.steering_communication_SubscirbeList_CheckAvailable  steering_communication.o
    0x08006960   0x08006960   0x00000024   Code   RO         4160    i.steering_communication_SubscirbeList_CheckRepeatability  steering_communication.o
    0x08006984   0x08006984   0x00000034   Code   RO         4162    i.steering_communication_SubscribeList_TryDelete  steering_communication.o
    0x080069b8   0x080069b8   0x00000092   Code   RO         4163    i.steering_communication_SubscribeList_TryIncert  steering_communication.o
    0x08006a4a   0x08006a4a   0x00000030   Code   RO         4164    i.steering_communication_Subscribe_GetValueAdd  steering_communication.o
    0x08006a7a   0x08006a7a   0x00000002   PAD
    0x08006a7c   0x08006a7c   0x00000038   Code   RO         4165    i.steering_communication_init  steering_communication.o
    0x08006ab4   0x08006ab4   0x00000024   Code   RO         3544    i.steering_communication_receive_unpack  steering_communication_bsp.o
    0x08006ad8   0x08006ad8   0x00000204   Code   RO         4168    i.steering_communication_rx_handler  steering_communication.o
    0x08006cdc   0x08006cdc   0x00000024   Code   RO         3545    i.steering_communication_transmit  steering_communication_bsp.o
    0x08006d00   0x08006d00   0x000000f0   Code   RO         4170    i.steering_wheel_dataprocess  steering_communication.o
    0x08006df0   0x08006df0   0x00000010   Code   RO         4171    i.steering_wheel_feedback_handler  steering_communication.o
    0x08006e00   0x08006e00   0x0000001c   Code   RO         4346    i.wheel_data_init   chassis_power_control.o
    0x08006e1c   0x08006e1c   0x00000020   Code   RO         4347    i.wheel_data_pack   chassis_power_control.o
    0x08006e3c   0x08006e3c   0x00000028   Code   RO         4348    i.wheel_data_send   chassis_power_control.o
    0x08006e64   0x08006e64   0x0000000c   Code   RO         4349    i.wheel_data_unpack  chassis_power_control.o
    0x08006e70   0x08006e70   0x00000062   Code   RO         4653    x$fpl$d2f           fz_ws.l(d2f.o)
    0x08006ed2   0x08006ed2   0x00000002   PAD
    0x08006ed4   0x08006ed4   0x00000150   Code   RO         4655    x$fpl$dadd          fz_ws.l(daddsub_clz.o)
    0x08007024   0x08007024   0x00000010   Code   RO         4848    x$fpl$dcheck1       fz_ws.l(dcheck1.o)
    0x08007034   0x08007034   0x00000018   Code   RO         4758    x$fpl$dcmpinf       fz_ws.l(dcmpi.o)
    0x0800704c   0x0800704c   0x000002b0   Code   RO         4662    x$fpl$ddiv          fz_ws.l(ddiv.o)
    0x080072fc   0x080072fc   0x00000078   Code   RO         4665    x$fpl$deqf          fz_ws.l(deqf.o)
    0x08007374   0x08007374   0x0000005e   Code   RO         4667    x$fpl$dfix          fz_ws.l(dfix.o)
    0x080073d2   0x080073d2   0x0000002e   Code   RO         4672    x$fpl$dflt          fz_ws.l(dflt_clz.o)
    0x08007400   0x08007400   0x00000026   Code   RO         4671    x$fpl$dfltu         fz_ws.l(dflt_clz.o)
    0x08007426   0x08007426   0x00000002   PAD
    0x08007428   0x08007428   0x00000078   Code   RO         4677    x$fpl$dleqf         fz_ws.l(dleqf.o)
    0x080074a0   0x080074a0   0x00000154   Code   RO         4679    x$fpl$dmul          fz_ws.l(dmul.o)
    0x080075f4   0x080075f4   0x0000009c   Code   RO         4760    x$fpl$dnaninf       fz_ws.l(dnaninf.o)
    0x08007690   0x08007690   0x0000000c   Code   RO         4762    x$fpl$dretinf       fz_ws.l(dretinf.o)
    0x0800769c   0x0800769c   0x0000006c   Code   RO         4681    x$fpl$drleqf        fz_ws.l(drleqf.o)
    0x08007708   0x08007708   0x00000016   Code   RO         4656    x$fpl$drsb          fz_ws.l(daddsub_clz.o)
    0x0800771e   0x0800771e   0x00000002   PAD
    0x08007720   0x08007720   0x000001d4   Code   RO         4657    x$fpl$dsub          fz_ws.l(daddsub_clz.o)
    0x080078f4   0x080078f4   0x00000056   Code   RO         4683    x$fpl$f2d           fz_ws.l(f2d.o)
    0x0800794a   0x0800794a   0x00000002   PAD
    0x0800794c   0x0800794c   0x000000c4   Code   RO         4685    x$fpl$fadd          fz_ws.l(faddsub_clz.o)
    0x08007a10   0x08007a10   0x00000018   Code   RO         4764    x$fpl$fcmpinf       fz_ws.l(fcmpi.o)
    0x08007a28   0x08007a28   0x00000184   Code   RO         4692    x$fpl$fdiv          fz_ws.l(fdiv.o)
    0x08007bac   0x08007bac   0x00000068   Code   RO         4695    x$fpl$feqf          fz_ws.l(feqf.o)
    0x08007c14   0x08007c14   0x00000036   Code   RO         4697    x$fpl$ffix          fz_ws.l(ffix.o)
    0x08007c4a   0x08007c4a   0x00000002   PAD
    0x08007c4c   0x08007c4c   0x0000003e   Code   RO         4701    x$fpl$ffixu         fz_ws.l(ffixu.o)
    0x08007c8a   0x08007c8a   0x00000002   PAD
    0x08007c8c   0x08007c8c   0x00000030   Code   RO         4706    x$fpl$fflt          fz_ws.l(fflt_clz.o)
    0x08007cbc   0x08007cbc   0x00000026   Code   RO         4705    x$fpl$ffltu         fz_ws.l(fflt_clz.o)
    0x08007ce2   0x08007ce2   0x00000002   PAD
    0x08007ce4   0x08007ce4   0x00000068   Code   RO         4711    x$fpl$fleqf         fz_ws.l(fleqf.o)
    0x08007d4c   0x08007d4c   0x00000102   Code   RO         4713    x$fpl$fmul          fz_ws.l(fmul.o)
    0x08007e4e   0x08007e4e   0x0000008c   Code   RO         4766    x$fpl$fnaninf       fz_ws.l(fnaninf.o)
    0x08007eda   0x08007eda   0x0000000a   Code   RO         4768    x$fpl$fretinf       fz_ws.l(fretinf.o)
    0x08007ee4   0x08007ee4   0x00000062   Code   RO         4715    x$fpl$frleqf        fz_ws.l(frleqf.o)
    0x08007f46   0x08007f46   0x00000014   Code   RO         4686    x$fpl$frsb          fz_ws.l(faddsub_clz.o)
    0x08007f5a   0x08007f5a   0x00000002   PAD
    0x08007f5c   0x08007f5c   0x00000110   Code   RO         4770    x$fpl$fsqrt         fz_ws.l(fsqrt.o)
    0x0800806c   0x0800806c   0x000000ea   Code   RO         4687    x$fpl$fsub          fz_ws.l(faddsub_clz.o)
    0x08008156   0x08008156   0x00000064   Code   RO         4869    x$fpl$retnan        fz_ws.l(retnan.o)
    0x080081ba   0x080081ba   0x0000005c   Code   RO         4772    x$fpl$scalbn        fz_ws.l(scalbn.o)
    0x08008216   0x08008216   0x00000030   Code   RO         4924    x$fpl$trapveneer    fz_ws.l(trapv.o)
    0x08008246   0x08008246   0x00000000   Code   RO         4774    x$fpl$usenofp       fz_ws.l(usenofp.o)
    0x08008246   0x08008246   0x0000001e   Data   RO         1033    .constdata          stm32f1xx_hal_rcc.o
    0x08008264   0x08008264   0x00000018   Data   RO         3235    .constdata          system_stm32f1xx.o
    0x0800827c   0x0800827c   0x00000302   Data   RO         4546    .constdata          algorithmofcrc.o
    0x0800857e   0x0800857e   0x00000002   PAD
    0x08008580   0x08008580   0x00000098   Data   RO         4777    .constdata          m_ws.l(atan.o)
    0x08008618   0x08008618   0x00000030   Data   RO         4786    .constdata          m_ws.l(cos_i.o)
    0x08008648   0x08008648   0x00000008   Data   RO         4806    .constdata          m_ws.l(qnan.o)
    0x08008650   0x08008650   0x000000c8   Data   RO         4809    .constdata          m_ws.l(rred.o)
    0x08008718   0x08008718   0x00000028   Data   RO         4813    .constdata          m_ws.l(sin_i.o)
    0x08008740   0x08008740   0x00000020   Data   RO         4997    Region$$Table       anon$$obj.o


    Execution Region RW_IRAM1 (Exec base: 0x20000000, Load base: 0x08008760, Size: 0x00001678, Max: 0x00010000, ABSOLUTE)

    Exec Addr    Load Addr    Size         Type   Attr      Idx    E Section Name        Object

    0x20000000   0x08008760   0x00000004   Data   RW          246    .data               can.o
    0x20000004   0x08008764   0x00000009   Data   RW          869    .data               stm32f1xx_hal.o
    0x2000000d   0x0800876d   0x00000003   PAD
    0x20000010   0x08008770   0x00000004   Data   RW         3236    .data               system_stm32f1xx.o
    0x20000014   0x08008774   0x00000010   Data   RW         3273    .data               task_scheduler.o
    0x20000024   0x08008784   0x00000004   Data   RW         3497    .data               can_bsp.o
    0x20000028   0x08008788   0x0000000c   Data   RW         3614    .data               m3508.o
    0x20000034   0x08008794   0x0000000c   Data   RW         3722    .data               briter_encoder.o
    0x20000040   0x080087a0   0x0000000c   Data   RW         3988    .data               steering_wheel.o
    0x2000004c   0x080087ac   0x0000000f   Data   RW         4173    .data               steering_communication.o
    0x2000005b   0x080087bb   0x00000001   PAD
    0x2000005c   0x080087bc   0x00000002   Data   RW         4547    .data               algorithmofcrc.o
    0x2000005e   0x080087be   0x00000002   PAD
    0x20000060   0x080087c0   0x00000028   Data   RW         4601    .data               refree.o
    0x20000088        -       0x00000050   Zero   RW          245    .bss                can.o
    0x200000d8        -       0x000000d8   Zero   RW          320    .bss                tim.o
    0x200001b0        -       0x0000012c   Zero   RW          377    .bss                usart.o
    0x200002dc        -       0x00000274   Zero   RW         3322    .bss                sw_control_task.o
    0x20000550        -       0x00000338   Zero   RW         3613    .bss                m3508.o
    0x20000888        -       0x00000048   Zero   RW         3721    .bss                briter_encoder.o
    0x200008d0        -       0x00000434   Zero   RW         3987    .bss                steering_wheel.o
    0x20000d04        -       0x00000178   Zero   RW         4172    .bss                steering_communication.o
    0x20000e7c        -       0x000000c0   Zero   RW         4350    .bss                chassis_power_control.o
    0x20000f3c        -       0x00000024   Zero   RW         4449    .bss                buzzer.o
    0x20000f60        -       0x000000b5   Zero   RW         4600    .bss                refree.o
    0x20001015   0x080087e8   0x00000003   PAD
    0x20001018        -       0x00000060   Zero   RW         4853    .bss                c_w.l(libspace.o)
    0x20001078        -       0x00000200   Zero   RW            2    HEAP                startup_stm32f105xc.o
    0x20001278        -       0x00000400   Zero   RW            1    STACK               startup_stm32f105xc.o


==============================================================================

Image component sizes


      Code (inc. data)   RO Data    RW Data    ZI Data      Debug   Object Name

       198         16        770          2          0       3413   algorithmofcrc.o
       176         32          0         12         72       3629   briter_encoder.o
        78          0          0          0          0       4000   briter_encoder_bsp.o
       310         28          0          0         36       6032   buzzer.o
       540         40          0          4         80       2374   can.o
       726         64          0          4          0       3958   can_bsp.o
      1452        110          0          0        192       8712   chassis_power_control.o
        68          4          0          0          0        718   dma.o
       140         10          0          0          0        871   gpio.o
       188         32          0         12        824       3425   m3508.o
       712         34          0          0          0       5345   m3508_bsp.o
       122          0          0          0          0       1982   m3508_gear.o
       258          8          0          0          0       2452   m3508_gear_bsp.o
       270         26          0          0          0     625280   main.o
       272          6          0          0          0       3114   pid_regulator.o
       556         44          0         40        181       3164   refree.o
        64         26        336          0       1536        796   startup_stm32f105xc.o
      2600        102          0         15        376      24598   steering_communication.o
        72          0          0          0          0       3190   steering_communication_bsp.o
      3084        110          0         12       1076      20357   steering_wheel.o
       152         32          0          9          0       6253   stm32f1xx_hal.o
      2200          6          0          0          0      13529   stm32f1xx_hal_can.o
       304         22          0          0          0      29311   stm32f1xx_hal_cortex.o
      1354         18          0          0          0       4902   stm32f1xx_hal_dma.o
       812         34          0          0          0       2628   stm32f1xx_hal_gpio.o
        84          8          0          0          0        866   stm32f1xx_hal_msp.o
      2132        100         30          0          0       6128   stm32f1xx_hal_rcc.o
      2320         76          0          0          0      15979   stm32f1xx_hal_tim.o
       264         18          0          0          0       3145   stm32f1xx_hal_tim_ex.o
      1202         18          0          0          0       9509   stm32f1xx_hal_uart.o
       262         58          0          0          0       7954   stm32f1xx_it.o
       104         18          0          0        628       5334   sw_control_task.o
         2          0         24          4          0       1071   system_stm32f1xx.o
       132         20          0         16          0       2582   task_scheduler.o
       700         50          0          0        216       3654   tim.o
       340         38          0          0        300       1927   usart.o

    ----------------------------------------------------------------------
     24294       1208       1194        136       5520     842182   Object Totals
         0          0         32          0          0          0   (incl. Generated)
        44          0          2          6          3          0   (incl. Padding)

    ----------------------------------------------------------------------

      Code (inc. data)   RO Data    RW Data    ZI Data      Debug   Library Member Name

         8          0          0          0          0         68   __main.o
         0          0          0          0          0          0   __rtentry.o
        12          0          0          0          0          0   __rtentry2.o
         6          0          0          0          0          0   __rtentry4.o
        52          8          0          0          0          0   __scatter.o
        26          0          0          0          0          0   __scatter_copy.o
        28          0          0          0          0          0   __scatter_zi.o
        22          0          0          0          0        100   _rserrno.o
        18          0          0          0          0         80   exit.o
         6          0          0          0          0        152   heapauxi.o
         0          0          0          0          0          0   indicate_semi.o
         2          0          0          0          0          0   libinit.o
         2          0          0          0          0          0   libinit2.o
         2          0          0          0          0          0   libshutdown.o
         2          0          0          0          0          0   libshutdown2.o
         8          4          0          0         96         68   libspace.o
       238          0          0          0          0        100   lludivv7m.o
         8          4          0          0          0         68   rt_errno_addr_intlibspace.o
        78          0          0          0          0         80   rt_memclr_w.o
       138          0          0          0          0         68   rt_memcpy_v6.o
       100          0          0          0          0         80   rt_memcpy_w.o
         2          0          0          0          0          0   rtexit.o
        10          0          0          0          0          0   rtexit2.o
        12          4          0          0          0         68   sys_exit.o
        74          0          0          0          0         80   sys_stackheap_outer.o
         2          0          0          0          0         68   use_no_semi.o
        98          4          0          0          0         92   d2f.o
       826         16          0          0          0        348   daddsub_clz.o
        16          4          0          0          0         68   dcheck1.o
        24          0          0          0          0         68   dcmpi.o
       688        140          0          0          0        208   ddiv.o
       120          4          0          0          0         92   deqf.o
        94          4          0          0          0         92   dfix.o
        84          0          0          0          0        136   dflt_clz.o
       120          4          0          0          0         92   dleqf.o
       340         12          0          0          0        104   dmul.o
       156          4          0          0          0         92   dnaninf.o
        12          0          0          0          0         68   dretinf.o
       108          0          0          0          0         80   drleqf.o
        86          4          0          0          0         84   f2d.o
       450          8          0          0          0        236   faddsub_clz.o
        24          0          0          0          0         68   fcmpi.o
       388         76          0          0          0         96   fdiv.o
       104          4          0          0          0         84   feqf.o
        54          4          0          0          0         84   ffix.o
        62          4          0          0          0         84   ffixu.o
        86          0          0          0          0        136   fflt_clz.o
       104          4          0          0          0         84   fleqf.o
       258          4          0          0          0         84   fmul.o
       140          4          0          0          0         84   fnaninf.o
        10          0          0          0          0         68   fretinf.o
        98          0          0          0          0         68   frleqf.o
       272        100          0          0          0         88   fsqrt.o
       100          0          0          0          0         68   retnan.o
        92          0          0          0          0         68   scalbn.o
        48          0          0          0          0         68   trapv.o
         0          0          0          0          0          0   usenofp.o
       544         70        152          0          0        124   atan.o
       384         38          0          0          0        144   atan2.o
       252         22         48          0          0        124   cos_i.o
        38          6          0          0          0        272   dunder.o
        40          0          0          0          0         68   fpclassify.o
       170          0          0          0          0         96   poly.o
         0          0          8          0          0          0   qnan.o
       904         76        200          0          0        140   rred.o
       160         10          0          0          0        108   sin.o
       236         12         40          0          0        128   sin_i.o
        44          0          0          0          0         80   sqrtf.o

    ----------------------------------------------------------------------
      8720        658        448          0         96       5456   Library Totals
        30          0          0          0          0          0   (incl. Padding)

    ----------------------------------------------------------------------

      Code (inc. data)   RO Data    RW Data    ZI Data      Debug   Library Name

       856         20          0          0         96       1080   c_w.l
      5062        404          0          0          0       3092   fz_ws.l
      2772        234        448          0          0       1284   m_ws.l

    ----------------------------------------------------------------------
      8720        658        448          0         96       5456   Library Totals

    ----------------------------------------------------------------------

==============================================================================


      Code (inc. data)   RO Data    RW Data    ZI Data      Debug   

     33014       1866       1642        136       5616     833490   Grand Totals
     33014       1866       1642        136       5616     833490   ELF Image Totals
     33014       1866       1642        136          0          0   ROM Totals

==============================================================================

    Total RO  Size (Code + RO Data)                34656 (  33.84kB)
    Total RW  Size (RW Data + ZI Data)              5752 (   5.62kB)
    Total ROM Size (Code + RO Data + RW Data)      34792 (  33.98kB)

==============================================================================

